
> tutorconnect-backend@0.0.1 test:e2e
> jest --config ./test/jest-e2e.json

node.exe : [31m[Nest] 6940  - [39m17/02/2026, 10:27:05 p. m. [31m  
ERROR[39m [38;5;3m[HttpExceptionFilter] [39m[31mPOST /users[39m
En línea: 1 Carácter: 1
+ & "C:\Program Files\nodejs/node.exe" "C:\Program Files\nodejs/node_mo ...
+ ~~~~~~~~~~~~~~~~~~~~~~~~~~~~~~~~~~~~~~~~~~~~~~~~~~~~~~~~~~~~~~~~~~~~~
    + CategoryInfo          : NotSpecified: ([31m[Nest] 694...OST /users[39m 
   :String) [], RemoteException
    + FullyQualifiedErrorId : NativeCommandError
 
BadRequestException: Bad Request Exception
    at ValidationPipe.exceptionFactory (C:\Users\camil\Documents\IETI\TutorConn
ect-Backend\node_modules\@nestjs\common\pipes\validation.pipe.js:112:20)
    at ValidationPipe.transform (C:\Users\camil\Documents\IETI\TutorConnect-Bac
kend\node_modules\@nestjs\common\pipes\validation.pipe.js:79:30)
    at processTicksAndRejections (node:internal/process/task_queues:103:5)
    at resolveParamValue (C:\Users\camil\Documents\IETI\TutorConnect-Backend\no
de_modules\@nestjs\core\router\router-execution-context.js:148:23)
    at async Promise.all (index 0)
    at pipesFn (C:\Users\camil\Documents\IETI\TutorConnect-Backend\node_modules
\@nestjs\core\router\router-execution-context.js:151:13)
    at C:\Users\camil\Documents\IETI\TutorConnect-Backend\node_modules\@nestjs\
core\router\router-execution-context.js:37:30
    at C:\Users\camil\Documents\IETI\TutorConnect-Backend\node_modules\@nestjs\
core\router\router-execution-context.js:46:28
    at C:\Users\camil\Documents\IETI\TutorConnect-Backend\node_modules\@nestjs\
core\router\router-proxy.js:9:17
[31m[Nest] 6940  - [39m17/02/2026, 10:27:05 p. m. [31m  ERROR[39m 
[38;5;3m[HttpExceptionFilter] [39m[31mPOST /users[39m
BadRequestException: Bad Request Exception
    at ValidationPipe.exceptionFactory (C:\Users\camil\Documents\IETI\TutorConn
ect-Backend\node_modules\@nestjs\common\pipes\validation.pipe.js:112:20)
    at ValidationPipe.transform (C:\Users\camil\Documents\IETI\TutorConnect-Bac
kend\node_modules\@nestjs\common\pipes\validation.pipe.js:79:30)
    at processTicksAndRejections (node:internal/process/task_queues:103:5)
    at resolveParamValue (C:\Users\camil\Documents\IETI\TutorConnect-Backend\no
de_modules\@nestjs\core\router\router-execution-context.js:148:23)
    at async Promise.all (index 0)
    at pipesFn (C:\Users\camil\Documents\IETI\TutorConnect-Backend\node_modules
\@nestjs\core\router\router-execution-context.js:151:13)
    at C:\Users\camil\Documents\IETI\TutorConnect-Backend\node_modules\@nestjs\
core\router\router-execution-context.js:37:30
    at C:\Users\camil\Documents\IETI\TutorConnect-Backend\node_modules\@nestjs\
core\router\router-execution-context.js:46:28
    at C:\Users\camil\Documents\IETI\TutorConnect-Backend\node_modules\@nestjs\
core\router\router-proxy.js:9:17
[31m[Nest] 6940  - [39m17/02/2026, 10:27:05 p. m. [31m  ERROR[39m 
[38;5;3m[HttpExceptionFilter] [39m[31mGET 
/users/00000000-0000-0000-0000-000000000000[39m
NotFoundException: User with id 00000000-0000-0000-0000-000000000000 not found
    at UsersService.findOne (C:\Users\camil\Documents\IETI\TutorConnect-Backend
\src\modules\users\users.service.ts:27:22)
    at processTicksAndRejections (node:internal/process/task_queues:103:5)
    at UsersController.findOne (C:\Users\camil\Documents\IETI\TutorConnect-Back
end\src\modules\users\users.controller.ts:36:12)
    at C:\Users\camil\Documents\IETI\TutorConnect-Backend\node_modules\@nestjs\
core\router\router-execution-context.js:46:28
    at C:\Users\camil\Documents\IETI\TutorConnect-Backend\node_modules\@nestjs\
core\router\router-proxy.js:9:17
[31m[Nest] 27692  - [39m17/02/2026, 10:27:05 p. m. [31m  ERROR[39m 
[38;5;3m[HttpExceptionFilter] [39m[31mPOST /bookings[39m
NotFoundException: Student with id 00000000-0000-0000-0000-000000000000 not 
found
    at BookingsService.create (C:\Users\camil\Documents\IETI\TutorConnect-Backe
nd\src\modules\bookings\bookings.service.ts:23:25)
    at processTicksAndRejections (node:internal/process/task_queues:103:5)
    at BookingsController.create (C:\Users\camil\Documents\IETI\TutorConnect-Ba
ckend\src\modules\bookings\bookings.controller.ts:24:12)
    at C:\Users\camil\Documents\IETI\TutorConnect-Backend\node_modules\@nestjs\
core\router\router-execution-context.js:46:28
    at C:\Users\camil\Documents\IETI\TutorConnect-Backend\node_modules\@nestjs\
core\router\router-proxy.js:9:17
[31m[Nest] 27692  - [39m17/02/2026, 10:27:05 p. m. [31m  ERROR[39m 
[38;5;3m[HttpExceptionFilter] [39m[31mPOST /bookings[39m
NotFoundException: Tutor with id 00000000-0000-0000-0000-000000000000 not found
    at BookingsService.create (C:\Users\camil\Documents\IETI\TutorConnect-Backe
nd\src\modules\bookings\bookings.service.ts:26:23)
    at processTicksAndRejections (node:internal/process/task_queues:103:5)
    at BookingsController.create (C:\Users\camil\Documents\IETI\TutorConnect-Ba
ckend\src\modules\bookings\bookings.controller.ts:24:12)
    at C:\Users\camil\Documents\IETI\TutorConnect-Backend\node_modules\@nestjs\
core\router\router-execution-context.js:46:28
    at C:\Users\camil\Documents\IETI\TutorConnect-Backend\node_modules\@nestjs\
core\router\router-proxy.js:9:17
[31m[Nest] 4880  - [39m17/02/2026, 10:27:05 p. m. [31m  ERROR[39m 
[38;5;3m[HttpExceptionFilter] [39m[31mPOST /tutors[39m
NotFoundException: User with id 00000000-0000-0000-0000-000000000000 not found
    at TutorsService.create (C:\Users\camil\Documents\IETI\TutorConnect-Backend
\src\modules\tutors\tutors.service.ts:20:22)
    at processTicksAndRejections (node:internal/process/task_queues:103:5)
    at TutorsController.create (C:\Users\camil\Documents\IETI\TutorConnect-Back
end\src\modules\tutors\tutors.controller.ts:24:12)
    at C:\Users\camil\Documents\IETI\TutorConnect-Backend\node_modules\@nestjs\
core\router\router-execution-context.js:46:28
    at C:\Users\camil\Documents\IETI\TutorConnect-Backend\node_modules\@nestjs\
core\router\router-proxy.js:9:17
[31m[Nest] 27692  - [39m17/02/2026, 10:27:05 p. m. [31m  ERROR[39m 
[38;5;3m[HttpExceptionFilter] [39m[31mPOST /bookings[39m
BadRequestException: Bad Request Exception
    at ValidationPipe.exceptionFactory (C:\Users\camil\Documents\IETI\TutorConn
ect-Backend\node_modules\@nestjs\common\pipes\validation.pipe.js:112:20)
    at ValidationPipe.transform (C:\Users\camil\Documents\IETI\TutorConnect-Bac
kend\node_modules\@nestjs\common\pipes\validation.pipe.js:79:30)
    at processTicksAndRejections (node:internal/process/task_queues:103:5)
    at resolveParamValue (C:\Users\camil\Documents\IETI\TutorConnect-Backend\no
de_modules\@nestjs\core\router\router-execution-context.js:148:23)
    at async Promise.all (index 0)
    at pipesFn (C:\Users\camil\Documents\IETI\TutorConnect-Backend\node_modules
\@nestjs\core\router\router-execution-context.js:151:13)
    at C:\Users\camil\Documents\IETI\TutorConnect-Backend\node_modules\@nestjs\
core\router\router-execution-context.js:37:30
    at C:\Users\camil\Documents\IETI\TutorConnect-Backend\node_modules\@nestjs\
core\router\router-execution-context.js:46:28
    at C:\Users\camil\Documents\IETI\TutorConnect-Backend\node_modules\@nestjs\
core\router\router-proxy.js:9:17
[31m[Nest] 4880  - [39m17/02/2026, 10:27:05 p. m. [31m  ERROR[39m 
[38;5;3m[HttpExceptionFilter] [39m[31mPOST /tutors[39m
BadRequestException: Bad Request Exception
    at ValidationPipe.exceptionFactory (C:\Users\camil\Documents\IETI\TutorConn
ect-Backend\node_modules\@nestjs\common\pipes\validation.pipe.js:112:20)
    at ValidationPipe.transform (C:\Users\camil\Documents\IETI\TutorConnect-Bac
kend\node_modules\@nestjs\common\pipes\validation.pipe.js:79:30)
    at processTicksAndRejections (node:internal/process/task_queues:103:5)
    at resolveParamValue (C:\Users\camil\Documents\IETI\TutorConnect-Backend\no
de_modules\@nestjs\core\router\router-execution-context.js:148:23)
    at async Promise.all (index 0)
    at pipesFn (C:\Users\camil\Documents\IETI\TutorConnect-Backend\node_modules
\@nestjs\core\router\router-execution-context.js:151:13)
    at C:\Users\camil\Documents\IETI\TutorConnect-Backend\node_modules\@nestjs\
core\router\router-execution-context.js:37:30
    at C:\Users\camil\Documents\IETI\TutorConnect-Backend\node_modules\@nestjs\
core\router\router-execution-context.js:46:28
    at C:\Users\camil\Documents\IETI\TutorConnect-Backend\node_modules\@nestjs\
core\router\router-proxy.js:9:17
[31m[Nest] 6940  - [39m17/02/2026, 10:27:05 p. m. [31m  ERROR[39m 
[38;5;3m[HttpExceptionFilter] [39m[31mPUT 
/users/00000000-0000-0000-0000-000000000000[39m
NotFoundException: User with id 00000000-0000-0000-0000-000000000000 not found
    at UsersService.findOne (C:\Users\camil\Documents\IETI\TutorConnect-Backend
\src\modules\users\users.service.ts:27:22)
    at processTicksAndRejections (node:internal/process/task_queues:103:5)
    at UsersService.update (C:\Users\camil\Documents\IETI\TutorConnect-Backend\
src\modules\users\users.service.ts:32:18)
    at UsersController.update (C:\Users\camil\Documents\IETI\TutorConnect-Backe
nd\src\modules\users\users.controller.ts:42:12)
    at C:\Users\camil\Documents\IETI\TutorConnect-Backend\node_modules\@nestjs\
core\router\router-execution-context.js:46:28
    at C:\Users\camil\Documents\IETI\TutorConnect-Backend\node_modules\@nestjs\
core\router\router-proxy.js:9:17
[31m[Nest] 27692  - [39m17/02/2026, 10:27:06 p. m. [31m  ERROR[39m 
[38;5;3m[HttpExceptionFilter] [39m[31mGET 
/bookings/00000000-0000-0000-0000-000000000000[39m
NotFoundException: Booking with id 00000000-0000-0000-0000-000000000000 not 
found
    at BookingsService.findOne (C:\Users\camil\Documents\IETI\TutorConnect-Back
end\src\modules\bookings\bookings.service.ts:46:25)
    at processTicksAndRejections (node:internal/process/task_queues:103:5)
    at BookingsController.findOne (C:\Users\camil\Documents\IETI\TutorConnect-B
ackend\src\modules\bookings\bookings.controller.ts:36:12)
    at C:\Users\camil\Documents\IETI\TutorConnect-Backend\node_modules\@nestjs\
core\router\router-execution-context.js:46:28
    at C:\Users\camil\Documents\IETI\TutorConnect-Backend\node_modules\@nestjs\
core\router\router-proxy.js:9:17
[31m[Nest] 6940  - [39m17/02/2026, 10:27:06 p. m. [31m  ERROR[39m 
[38;5;3m[HttpExceptionFilter] [39m[31mGET 
/users/41a6057d-8a96-4d35-aba9-9bda52fa6d81[39m
NotFoundException: User with id 41a6057d-8a96-4d35-aba9-9bda52fa6d81 not found
    at UsersService.findOne (C:\Users\camil\Documents\IETI\TutorConnect-Backend
\src\modules\users\users.service.ts:27:22)
    at processTicksAndRejections (node:internal/process/task_queues:103:5)
    at UsersController.findOne (C:\Users\camil\Documents\IETI\TutorConnect-Back
end\src\modules\users\users.controller.ts:36:12)
    at C:\Users\camil\Documents\IETI\TutorConnect-Backend\node_modules\@nestjs\
core\router\router-execution-context.js:46:28
    at C:\Users\camil\Documents\IETI\TutorConnect-Backend\node_modules\@nestjs\
core\router\router-proxy.js:9:17
[31m[Nest] 4880  - [39m17/02/2026, 10:27:06 p. m. [31m  ERROR[39m 
[38;5;3m[HttpExceptionFilter] [39m[31mGET 
/tutors/00000000-0000-0000-0000-000000000000[39m
NotFoundException: Tutor with id 00000000-0000-0000-0000-000000000000 not found
    at TutorsService.findOne (C:\Users\camil\Documents\IETI\TutorConnect-Backen
d\src\modules\tutors\tutors.service.ts:39:23)
    at processTicksAndRejections (node:internal/process/task_queues:103:5)
    at TutorsController.findOne (C:\Users\camil\Documents\IETI\TutorConnect-Bac
kend\src\modules\tutors\tutors.controller.ts:36:12)
    at C:\Users\camil\Documents\IETI\TutorConnect-Backend\node_modules\@nestjs\
core\router\router-execution-context.js:46:28
    at C:\Users\camil\Documents\IETI\TutorConnect-Backend\node_modules\@nestjs\
core\router\router-proxy.js:9:17
[31m[Nest] 6940  - [39m17/02/2026, 10:27:06 p. m. [31m  ERROR[39m 
[38;5;3m[HttpExceptionFilter] [39m[31mDELETE 
/users/00000000-0000-0000-0000-000000000000[39m
NotFoundException: User with id 00000000-0000-0000-0000-000000000000 not found
    at UsersService.findOne (C:\Users\camil\Documents\IETI\TutorConnect-Backend
\src\modules\users\users.service.ts:27:22)
    at processTicksAndRejections (node:internal/process/task_queues:103:5)
    at UsersService.remove (C:\Users\camil\Documents\IETI\TutorConnect-Backend\
src\modules\users\users.service.ts:39:18)
    at UsersController.remove (C:\Users\camil\Documents\IETI\TutorConnect-Backe
nd\src\modules\users\users.controller.ts:48:5)
    at C:\Users\camil\Documents\IETI\TutorConnect-Backend\node_modules\@nestjs\
core\router\router-execution-context.js:46:28
    at C:\Users\camil\Documents\IETI\TutorConnect-Backend\node_modules\@nestjs\
core\router\router-proxy.js:9:17
FAIL test/users.e2e-spec.ts
  ÔùÅ Console

    console.log
      [dotenv@17.2.3] injecting env (8) from .env.test -- tip: ƒöÉ encrypt 
with Dotenvx: https://dotenvx.com

      at _log (../node_modules/dotenv/lib/main.js:142:11)

    console.log
      [90m[4mquery:[24m[39m [94mSELECT[0m 
[95mversion[0m[37m([0m[37m)[0m

      at PlatformTools.logInfo (../src/platform/PlatformTools.ts:262:17)

    console.log
      [90m[4mquery:[24m[39m [94mSELECT[0m [37m*[0m [94mFROM[0m 
[95mcurrent_schema[0m[37m([0m[37m)[0m

      at PlatformTools.logInfo (../src/platform/PlatformTools.ts:262:17)

    console.log
      [90m[4mquery:[24m[39m [94mCREATE[0m [37mEXTENSION[0m [94mIF[0m 
[94mNOT[0m [94mEXISTS[0m [37m"uuid-ossp"[0m

      at PlatformTools.logInfo (../src/platform/PlatformTools.ts:262:17)

    console.log
      [90m[4mquery:[24m[39m [37mSTART[0m [37mTRANSACTION[0m

      at PlatformTools.logInfo (../src/platform/PlatformTools.ts:262:17)

    console.log
      [90m[4mquery:[24m[39m [94mSELECT[0m [37m*[0m [94mFROM[0m 
[95mcurrent_schema[0m[37m([0m[37m)[0m

      at PlatformTools.logInfo (../src/platform/PlatformTools.ts:262:17)

    console.log
      [90m[4mquery:[24m[39m [94mSELECT[0m [37m*[0m [94mFROM[0m 
[95mcurrent_database[0m[37m([0m[37m)[0m

      at PlatformTools.logInfo (../src/platform/PlatformTools.ts:262:17)

    console.log
      [90m[4mquery:[24m[39m [94mSELECT[0m 
[37m"table_schema"[0m[37m,[0m [37m"table_name"[0m[37m,[0m 
[95mobj_description[0m[37m([0m[37m([0m[37m'"'[0m [37m|[0m[37m|[0m 
[37m"table_schema"[0m [37m|[0m[37m|[0m [37m'"."'[0m 
[37m|[0m[37m|[0m [37m"table_name"[0m [37m|[0m[37m|[0m 
[37m'"'[0m[37m)[0m[37m:[0m[37m:[0m[37mregclass[0m[37m,[0m 
[37m'pg_class'[0m[37m)[0m [94mAS[0m [37mtable_comment[0m [94mFROM[0m 
[37m"information_schema"[0m[37m.[0m[37m"tables"[0m [94mWHERE[0m 
[37m([0m[37m"table_schema"[0m [37m=[0m [37m'public'[0m [94mAND[0m 
[37m"table_name"[0m [37m=[0m [37m'tutors'[0m[37m)[0m [94mOR[0m 
[37m([0m[37m"table_schema"[0m [37m=[0m [37m'public'[0m [94mAND[0m 
[37m"table_name"[0m [37m=[0m [37m'users'[0m[37m)[0m [94mOR[0m 
[37m([0m[37m"table_schema"[0m [37m=[0m [37m'public'[0m [94mAND[0m 
[37m"table_name"[0m [37m=[0m [37m'bookings'[0m[37m)[0m

      at PlatformTools.logInfo (../src/platform/PlatformTools.ts:262:17)

    console.log
      [90m[4mquery:[24m[39m [94mSELECT[0m [94mTRUE[0m [94mFROM[0m 
[37minformation_schema[0m[37m.[0m[37mcolumns[0m [94mWHERE[0m 
[37mtable_name[0m [37m=[0m [37m'pg_class'[0m [94mand[0m 
[37mcolumn_name[0m [37m=[0m [37m'relispartition'[0m

      at PlatformTools.logInfo (../src/platform/PlatformTools.ts:262:17)

    console.log
      [90m[4mquery:[24m[39m [94mSELECT[0m 
[37mcolumns[0m[37m.[0m[37m*[0m[37m,[0m [37mpg_catalog[0m[37m.[0m[9
5mcol_description[0m[37m([0m[37m([0m[37m'"'[0m [37m|[0m[37m|[0m 
[37mtable_catalog[0m [37m|[0m[37m|[0m [37m'"."'[0m 
[37m|[0m[37m|[0m [37mtable_schema[0m [37m|[0m[37m|[0m [37m'"."'[0m 
[37m|[0m[37m|[0m [37mtable_name[0m [37m|[0m[37m|[0m [37m'"'[0m[37m
)[0m[37m:[0m[37m:[0m[37mregclass[0m[37m:[0m[37m:[0m[37moid[0m[37m
,[0m [37mordinal_position[0m[37m)[0m [94mAS[0m 
[37mdescription[0m[37m,[0m [37m([0m[37m'"'[0m [37m|[0m[37m|[0m 
[37m"udt_schema"[0m [37m|[0m[37m|[0m [37m'"."'[0m [37m|[0m[37m|[0m 
[37m"udt_name"[0m [37m|[0m[37m|[0m [37m'"'[0m[37m)[0m[37m:[0m[37m:
[0m[37m"regtype"[0m[37m:[0m[37m:[0m[94mtext[0m [94mAS[0m 
[37m"regtype"[0m[37m,[0m [37mpg_catalog[0m[37m.[0m[95mformat_type[0m
[37m([0m[37m"col_attr"[0m[37m.[0m[37m"atttypid"[0m[37m,[0m 
[37m"col_attr"[0m[37m.[0m[37m"atttypmod"[0m[37m)[0m [94mAS[0m 
[37m"format_type"[0m [94mFROM[0m 
[37m"information_schema"[0m[37m.[0m[37m"columns"[0m [94mLEFT JOIN[0m 
[37m"pg_catalog"[0m[37m.[0m[37m"pg_attribute"[0m [94mAS[0m 
[37m"col_attr"[0m [94mON[0m 
[37m"col_attr"[0m[37m.[0m[37m"attname"[0m [37m=[0m 
[37m"columns"[0m[37m.[0m[37m"column_name"[0m [94mAND[0m 
[37m"col_attr"[0m[37m.[0m[37m"attrelid"[0m [37m=[0m [37m([0m 
[94mSELECT[0m [37m"cls"[0m[37m.[0m[37m"oid"[0m [94mFROM[0m 
[37m"pg_catalog"[0m[37m.[0m[37m"pg_class"[0m [94mAS[0m [37m"cls"[0m 
[94mLEFT JOIN[0m [37m"pg_catalog"[0m[37m.[0m[37m"pg_namespace"[0m 
[94mAS[0m [37m"ns"[0m [94mON[0m [37m"ns"[0m[37m.[0m[37m"oid"[0m 
[37m=[0m [37m"cls"[0m[37m.[0m[37m"relnamespace"[0m [94mWHERE[0m 
[37m"cls"[0m[37m.[0m[37m"relname"[0m [37m=[0m 
[37m"columns"[0m[37m.[0m[37m"table_name"[0m [94mAND[0m 
[37m"ns"[0m[37m.[0m[37m"nspname"[0m [37m=[0m 
[37m"columns"[0m[37m.[0m[37m"table_schema"[0m [37m)[0m [94mWHERE[0m 
[37m([0m[37m"table_schema"[0m [37m=[0m [37m'public'[0m [94mAND[0m 
[37m"table_name"[0m [37m=[0m [37m'tutors'[0m[37m)[0m [94mOR[0m 
[37m([0m[37m"table_schema"[0m [37m=[0m [37m'public'[0m [94mAND[0m 
[37m"table_name"[0m [37m=[0m [37m'users'[0m[37m)[0m [94mOR[0m 
[37m([0m[37m"table_schema"[0m [37m=[0m [37m'public'[0m [94mAND[0m 
[37m"table_name"[0m [37m=[0m [37m'bookings'[0m[37m)[0m

      at PlatformTools.logInfo (../src/platform/PlatformTools.ts:262:17)
          at async Promise.all (index 0)

    console.log
      [90m[4mquery:[24m[39m [94mSELECT[0m 
[37m"ns"[0m[37m.[0m[37m"nspname"[0m [94mAS[0m 
[37m"table_schema"[0m[37m,[0m [37m"t"[0m[37m.[0m[37m"relname"[0m 
[94mAS[0m [37m"table_name"[0m[37m,[0m 
[37m"cnst"[0m[37m.[0m[37m"conname"[0m [94mAS[0m 
[37m"constraint_name"[0m[37m,[0m [95mpg_get_constraintdef[0m[37m([0m[3
7m"cnst"[0m[37m.[0m[37m"oid"[0m[37m)[0m [94mAS[0m 
[37m"expression"[0m[37m,[0m [94mCASE[0m 
[37m"cnst"[0m[37m.[0m[37m"contype"[0m [94mWHEN[0m [37m'p'[0m 
[94mTHEN[0m [37m'PRIMARY'[0m [94mWHEN[0m [37m'u'[0m [94mTHEN[0m 
[37m'UNIQUE'[0m [94mWHEN[0m [37m'c'[0m [94mTHEN[0m [37m'CHECK'[0m 
[94mWHEN[0m [37m'x'[0m [94mTHEN[0m [37m'EXCLUDE'[0m [94mEND[0m 
[94mAS[0m [37m"constraint_type"[0m[37m,[0m 
[37m"a"[0m[37m.[0m[37m"attname"[0m [94mAS[0m [37m"column_name"[0m 
[94mFROM[0m [37m"pg_constraint"[0m [37m"cnst"[0m [94mINNER JOIN[0m 
[37m"pg_class"[0m [37m"t"[0m [94mON[0m 
[37m"t"[0m[37m.[0m[37m"oid"[0m [37m=[0m 
[37m"cnst"[0m[37m.[0m[37m"conrelid"[0m [94mINNER JOIN[0m 
[37m"pg_namespace"[0m [37m"ns"[0m [94mON[0m 
[37m"ns"[0m[37m.[0m[37m"oid"[0m [37m=[0m 
[37m"cnst"[0m[37m.[0m[37m"connamespace"[0m [94mLEFT JOIN[0m 
[37m"pg_attribute"[0m [37m"a"[0m [94mON[0m 
[37m"a"[0m[37m.[0m[37m"attrelid"[0m [37m=[0m 
[37m"cnst"[0m[37m.[0m[37m"conrelid"[0m [94mAND[0m 
[37m"a"[0m[37m.[0m[37m"attnum"[0m [37m=[0m [94mANY[0m 
[37m([0m[37m"cnst"[0m[37m.[0m[37m"conkey"[0m[37m)[0m [94mWHERE[0m 
[37m"t"[0m[37m.[0m[37m"relkind"[0m [94mIN[0m 
[37m([0m[37m'r'[0m[37m,[0m [37m'p'[0m[37m)[0m [94mAND[0m 
[37m([0m[37m([0m[37m"ns"[0m[37m.[0m[37m"nspname"[0m [37m=[0m 
[37m'public'[0m [94mAND[0m [37m"t"[0m[37m.[0m[37m"relname"[0m 
[37m=[0m [37m'tutors'[0m[37m)[0m [94mOR[0m 
[37m([0m[37m"ns"[0m[37m.[0m[37m"nspname"[0m [37m=[0m 
[37m'public'[0m [94mAND[0m [37m"t"[0m[37m.[0m[37m"relname"[0m 
[37m=[0m [37m'users'[0m[37m)[0m [94mOR[0m 
[37m([0m[37m"ns"[0m[37m.[0m[37m"nspname"[0m [37m=[0m 
[37m'public'[0m [94mAND[0m [37m"t"[0m[37m.[0m[37m"relname"[0m 
[37m=[0m [37m'bookings'[0m[37m)[0m[37m)[0m

      at PlatformTools.logInfo (../src/platform/PlatformTools.ts:262:17)
          at async Promise.all (index 1)

    console.log
      [90m[4mquery:[24m[39m [94mSELECT[0m 
[37m"ns"[0m[37m.[0m[37m"nspname"[0m [94mAS[0m 
[37m"table_schema"[0m[37m,[0m [37m"t"[0m[37m.[0m[37m"relname"[0m 
[94mAS[0m [37m"table_name"[0m[37m,[0m 
[37m"i"[0m[37m.[0m[37m"relname"[0m [94mAS[0m 
[37m"constraint_name"[0m[37m,[0m [37m"a"[0m[37m.[0m[37m"attname"[0m 
[94mAS[0m [37m"column_name"[0m[37m,[0m [94mCASE[0m 
[37m"ix"[0m[37m.[0m[37m"indisunique"[0m [94mWHEN[0m [37m't'[0m 
[94mTHEN[0m [37m'TRUE'[0m [94mELSE[0m[37m'FALSE'[0m [94mEND[0m 
[94mAS[0m [37m"is_unique"[0m[37m,[0m [95mpg_get_expr[0m[37m([0m[37m"
ix"[0m[37m.[0m[37m"indpred"[0m[37m,[0m 
[37m"ix"[0m[37m.[0m[37m"indrelid"[0m[37m)[0m [94mAS[0m 
[37m"condition"[0m[37m,[0m [37m"types"[0m[37m.[0m[37m"typname"[0m 
[94mAS[0m [37m"type_name"[0m[37m,[0m 
[37m"am"[0m[37m.[0m[37m"amname"[0m [94mAS[0m [37m"index_type"[0m 
[94mFROM[0m [37m"pg_class"[0m [37m"t"[0m [94mINNER JOIN[0m 
[37m"pg_index"[0m [37m"ix"[0m [94mON[0m 
[37m"ix"[0m[37m.[0m[37m"indrelid"[0m [37m=[0m 
[37m"t"[0m[37m.[0m[37m"oid"[0m [94mINNER JOIN[0m 
[37m"pg_attribute"[0m [37m"a"[0m [94mON[0m 
[37m"a"[0m[37m.[0m[37m"attrelid"[0m [37m=[0m 
[37m"t"[0m[37m.[0m[37m"oid"[0m  [94mAND[0m 
[37m"a"[0m[37m.[0m[37m"attnum"[0m [37m=[0m [94mANY[0m 
[37m([0m[37m"ix"[0m[37m.[0m[37m"indkey"[0m[37m)[0m [94mINNER 
JOIN[0m [37m"pg_namespace"[0m [37m"ns"[0m [94mON[0m 
[37m"ns"[0m[37m.[0m[37m"oid"[0m [37m=[0m 
[37m"t"[0m[37m.[0m[37m"relnamespace"[0m [94mINNER JOIN[0m 
[37m"pg_class"[0m [37m"i"[0m [94mON[0m 
[37m"i"[0m[37m.[0m[37m"oid"[0m [37m=[0m 
[37m"ix"[0m[37m.[0m[37m"indexrelid"[0m [94mINNER JOIN[0m 
[37m"pg_type"[0m [37m"types"[0m [94mON[0m 
[37m"types"[0m[37m.[0m[37m"oid"[0m [37m=[0m 
[37m"a"[0m[37m.[0m[37m"atttypid"[0m [94mINNER JOIN[0m [37m"pg_am"[0m 
[37m"am"[0m [94mON[0m [37m"i"[0m[37m.[0m[37m"relam"[0m [37m=[0m 
[37m"am"[0m[37m.[0m[37m"oid"[0m [94mLEFT JOIN[0m 
[37m"pg_constraint"[0m [37m"cnst"[0m [94mON[0m 
[37m"cnst"[0m[37m.[0m[37m"conname"[0m [37m=[0m 
[37m"i"[0m[37m.[0m[37m"relname"[0m [94mWHERE[0m 
[37m"t"[0m[37m.[0m[37m"relkind"[0m [94mIN[0m 
[37m([0m[37m'r'[0m[37m,[0m [37m'p'[0m[37m)[0m [94mAND[0m 
[37m"cnst"[0m[37m.[0m[37m"contype"[0m [94mIS NULL[0m [94mAND[0m 
[37m([0m[37m([0m[37m"ns"[0m[37m.[0m[37m"nspname"[0m [37m=[0m 
[37m'public'[0m [94mAND[0m [37m"t"[0m[37m.[0m[37m"relname"[0m 
[37m=[0m [37m'tutors'[0m[37m)[0m [94mOR[0m 
[37m([0m[37m"ns"[0m[37m.[0m[37m"nspname"[0m [37m=[0m 
[37m'public'[0m [94mAND[0m [37m"t"[0m[37m.[0m[37m"relname"[0m 
[37m=[0m [37m'users'[0m[37m)[0m [94mOR[0m 
[37m([0m[37m"ns"[0m[37m.[0m[37m"nspname"[0m [37m=[0m 
[37m'public'[0m [94mAND[0m [37m"t"[0m[37m.[0m[37m"relname"[0m 
[37m=[0m [37m'bookings'[0m[37m)[0m[37m)[0m

      at PlatformTools.logInfo (../src/platform/PlatformTools.ts:262:17)
          at async Promise.all (index 2)

    console.log
      [90m[4mquery:[24m[39m [94mSELECT[0m 
[37m"con"[0m[37m.[0m[37m"conname"[0m [94mAS[0m 
[37m"constraint_name"[0m[37m,[0m 
[37m"con"[0m[37m.[0m[37m"nspname"[0m [94mAS[0m 
[37m"table_schema"[0m[37m,[0m [37m"con"[0m[37m.[0m[37m"relname"[0m 
[94mAS[0m [37m"table_name"[0m[37m,[0m 
[37m"att2"[0m[37m.[0m[37m"attname"[0m [94mAS[0m 
[37m"column_name"[0m[37m,[0m [37m"ns"[0m[37m.[0m[37m"nspname"[0m 
[94mAS[0m [37m"referenced_table_schema"[0m[37m,[0m 
[37m"cl"[0m[37m.[0m[37m"relname"[0m [94mAS[0m 
[37m"referenced_table_name"[0m[37m,[0m 
[37m"att"[0m[37m.[0m[37m"attname"[0m [94mAS[0m 
[37m"referenced_column_name"[0m[37m,[0m 
[37m"con"[0m[37m.[0m[37m"confdeltype"[0m [94mAS[0m 
[37m"on_delete"[0m[37m,[0m [37m"con"[0m[37m.[0m[37m"confupdtype"[0m 
[94mAS[0m [37m"on_update"[0m[37m,[0m 
[37m"con"[0m[37m.[0m[37m"condeferrable"[0m [94mAS[0m 
[37m"deferrable"[0m[37m,[0m [37m"con"[0m[37m.[0m[37m"condeferred"[0m 
[94mAS[0m [37m"deferred"[0m [94mFROM[0m [37m([0m [94mSELECT[0m 
[95mUNNEST[0m [37m([0m[37m"con1"[0m[37m.[0m[37m"conkey"[0m[37m)[0m 
[94mAS[0m [37m"parent"[0m[37m,[0m [95mUNNEST[0m 
[37m([0m[37m"con1"[0m[37m.[0m[37m"confkey"[0m[37m)[0m [94mAS[0m 
[37m"child"[0m[37m,[0m 
[37m"con1"[0m[37m.[0m[37m"confrelid"[0m[37m,[0m 
[37m"con1"[0m[37m.[0m[37m"conrelid"[0m[37m,[0m 
[37m"con1"[0m[37m.[0m[37m"conname"[0m[37m,[0m 
[37m"con1"[0m[37m.[0m[37m"contype"[0m[37m,[0m 
[37m"ns"[0m[37m.[0m[37m"nspname"[0m[37m,[0m 
[37m"cl"[0m[37m.[0m[37m"relname"[0m[37m,[0m 
[37m"con1"[0m[37m.[0m[37m"condeferrable"[0m[37m,[0m [94mCASE[0m 
[94mWHEN[0m [37m"con1"[0m[37m.[0m[37m"condeferred"[0m [94mTHEN[0m 
[37m'INITIALLY DEFERRED'[0m [94mELSE[0m [37m'INITIALLY IMMEDIATE'[0m 
[94mEND[0m [94mas[0m [37mcondeferred[0m[37m,[0m [94mCASE[0m 
[37m"con1"[0m[37m.[0m[37m"confdeltype"[0m [94mWHEN[0m [37m'a'[0m 
[94mTHEN[0m [37m'NO ACTION'[0m [94mWHEN[0m [37m'r'[0m [94mTHEN[0m 
[37m'RESTRICT'[0m [94mWHEN[0m [37m'c'[0m [94mTHEN[0m 
[37m'CASCADE'[0m [94mWHEN[0m [37m'n'[0m [94mTHEN[0m [37m'SET 
NULL'[0m [94mWHEN[0m [37m'd'[0m [94mTHEN[0m [37m'SET DEFAULT'[0m 
[94mEND[0m [94mas[0m [37m"confdeltype"[0m[37m,[0m [94mCASE[0m 
[37m"con1"[0m[37m.[0m[37m"confupdtype"[0m [94mWHEN[0m [37m'a'[0m 
[94mTHEN[0m [37m'NO ACTION'[0m [94mWHEN[0m [37m'r'[0m [94mTHEN[0m 
[37m'RESTRICT'[0m [94mWHEN[0m [37m'c'[0m [94mTHEN[0m 
[37m'CASCADE'[0m [94mWHEN[0m [37m'n'[0m [94mTHEN[0m [37m'SET 
NULL'[0m [94mWHEN[0m [37m'd'[0m [94mTHEN[0m [37m'SET DEFAULT'[0m 
[94mEND[0m [94mas[0m [37m"confupdtype"[0m [94mFROM[0m 
[37m"pg_class"[0m [37m"cl"[0m [94mINNER JOIN[0m [37m"pg_namespace"[0m 
[37m"ns"[0m [94mON[0m [37m"cl"[0m[37m.[0m[37m"relnamespace"[0m 
[37m=[0m [37m"ns"[0m[37m.[0m[37m"oid"[0m [94mINNER JOIN[0m 
[37m"pg_constraint"[0m [37m"con1"[0m [94mON[0m 
[37m"con1"[0m[37m.[0m[37m"conrelid"[0m [37m=[0m 
[37m"cl"[0m[37m.[0m[37m"oid"[0m [94mWHERE[0m 
[37m"con1"[0m[37m.[0m[37m"contype"[0m [37m=[0m [37m'f'[0m 
[94mAND[0m [37m([0m[37m([0m[37m"ns"[0m[37m.[0m[37m"nspname"[0m 
[37m=[0m [37m'public'[0m [94mAND[0m 
[37m"cl"[0m[37m.[0m[37m"relname"[0m [37m=[0m 
[37m'tutors'[0m[37m)[0m [94mOR[0m 
[37m([0m[37m"ns"[0m[37m.[0m[37m"nspname"[0m [37m=[0m 
[37m'public'[0m [94mAND[0m [37m"cl"[0m[37m.[0m[37m"relname"[0m 
[37m=[0m [37m'users'[0m[37m)[0m [94mOR[0m 
[37m([0m[37m"ns"[0m[37m.[0m[37m"nspname"[0m [37m=[0m 
[37m'public'[0m [94mAND[0m [37m"cl"[0m[37m.[0m[37m"relname"[0m 
[37m=[0m [37m'bookings'[0m[37m)[0m[37m)[0m [37m)[0m [37m"con"[0m 
[94mINNER JOIN[0m [37m"pg_attribute"[0m [37m"att"[0m [94mON[0m 
[37m"att"[0m[37m.[0m[37m"attrelid"[0m [37m=[0m 
[37m"con"[0m[37m.[0m[37m"confrelid"[0m [94mAND[0m 
[37m"att"[0m[37m.[0m[37m"attnum"[0m [37m=[0m 
[37m"con"[0m[37m.[0m[37m"child"[0m [94mINNER JOIN[0m 
[37m"pg_class"[0m [37m"cl"[0m [94mON[0m 
[37m"cl"[0m[37m.[0m[37m"oid"[0m [37m=[0m 
[37m"con"[0m[37m.[0m[37m"confrelid"[0m  [94mAND[0m 
[37m"cl"[0m[37m.[0m[37m"relispartition"[0m [37m=[0m 
[37m'f'[0m[94mINNER JOIN[0m [37m"pg_namespace"[0m [37m"ns"[0m 
[94mON[0m [37m"cl"[0m[37m.[0m[37m"relnamespace"[0m [37m=[0m 
[37m"ns"[0m[37m.[0m[37m"oid"[0m [94mINNER JOIN[0m 
[37m"pg_attribute"[0m [37m"att2"[0m [94mON[0m 
[37m"att2"[0m[37m.[0m[37m"attrelid"[0m [37m=[0m 
[37m"con"[0m[37m.[0m[37m"conrelid"[0m [94mAND[0m 
[37m"att2"[0m[37m.[0m[37m"attnum"[0m [37m=[0m 
[37m"con"[0m[37m.[0m[37m"parent"[0m

      at PlatformTools.logInfo (../src/platform/PlatformTools.ts:262:17)
          at async Promise.all (index 3)

    console.log
      [90m[4mquery:[24m[39m [94mSELECT[0m [37m*[0m [94mFROM[0m 
[37m"information_schema"[0m[37m.[0m[37m"tables"[0m [94mWHERE[0m 
[37m"table_schema"[0m [37m=[0m [37m'public'[0m [94mAND[0m 
[37m"table_name"[0m [37m=[0m [37m'typeorm_metadata'[0m

      at PlatformTools.logInfo (../src/platform/PlatformTools.ts:262:17)

    console.log
      [90m[4mquery:[24m[39m [94mCOMMIT[0m

      at PlatformTools.logInfo (../src/platform/PlatformTools.ts:262:17)

    console.log
      [90m[4mquery:[24m[39m [37mSTART[0m [37mTRANSACTION[0m

      at PlatformTools.logInfo (../src/platform/PlatformTools.ts:262:17)

    console.log
      [90m[4mquery:[24m[39m [94mINSERT INTO[0m 
[37m"users"[0m[37m([0m[37m"id"[0m[37m,[0m [37m"name"[0m[37m,[0m 
[37m"email"[0m[37m,[0m [37m"role"[0m[37m,[0m 
[37m"created_at"[0m[37m,[0m [37m"updated_at"[0m[37m)[0m 
[94mVALUES[0m [37m([0m[94mDEFAULT[0m[37m,[0m 
[37m$[0m[32m1[0m[37m,[0m [37m$[0m[32m2[0m[37m,[0m 
[37m$[0m[32m3[0m[37m,[0m [94mDEFAULT[0m[37m,[0m 
[94mDEFAULT[0m[37m)[0m [94mRETURNING[0m [37m"id"[0m[37m,[0m 
[37m"created_at"[0m[37m,[0m [37m"updated_at"[0m [90m-- PARAMETERS: 
["Mar├¡a L├│pez","maria.test@example.com","student"][0m

      at PlatformTools.logInfo (../src/platform/PlatformTools.ts:262:17)

    console.log
      [90m[4mquery:[24m[39m [94mCOMMIT[0m

      at PlatformTools.logInfo (../src/platform/PlatformTools.ts:262:17)

    console.log
      [90m[4mquery:[24m[39m [37mSTART[0m [37mTRANSACTION[0m

      at PlatformTools.logInfo (../src/platform/PlatformTools.ts:262:17)

    console.log
      [90m[4mquery:[24m[39m [94mINSERT INTO[0m 
[37m"users"[0m[37m([0m[37m"id"[0m[37m,[0m [37m"name"[0m[37m,[0m 
[37m"email"[0m[37m,[0m [37m"role"[0m[37m,[0m 
[37m"created_at"[0m[37m,[0m [37m"updated_at"[0m[37m)[0m 
[94mVALUES[0m [37m([0m[94mDEFAULT[0m[37m,[0m 
[37m$[0m[32m1[0m[37m,[0m [37m$[0m[32m2[0m[37m,[0m 
[37m$[0m[32m3[0m[37m,[0m [94mDEFAULT[0m[37m,[0m 
[94mDEFAULT[0m[37m)[0m [94mRETURNING[0m [37m"id"[0m[37m,[0m 
[37m"created_at"[0m[37m,[0m [37m"updated_at"[0m [90m-- PARAMETERS: 
["Carlos Test","carlos.test@example.com","tutor"][0m

      at PlatformTools.logInfo (../src/platform/PlatformTools.ts:262:17)

    console.log
      [90m[4mquery:[24m[39m [94mCOMMIT[0m

      at PlatformTools.logInfo (../src/platform/PlatformTools.ts:262:17)

    console.log
      [90m[4mquery:[24m[39m [94mSELECT[0m 
[37m"UserEntity"[0m[37m.[0m[37m"id"[0m [94mAS[0m 
[37m"UserEntity_id"[0m[37m,[0m 
[37m"UserEntity"[0m[37m.[0m[37m"name"[0m [94mAS[0m 
[37m"UserEntity_name"[0m[37m,[0m 
[37m"UserEntity"[0m[37m.[0m[37m"email"[0m [94mAS[0m 
[37m"UserEntity_email"[0m[37m,[0m 
[37m"UserEntity"[0m[37m.[0m[37m"role"[0m [94mAS[0m 
[37m"UserEntity_role"[0m[37m,[0m 
[37m"UserEntity"[0m[37m.[0m[37m"created_at"[0m [94mAS[0m 
[37m"UserEntity_created_at"[0m[37m,[0m 
[37m"UserEntity"[0m[37m.[0m[37m"updated_at"[0m [94mAS[0m 
[37m"UserEntity_updated_at"[0m [94mFROM[0m [37m"users"[0m 
[37m"UserEntity"[0m [94mWHERE[0m 
[37m([0m[37m([0m[37m"UserEntity"[0m[37m.[0m[37m"id"[0m [37m=[0m 
[37m$[0m[32m1[0m[37m)[0m[37m)[0m [94mLIMIT[0m [32m1[0m [90m-- 
PARAMETERS: ["bd9b07c2-c67b-4e5a-9deb-6a6cb2cc8218"][0m

      at PlatformTools.logInfo (../src/platform/PlatformTools.ts:262:17)

    console.log
      [90m[4mquery:[24m[39m [94mSELECT[0m 
[37m"UserEntity"[0m[37m.[0m[37m"id"[0m [94mAS[0m 
[37m"UserEntity_id"[0m[37m,[0m 
[37m"UserEntity"[0m[37m.[0m[37m"name"[0m [94mAS[0m 
[37m"UserEntity_name"[0m[37m,[0m 
[37m"UserEntity"[0m[37m.[0m[37m"email"[0m [94mAS[0m 
[37m"UserEntity_email"[0m[37m,[0m 
[37m"UserEntity"[0m[37m.[0m[37m"role"[0m [94mAS[0m 
[37m"UserEntity_role"[0m[37m,[0m 
[37m"UserEntity"[0m[37m.[0m[37m"created_at"[0m [94mAS[0m 
[37m"UserEntity_created_at"[0m[37m,[0m 
[37m"UserEntity"[0m[37m.[0m[37m"updated_at"[0m [94mAS[0m 
[37m"UserEntity_updated_at"[0m [94mFROM[0m [37m"users"[0m 
[37m"UserEntity"[0m [94mWHERE[0m 
[37m([0m[37m([0m[37m"UserEntity"[0m[37m.[0m[37m"id"[0m [37m=[0m 
[37m$[0m[32m1[0m[37m)[0m[37m)[0m [94mLIMIT[0m [32m1[0m [90m-- 
PARAMETERS: ["00000000-0000-0000-0000-000000000000"][0m

      at PlatformTools.logInfo (../src/platform/PlatformTools.ts:262:17)

    console.log
      [90m[4mquery:[24m[39m [94mSELECT[0m 
[37m"UserEntity"[0m[37m.[0m[37m"id"[0m [94mAS[0m 
[37m"UserEntity_id"[0m[37m,[0m 
[37m"UserEntity"[0m[37m.[0m[37m"name"[0m [94mAS[0m 
[37m"UserEntity_name"[0m[37m,[0m 
[37m"UserEntity"[0m[37m.[0m[37m"email"[0m [94mAS[0m 
[37m"UserEntity_email"[0m[37m,[0m 
[37m"UserEntity"[0m[37m.[0m[37m"role"[0m [94mAS[0m 
[37m"UserEntity_role"[0m[37m,[0m 
[37m"UserEntity"[0m[37m.[0m[37m"created_at"[0m [94mAS[0m 
[37m"UserEntity_created_at"[0m[37m,[0m 
[37m"UserEntity"[0m[37m.[0m[37m"updated_at"[0m [94mAS[0m 
[37m"UserEntity_updated_at"[0m [94mFROM[0m [37m"users"[0m 
[37m"UserEntity"[0m

      at PlatformTools.logInfo (../src/platform/PlatformTools.ts:262:17)

    console.log
      [90m[4mquery:[24m[39m [37mSTART[0m [37mTRANSACTION[0m

      at PlatformTools.logInfo (../src/platform/PlatformTools.ts:262:17)

    console.log
      [90m[4mquery:[24m[39m [94mINSERT INTO[0m 
[37m"users"[0m[37m([0m[37m"id"[0m[37m,[0m [37m"name"[0m[37m,[0m 
[37m"email"[0m[37m,[0m [37m"role"[0m[37m,[0m 
[37m"created_at"[0m[37m,[0m [37m"updated_at"[0m[37m)[0m 
[94mVALUES[0m [37m([0m[94mDEFAULT[0m[37m,[0m 
[37m$[0m[32m1[0m[37m,[0m [37m$[0m[32m2[0m[37m,[0m 
[37m$[0m[32m3[0m[37m,[0m [94mDEFAULT[0m[37m,[0m 
[94mDEFAULT[0m[37m)[0m [94mRETURNING[0m [37m"id"[0m[37m,[0m 
[37m"created_at"[0m[37m,[0m [37m"updated_at"[0m [90m-- PARAMETERS: 
["Ana Original","ana.test@example.com","student"][0m

      at PlatformTools.logInfo (../src/platform/PlatformTools.ts:262:17)

    console.log
      [90m[4mquery:[24m[39m [94mCOMMIT[0m

      at PlatformTools.logInfo (../src/platform/PlatformTools.ts:262:17)

    console.log
      [90m[4mquery:[24m[39m [94mSELECT[0m 
[37m"UserEntity"[0m[37m.[0m[37m"id"[0m [94mAS[0m 
[37m"UserEntity_id"[0m[37m,[0m 
[37m"UserEntity"[0m[37m.[0m[37m"name"[0m [94mAS[0m 
[37m"UserEntity_name"[0m[37m,[0m 
[37m"UserEntity"[0m[37m.[0m[37m"email"[0m [94mAS[0m 
[37m"UserEntity_email"[0m[37m,[0m 
[37m"UserEntity"[0m[37m.[0m[37m"role"[0m [94mAS[0m 
[37m"UserEntity_role"[0m[37m,[0m 
[37m"UserEntity"[0m[37m.[0m[37m"created_at"[0m [94mAS[0m 
[37m"UserEntity_created_at"[0m[37m,[0m 
[37m"UserEntity"[0m[37m.[0m[37m"updated_at"[0m [94mAS[0m 
[37m"UserEntity_updated_at"[0m [94mFROM[0m [37m"users"[0m 
[37m"UserEntity"[0m [94mWHERE[0m 
[37m([0m[37m([0m[37m"UserEntity"[0m[37m.[0m[37m"id"[0m [37m=[0m 
[37m$[0m[32m1[0m[37m)[0m[37m)[0m [94mLIMIT[0m [32m1[0m [90m-- 
PARAMETERS: ["fceaf7e5-5756-4b07-b43d-2c2c2852b247"][0m

      at PlatformTools.logInfo (../src/platform/PlatformTools.ts:262:17)

    console.log
      [90m[4mquery:[24m[39m [94mSELECT[0m 
[37m"UserEntity"[0m[37m.[0m[37m"id"[0m [94mAS[0m 
[37m"UserEntity_id"[0m[37m,[0m 
[37m"UserEntity"[0m[37m.[0m[37m"name"[0m [94mAS[0m 
[37m"UserEntity_name"[0m[37m,[0m 
[37m"UserEntity"[0m[37m.[0m[37m"email"[0m [94mAS[0m 
[37m"UserEntity_email"[0m[37m,[0m 
[37m"UserEntity"[0m[37m.[0m[37m"role"[0m [94mAS[0m 
[37m"UserEntity_role"[0m[37m,[0m 
[37m"UserEntity"[0m[37m.[0m[37m"created_at"[0m [94mAS[0m 
[37m"UserEntity_created_at"[0m[37m,[0m 
[37m"UserEntity"[0m[37m.[0m[37m"updated_at"[0m [94mAS[0m 
[37m"UserEntity_updated_at"[0m [94mFROM[0m [37m"users"[0m 
[37m"UserEntity"[0m [94mWHERE[0m 
[37m"UserEntity"[0m[37m.[0m[37m"id"[0m [94mIN[0m 
[37m([0m[37m$[0m[32m1[0m[37m)[0m [90m-- PARAMETERS: 
["fceaf7e5-5756-4b07-b43d-2c2c2852b247"][0m

      at PlatformTools.logInfo (../src/platform/PlatformTools.ts:262:17)
          at async Promise.all (index 0)
          at async Promise.all (index 0)

    console.log
      [90m[4mquery:[24m[39m [37mSTART[0m [37mTRANSACTION[0m

      at PlatformTools.logInfo (../src/platform/PlatformTools.ts:262:17)

    console.log
      [90m[4mquery:[24m[39m [94mUPDATE[0m [37m"users"[0m [94mSET[0m 
[37m"name"[0m [37m=[0m [37m$[0m[32m1[0m[37m,[0m 
[37m"updated_at"[0m [37m=[0m [37mCURRENT_TIMESTAMP[0m [94mWHERE[0m 
[37m"id"[0m [94mIN[0m [37m([0m[37m$[0m[32m2[0m[37m)[0m 
[94mRETURNING[0m [37m"updated_at"[0m [90m-- PARAMETERS: ["Ana 
Actualizada","fceaf7e5-5756-4b07-b43d-2c2c2852b247"][0m

      at PlatformTools.logInfo (../src/platform/PlatformTools.ts:262:17)
          at async Promise.all (index 0)

    console.log
      [90m[4mquery:[24m[39m [94mCOMMIT[0m

      at PlatformTools.logInfo (../src/platform/PlatformTools.ts:262:17)

    console.log
      [90m[4mquery:[24m[39m [94mSELECT[0m 
[37m"UserEntity"[0m[37m.[0m[37m"id"[0m [94mAS[0m 
[37m"UserEntity_id"[0m[37m,[0m 
[37m"UserEntity"[0m[37m.[0m[37m"name"[0m [94mAS[0m 
[37m"UserEntity_name"[0m[37m,[0m 
[37m"UserEntity"[0m[37m.[0m[37m"email"[0m [94mAS[0m 
[37m"UserEntity_email"[0m[37m,[0m 
[37m"UserEntity"[0m[37m.[0m[37m"role"[0m [94mAS[0m 
[37m"UserEntity_role"[0m[37m,[0m 
[37m"UserEntity"[0m[37m.[0m[37m"created_at"[0m [94mAS[0m 
[37m"UserEntity_created_at"[0m[37m,[0m 
[37m"UserEntity"[0m[37m.[0m[37m"updated_at"[0m [94mAS[0m 
[37m"UserEntity_updated_at"[0m [94mFROM[0m [37m"users"[0m 
[37m"UserEntity"[0m [94mWHERE[0m 
[37m([0m[37m([0m[37m"UserEntity"[0m[37m.[0m[37m"id"[0m [37m=[0m 
[37m$[0m[32m1[0m[37m)[0m[37m)[0m [94mLIMIT[0m [32m1[0m [90m-- 
PARAMETERS: ["00000000-0000-0000-0000-000000000000"][0m

      at PlatformTools.logInfo (../src/platform/PlatformTools.ts:262:17)

    console.log
      [90m[4mquery:[24m[39m [37mSTART[0m [37mTRANSACTION[0m

      at PlatformTools.logInfo (../src/platform/PlatformTools.ts:262:17)

    console.log
      [90m[4mquery:[24m[39m [94mINSERT INTO[0m 
[37m"users"[0m[37m([0m[37m"id"[0m[37m,[0m [37m"name"[0m[37m,[0m 
[37m"email"[0m[37m,[0m [37m"role"[0m[37m,[0m 
[37m"created_at"[0m[37m,[0m [37m"updated_at"[0m[37m)[0m 
[94mVALUES[0m [37m([0m[94mDEFAULT[0m[37m,[0m 
[37m$[0m[32m1[0m[37m,[0m [37m$[0m[32m2[0m[37m,[0m 
[37m$[0m[32m3[0m[37m,[0m [94mDEFAULT[0m[37m,[0m 
[94mDEFAULT[0m[37m)[0m [94mRETURNING[0m [37m"id"[0m[37m,[0m 
[37m"created_at"[0m[37m,[0m [37m"updated_at"[0m [90m-- PARAMETERS: 
["Usuario a Eliminar","eliminar.test@example.com","student"][0m

      at PlatformTools.logInfo (../src/platform/PlatformTools.ts:262:17)

    console.log
      [90m[4mquery:[24m[39m [94mCOMMIT[0m

      at PlatformTools.logInfo (../src/platform/PlatformTools.ts:262:17)

    console.log
      [90m[4mquery:[24m[39m [94mSELECT[0m 
[37m"UserEntity"[0m[37m.[0m[37m"id"[0m [94mAS[0m 
[37m"UserEntity_id"[0m[37m,[0m 
[37m"UserEntity"[0m[37m.[0m[37m"name"[0m [94mAS[0m 
[37m"UserEntity_name"[0m[37m,[0m 
[37m"UserEntity"[0m[37m.[0m[37m"email"[0m [94mAS[0m 
[37m"UserEntity_email"[0m[37m,[0m 
[37m"UserEntity"[0m[37m.[0m[37m"role"[0m [94mAS[0m 
[37m"UserEntity_role"[0m[37m,[0m 
[37m"UserEntity"[0m[37m.[0m[37m"created_at"[0m [94mAS[0m 
[37m"UserEntity_created_at"[0m[37m,[0m 
[37m"UserEntity"[0m[37m.[0m[37m"updated_at"[0m [94mAS[0m 
[37m"UserEntity_updated_at"[0m [94mFROM[0m [37m"users"[0m 
[37m"UserEntity"[0m [94mWHERE[0m 
[37m([0m[37m([0m[37m"UserEntity"[0m[37m.[0m[37m"id"[0m [37m=[0m 
[37m$[0m[32m1[0m[37m)[0m[37m)[0m [94mLIMIT[0m [32m1[0m [90m-- 
PARAMETERS: ["41a6057d-8a96-4d35-aba9-9bda52fa6d81"][0m

      at PlatformTools.logInfo (../src/platform/PlatformTools.ts:262:17)

    console.log
      [90m[4mquery:[24m[39m [94mSELECT[0m 
[37m"UserEntity"[0m[37m.[0m[37m"id"[0m [94mAS[0m 
[37m"UserEntity_id"[0m[37m,[0m 
[37m"UserEntity"[0m[37m.[0m[37m"name"[0m [94mAS[0m 
[37m"UserEntity_name"[0m[37m,[0m 
[37m"UserEntity"[0m[37m.[0m[37m"email"[0m [94mAS[0m 
[37m"UserEntity_email"[0m[37m,[0m 
[37m"UserEntity"[0m[37m.[0m[37m"role"[0m [94mAS[0m 
[37m"UserEntity_role"[0m[37m,[0m 
[37m"UserEntity"[0m[37m.[0m[37m"created_at"[0m [94mAS[0m 
[37m"UserEntity_created_at"[0m[37m,[0m 
[37m"UserEntity"[0m[37m.[0m[37m"updated_at"[0m [94mAS[0m 
[37m"UserEntity_updated_at"[0m [94mFROM[0m [37m"users"[0m 
[37m"UserEntity"[0m [94mWHERE[0m 
[37m"UserEntity"[0m[37m.[0m[37m"id"[0m [94mIN[0m 
[37m([0m[37m$[0m[32m1[0m[37m)[0m [90m-- PARAMETERS: 
["41a6057d-8a96-4d35-aba9-9bda52fa6d81"][0m

      at PlatformTools.logInfo (../src/platform/PlatformTools.ts:262:17)
          at async Promise.all (index 0)
          at async Promise.all (index 0)

    console.log
      [90m[4mquery:[24m[39m [37mSTART[0m [37mTRANSACTION[0m

      at PlatformTools.logInfo (../src/platform/PlatformTools.ts:262:17)

    console.log
      [90m[4mquery:[24m[39m [94mDELETE[0m [94mFROM[0m [37m"users"[0m 
[94mWHERE[0m [37m"id"[0m [37m=[0m [37m$[0m[32m1[0m [90m-- 
PARAMETERS: ["41a6057d-8a96-4d35-aba9-9bda52fa6d81"][0m

      at PlatformTools.logInfo (../src/platform/PlatformTools.ts:262:17)

    console.log
      [90m[4mquery:[24m[39m [94mCOMMIT[0m

      at PlatformTools.logInfo (../src/platform/PlatformTools.ts:262:17)

    console.log
      [90m[4mquery:[24m[39m [94mSELECT[0m 
[37m"UserEntity"[0m[37m.[0m[37m"id"[0m [94mAS[0m 
[37m"UserEntity_id"[0m[37m,[0m 
[37m"UserEntity"[0m[37m.[0m[37m"name"[0m [94mAS[0m 
[37m"UserEntity_name"[0m[37m,[0m 
[37m"UserEntity"[0m[37m.[0m[37m"email"[0m [94mAS[0m 
[37m"UserEntity_email"[0m[37m,[0m 
[37m"UserEntity"[0m[37m.[0m[37m"role"[0m [94mAS[0m 
[37m"UserEntity_role"[0m[37m,[0m 
[37m"UserEntity"[0m[37m.[0m[37m"created_at"[0m [94mAS[0m 
[37m"UserEntity_created_at"[0m[37m,[0m 
[37m"UserEntity"[0m[37m.[0m[37m"updated_at"[0m [94mAS[0m 
[37m"UserEntity_updated_at"[0m [94mFROM[0m [37m"users"[0m 
[37m"UserEntity"[0m [94mWHERE[0m 
[37m([0m[37m([0m[37m"UserEntity"[0m[37m.[0m[37m"id"[0m [37m=[0m 
[37m$[0m[32m1[0m[37m)[0m[37m)[0m [94mLIMIT[0m [32m1[0m [90m-- 
PARAMETERS: ["41a6057d-8a96-4d35-aba9-9bda52fa6d81"][0m

      at PlatformTools.logInfo (../src/platform/PlatformTools.ts:262:17)

    console.log
      [90m[4mquery:[24m[39m [94mSELECT[0m 
[37m"UserEntity"[0m[37m.[0m[37m"id"[0m [94mAS[0m 
[37m"UserEntity_id"[0m[37m,[0m 
[37m"UserEntity"[0m[37m.[0m[37m"name"[0m [94mAS[0m 
[37m"UserEntity_name"[0m[37m,[0m 
[37m"UserEntity"[0m[37m.[0m[37m"email"[0m [94mAS[0m 
[37m"UserEntity_email"[0m[37m,[0m 
[37m"UserEntity"[0m[37m.[0m[37m"role"[0m [94mAS[0m 
[37m"UserEntity_role"[0m[37m,[0m 
[37m"UserEntity"[0m[37m.[0m[37m"created_at"[0m [94mAS[0m 
[37m"UserEntity_created_at"[0m[37m,[0m 
[37m"UserEntity"[0m[37m.[0m[37m"updated_at"[0m [94mAS[0m 
[37m"UserEntity_updated_at"[0m [94mFROM[0m [37m"users"[0m 
[37m"UserEntity"[0m [94mWHERE[0m 
[37m([0m[37m([0m[37m"UserEntity"[0m[37m.[0m[37m"id"[0m [37m=[0m 
[37m$[0m[32m1[0m[37m)[0m[37m)[0m [94mLIMIT[0m [32m1[0m [90m-- 
PARAMETERS: ["00000000-0000-0000-0000-000000000000"][0m

      at PlatformTools.logInfo (../src/platform/PlatformTools.ts:262:17)

  ÔùÅ Users (e2e) ÔÇ║ PUT /users/:id ÔÇ║ debe actualizar un usuario 
correctamente y retornar 200

    expect(received).toHaveProperty(path, value)

    Expected path: "email"
    Received path: []

    Expected value: "ana.test@example.com"
    Received value: {"createdAt": "2026-02-18T08:27:05.926Z", "id": 
"fceaf7e5-5756-4b07-b43d-2c2c2852b247", "name": "Ana Actualizada", 
"updatedAt": "2026-02-18T08:27:05.956Z"}

    [0m [90m 153 |[39m         })
     [90m 154 |[39m         [33m.[39mexpect([35m200[39m)
    [31m[1m>[22m[39m[90m 155 |[39m         [33m.[39mexpect((res) 
[33m=>[39m {
     [90m     |[39m          [31m[1m^[22m[39m
     [90m 156 |[39m           expect(res[33m.[39mbody)[33m.[39mtoHaveProp
erty([32m'name'[39m[33m,[39m [32m'Ana Actualizada'[39m)[33m;[39m
     [90m 157 |[39m           expect(res[33m.[39mbody)[33m.[39mtoHaveProp
erty([32m'email'[39m[33m,[39m [32m'ana.test@example.com'[39m)[33m;[39m
     [90m 158 |[39m         })[33m;[39m[0m

      at Object.<anonymous> (users.e2e-spec.ts:155:10)
      ----
      at users.e2e-spec.ts:157:28
      at ../node_modules/supertest/lib/test.js:365:13
      at Test._assertFunction (../node_modules/supertest/lib/test.js:342:13)
      at Test.assert (../node_modules/supertest/lib/test.js:195:23)
      at localAssert (../node_modules/supertest/lib/test.js:138:14)
      at Server.<anonymous> (../node_modules/supertest/lib/test.js:152:11)

[31m[Nest] 27692  - [39m17/02/2026, 10:27:06 p. m. [31m  ERROR[39m 
[38;5;3m[HttpExceptionFilter] [39m[31mPUT 
/bookings/00000000-0000-0000-0000-000000000000[39m
NotFoundException: Booking with id 00000000-0000-0000-0000-000000000000 not 
found
    at BookingsService.findOne (C:\Users\camil\Documents\IETI\TutorConnect-Back
end\src\modules\bookings\bookings.service.ts:46:25)
    at processTicksAndRejections (node:internal/process/task_queues:103:5)
    at BookingsService.update (C:\Users\camil\Documents\IETI\TutorConnect-Backe
nd\src\modules\bookings\bookings.service.ts:51:21)
    at BookingsController.update (C:\Users\camil\Documents\IETI\TutorConnect-Ba
ckend\src\modules\bookings\bookings.controller.ts:42:12)
    at C:\Users\camil\Documents\IETI\TutorConnect-Backend\node_modules\@nestjs\
core\router\router-execution-context.js:46:28
    at C:\Users\camil\Documents\IETI\TutorConnect-Backend\node_modules\@nestjs\
core\router\router-proxy.js:9:17
[31m[Nest] 27692  - [39m17/02/2026, 10:27:06 p. m. [31m  ERROR[39m 
[38;5;3m[HttpExceptionFilter] [39m[31mGET 
/bookings/445b2754-277e-4829-bb50-0831cab57dcc[39m
NotFoundException: Booking with id 445b2754-277e-4829-bb50-0831cab57dcc not 
found
    at BookingsService.findOne (C:\Users\camil\Documents\IETI\TutorConnect-Back
end\src\modules\bookings\bookings.service.ts:46:25)
    at processTicksAndRejections (node:internal/process/task_queues:103:5)
    at BookingsController.findOne (C:\Users\camil\Documents\IETI\TutorConnect-B
ackend\src\modules\bookings\bookings.controller.ts:36:12)
    at C:\Users\camil\Documents\IETI\TutorConnect-Backend\node_modules\@nestjs\
core\router\router-execution-context.js:46:28
    at C:\Users\camil\Documents\IETI\TutorConnect-Backend\node_modules\@nestjs\
core\router\router-proxy.js:9:17
[31m[Nest] 27692  - [39m17/02/2026, 10:27:06 p. m. [31m  ERROR[39m 
[38;5;3m[HttpExceptionFilter] [39m[31mDELETE 
/bookings/00000000-0000-0000-0000-000000000000[39m
NotFoundException: Booking with id 00000000-0000-0000-0000-000000000000 not 
found
    at BookingsService.findOne (C:\Users\camil\Documents\IETI\TutorConnect-Back
end\src\modules\bookings\bookings.service.ts:46:25)
    at processTicksAndRejections (node:internal/process/task_queues:103:5)
    at BookingsService.remove (C:\Users\camil\Documents\IETI\TutorConnect-Backe
nd\src\modules\bookings\bookings.service.ts:60:21)
    at BookingsController.remove (C:\Users\camil\Documents\IETI\TutorConnect-Ba
ckend\src\modules\bookings\bookings.controller.ts:48:5)
    at C:\Users\camil\Documents\IETI\TutorConnect-Backend\node_modules\@nestjs\
core\router\router-execution-context.js:46:28
    at C:\Users\camil\Documents\IETI\TutorConnect-Backend\node_modules\@nestjs\
core\router\router-proxy.js:9:17
[31m[Nest] 4880  - [39m17/02/2026, 10:27:06 p. m. [31m  ERROR[39m 
[38;5;3m[HttpExceptionFilter] [39m[31mPUT 
/tutors/00000000-0000-0000-0000-000000000000[39m
NotFoundException: Tutor with id 00000000-0000-0000-0000-000000000000 not found
    at TutorsService.findOne (C:\Users\camil\Documents\IETI\TutorConnect-Backen
d\src\modules\tutors\tutors.service.ts:39:23)
    at processTicksAndRejections (node:internal/process/task_queues:103:5)
    at TutorsService.update (C:\Users\camil\Documents\IETI\TutorConnect-Backend
\src\modules\tutors\tutors.service.ts:44:19)
    at TutorsController.update (C:\Users\camil\Documents\IETI\TutorConnect-Back
end\src\modules\tutors\tutors.controller.ts:42:12)
    at C:\Users\camil\Documents\IETI\TutorConnect-Backend\node_modules\@nestjs\
core\router\router-execution-context.js:46:28
    at C:\Users\camil\Documents\IETI\TutorConnect-Backend\node_modules\@nestjs\
core\router\router-proxy.js:9:17
[31m[Nest] 4880  - [39m17/02/2026, 10:27:06 p. m. [31m  ERROR[39m 
[38;5;3m[HttpExceptionFilter] [39m[31mGET 
/tutors/04762bf1-2e0f-4dbe-a17f-c99ad50e93e4[39m
NotFoundException: Tutor with id 04762bf1-2e0f-4dbe-a17f-c99ad50e93e4 not found
    at TutorsService.findOne (C:\Users\camil\Documents\IETI\TutorConnect-Backen
d\src\modules\tutors\tutors.service.ts:39:23)
    at processTicksAndRejections (node:internal/process/task_queues:103:5)
    at TutorsController.findOne (C:\Users\camil\Documents\IETI\TutorConnect-Bac
kend\src\modules\tutors\tutors.controller.ts:36:12)
    at C:\Users\camil\Documents\IETI\TutorConnect-Backend\node_modules\@nestjs\
core\router\router-execution-context.js:46:28
    at C:\Users\camil\Documents\IETI\TutorConnect-Backend\node_modules\@nestjs\
core\router\router-proxy.js:9:17
[31m[Nest] 4880  - [39m17/02/2026, 10:27:06 p. m. [31m  ERROR[39m 
[38;5;3m[HttpExceptionFilter] [39m[31mDELETE 
/tutors/00000000-0000-0000-0000-000000000000[39m
NotFoundException: Tutor with id 00000000-0000-0000-0000-000000000000 not found
    at TutorsService.findOne (C:\Users\camil\Documents\IETI\TutorConnect-Backen
d\src\modules\tutors\tutors.service.ts:39:23)
    at processTicksAndRejections (node:internal/process/task_queues:103:5)
    at TutorsService.remove (C:\Users\camil\Documents\IETI\TutorConnect-Backend
\src\modules\tutors\tutors.service.ts:51:19)
    at TutorsController.remove (C:\Users\camil\Documents\IETI\TutorConnect-Back
end\src\modules\tutors\tutors.controller.ts:48:5)
    at C:\Users\camil\Documents\IETI\TutorConnect-Backend\node_modules\@nestjs\
core\router\router-execution-context.js:46:28
    at C:\Users\camil\Documents\IETI\TutorConnect-Backend\node_modules\@nestjs\
core\router\router-proxy.js:9:17
PASS test/bookings.e2e-spec.ts
  ÔùÅ Console

    console.log
      [dotenv@17.2.3] injecting env (8) from .env.test -- tip: ƒöÉ encrypt 
with Dotenvx: https://dotenvx.com

      at _log (../node_modules/dotenv/lib/main.js:142:11)

    console.log
      [90m[4mquery:[24m[39m [94mSELECT[0m 
[95mversion[0m[37m([0m[37m)[0m

      at PlatformTools.logInfo (../src/platform/PlatformTools.ts:262:17)

    console.log
      [90m[4mquery:[24m[39m [94mSELECT[0m [37m*[0m [94mFROM[0m 
[95mcurrent_schema[0m[37m([0m[37m)[0m

      at PlatformTools.logInfo (../src/platform/PlatformTools.ts:262:17)

    console.log
      [90m[4mquery:[24m[39m [94mCREATE[0m [37mEXTENSION[0m [94mIF[0m 
[94mNOT[0m [94mEXISTS[0m [37m"uuid-ossp"[0m

      at PlatformTools.logInfo (../src/platform/PlatformTools.ts:262:17)

    console.log
      [90m[4mquery:[24m[39m [37mSTART[0m [37mTRANSACTION[0m

      at PlatformTools.logInfo (../src/platform/PlatformTools.ts:262:17)

    console.log
      [90m[4mquery:[24m[39m [94mSELECT[0m [37m*[0m [94mFROM[0m 
[95mcurrent_schema[0m[37m([0m[37m)[0m

      at PlatformTools.logInfo (../src/platform/PlatformTools.ts:262:17)

    console.log
      [90m[4mquery:[24m[39m [94mSELECT[0m [37m*[0m [94mFROM[0m 
[95mcurrent_database[0m[37m([0m[37m)[0m

      at PlatformTools.logInfo (../src/platform/PlatformTools.ts:262:17)

    console.log
      [90m[4mquery:[24m[39m [94mSELECT[0m 
[37m"table_schema"[0m[37m,[0m [37m"table_name"[0m[37m,[0m 
[95mobj_description[0m[37m([0m[37m([0m[37m'"'[0m [37m|[0m[37m|[0m 
[37m"table_schema"[0m [37m|[0m[37m|[0m [37m'"."'[0m 
[37m|[0m[37m|[0m [37m"table_name"[0m [37m|[0m[37m|[0m 
[37m'"'[0m[37m)[0m[37m:[0m[37m:[0m[37mregclass[0m[37m,[0m 
[37m'pg_class'[0m[37m)[0m [94mAS[0m [37mtable_comment[0m [94mFROM[0m 
[37m"information_schema"[0m[37m.[0m[37m"tables"[0m [94mWHERE[0m 
[37m([0m[37m"table_schema"[0m [37m=[0m [37m'public'[0m [94mAND[0m 
[37m"table_name"[0m [37m=[0m [37m'tutors'[0m[37m)[0m [94mOR[0m 
[37m([0m[37m"table_schema"[0m [37m=[0m [37m'public'[0m [94mAND[0m 
[37m"table_name"[0m [37m=[0m [37m'users'[0m[37m)[0m [94mOR[0m 
[37m([0m[37m"table_schema"[0m [37m=[0m [37m'public'[0m [94mAND[0m 
[37m"table_name"[0m [37m=[0m [37m'bookings'[0m[37m)[0m

      at PlatformTools.logInfo (../src/platform/PlatformTools.ts:262:17)

    console.log
      [90m[4mquery:[24m[39m [94mSELECT[0m [94mTRUE[0m [94mFROM[0m 
[37minformation_schema[0m[37m.[0m[37mcolumns[0m [94mWHERE[0m 
[37mtable_name[0m [37m=[0m [37m'pg_class'[0m [94mand[0m 
[37mcolumn_name[0m [37m=[0m [37m'relispartition'[0m

      at PlatformTools.logInfo (../src/platform/PlatformTools.ts:262:17)

    console.log
      [90m[4mquery:[24m[39m [94mSELECT[0m 
[37mcolumns[0m[37m.[0m[37m*[0m[37m,[0m [37mpg_catalog[0m[37m.[0m[9
5mcol_description[0m[37m([0m[37m([0m[37m'"'[0m [37m|[0m[37m|[0m 
[37mtable_catalog[0m [37m|[0m[37m|[0m [37m'"."'[0m 
[37m|[0m[37m|[0m [37mtable_schema[0m [37m|[0m[37m|[0m [37m'"."'[0m 
[37m|[0m[37m|[0m [37mtable_name[0m [37m|[0m[37m|[0m [37m'"'[0m[37m
)[0m[37m:[0m[37m:[0m[37mregclass[0m[37m:[0m[37m:[0m[37moid[0m[37m
,[0m [37mordinal_position[0m[37m)[0m [94mAS[0m 
[37mdescription[0m[37m,[0m [37m([0m[37m'"'[0m [37m|[0m[37m|[0m 
[37m"udt_schema"[0m [37m|[0m[37m|[0m [37m'"."'[0m [37m|[0m[37m|[0m 
[37m"udt_name"[0m [37m|[0m[37m|[0m [37m'"'[0m[37m)[0m[37m:[0m[37m:
[0m[37m"regtype"[0m[37m:[0m[37m:[0m[94mtext[0m [94mAS[0m 
[37m"regtype"[0m[37m,[0m [37mpg_catalog[0m[37m.[0m[95mformat_type[0m
[37m([0m[37m"col_attr"[0m[37m.[0m[37m"atttypid"[0m[37m,[0m 
[37m"col_attr"[0m[37m.[0m[37m"atttypmod"[0m[37m)[0m [94mAS[0m 
[37m"format_type"[0m [94mFROM[0m 
[37m"information_schema"[0m[37m.[0m[37m"columns"[0m [94mLEFT JOIN[0m 
[37m"pg_catalog"[0m[37m.[0m[37m"pg_attribute"[0m [94mAS[0m 
[37m"col_attr"[0m [94mON[0m 
[37m"col_attr"[0m[37m.[0m[37m"attname"[0m [37m=[0m 
[37m"columns"[0m[37m.[0m[37m"column_name"[0m [94mAND[0m 
[37m"col_attr"[0m[37m.[0m[37m"attrelid"[0m [37m=[0m [37m([0m 
[94mSELECT[0m [37m"cls"[0m[37m.[0m[37m"oid"[0m [94mFROM[0m 
[37m"pg_catalog"[0m[37m.[0m[37m"pg_class"[0m [94mAS[0m [37m"cls"[0m 
[94mLEFT JOIN[0m [37m"pg_catalog"[0m[37m.[0m[37m"pg_namespace"[0m 
[94mAS[0m [37m"ns"[0m [94mON[0m [37m"ns"[0m[37m.[0m[37m"oid"[0m 
[37m=[0m [37m"cls"[0m[37m.[0m[37m"relnamespace"[0m [94mWHERE[0m 
[37m"cls"[0m[37m.[0m[37m"relname"[0m [37m=[0m 
[37m"columns"[0m[37m.[0m[37m"table_name"[0m [94mAND[0m 
[37m"ns"[0m[37m.[0m[37m"nspname"[0m [37m=[0m 
[37m"columns"[0m[37m.[0m[37m"table_schema"[0m [37m)[0m [94mWHERE[0m 
[37m([0m[37m"table_schema"[0m [37m=[0m [37m'public'[0m [94mAND[0m 
[37m"table_name"[0m [37m=[0m [37m'tutors'[0m[37m)[0m [94mOR[0m 
[37m([0m[37m"table_schema"[0m [37m=[0m [37m'public'[0m [94mAND[0m 
[37m"table_name"[0m [37m=[0m [37m'users'[0m[37m)[0m [94mOR[0m 
[37m([0m[37m"table_schema"[0m [37m=[0m [37m'public'[0m [94mAND[0m 
[37m"table_name"[0m [37m=[0m [37m'bookings'[0m[37m)[0m

      at PlatformTools.logInfo (../src/platform/PlatformTools.ts:262:17)
          at async Promise.all (index 0)

    console.log
      [90m[4mquery:[24m[39m [94mSELECT[0m 
[37m"ns"[0m[37m.[0m[37m"nspname"[0m [94mAS[0m 
[37m"table_schema"[0m[37m,[0m [37m"t"[0m[37m.[0m[37m"relname"[0m 
[94mAS[0m [37m"table_name"[0m[37m,[0m 
[37m"cnst"[0m[37m.[0m[37m"conname"[0m [94mAS[0m 
[37m"constraint_name"[0m[37m,[0m [95mpg_get_constraintdef[0m[37m([0m[3
7m"cnst"[0m[37m.[0m[37m"oid"[0m[37m)[0m [94mAS[0m 
[37m"expression"[0m[37m,[0m [94mCASE[0m 
[37m"cnst"[0m[37m.[0m[37m"contype"[0m [94mWHEN[0m [37m'p'[0m 
[94mTHEN[0m [37m'PRIMARY'[0m [94mWHEN[0m [37m'u'[0m [94mTHEN[0m 
[37m'UNIQUE'[0m [94mWHEN[0m [37m'c'[0m [94mTHEN[0m [37m'CHECK'[0m 
[94mWHEN[0m [37m'x'[0m [94mTHEN[0m [37m'EXCLUDE'[0m [94mEND[0m 
[94mAS[0m [37m"constraint_type"[0m[37m,[0m 
[37m"a"[0m[37m.[0m[37m"attname"[0m [94mAS[0m [37m"column_name"[0m 
[94mFROM[0m [37m"pg_constraint"[0m [37m"cnst"[0m [94mINNER JOIN[0m 
[37m"pg_class"[0m [37m"t"[0m [94mON[0m 
[37m"t"[0m[37m.[0m[37m"oid"[0m [37m=[0m 
[37m"cnst"[0m[37m.[0m[37m"conrelid"[0m [94mINNER JOIN[0m 
[37m"pg_namespace"[0m [37m"ns"[0m [94mON[0m 
[37m"ns"[0m[37m.[0m[37m"oid"[0m [37m=[0m 
[37m"cnst"[0m[37m.[0m[37m"connamespace"[0m [94mLEFT JOIN[0m 
[37m"pg_attribute"[0m [37m"a"[0m [94mON[0m 
[37m"a"[0m[37m.[0m[37m"attrelid"[0m [37m=[0m 
[37m"cnst"[0m[37m.[0m[37m"conrelid"[0m [94mAND[0m 
[37m"a"[0m[37m.[0m[37m"attnum"[0m [37m=[0m [94mANY[0m 
[37m([0m[37m"cnst"[0m[37m.[0m[37m"conkey"[0m[37m)[0m [94mWHERE[0m 
[37m"t"[0m[37m.[0m[37m"relkind"[0m [94mIN[0m 
[37m([0m[37m'r'[0m[37m,[0m [37m'p'[0m[37m)[0m [94mAND[0m 
[37m([0m[37m([0m[37m"ns"[0m[37m.[0m[37m"nspname"[0m [37m=[0m 
[37m'public'[0m [94mAND[0m [37m"t"[0m[37m.[0m[37m"relname"[0m 
[37m=[0m [37m'tutors'[0m[37m)[0m [94mOR[0m 
[37m([0m[37m"ns"[0m[37m.[0m[37m"nspname"[0m [37m=[0m 
[37m'public'[0m [94mAND[0m [37m"t"[0m[37m.[0m[37m"relname"[0m 
[37m=[0m [37m'users'[0m[37m)[0m [94mOR[0m 
[37m([0m[37m"ns"[0m[37m.[0m[37m"nspname"[0m [37m=[0m 
[37m'public'[0m [94mAND[0m [37m"t"[0m[37m.[0m[37m"relname"[0m 
[37m=[0m [37m'bookings'[0m[37m)[0m[37m)[0m

      at PlatformTools.logInfo (../src/platform/PlatformTools.ts:262:17)
          at async Promise.all (index 1)

    console.log
      [90m[4mquery:[24m[39m [94mSELECT[0m 
[37m"ns"[0m[37m.[0m[37m"nspname"[0m [94mAS[0m 
[37m"table_schema"[0m[37m,[0m [37m"t"[0m[37m.[0m[37m"relname"[0m 
[94mAS[0m [37m"table_name"[0m[37m,[0m 
[37m"i"[0m[37m.[0m[37m"relname"[0m [94mAS[0m 
[37m"constraint_name"[0m[37m,[0m [37m"a"[0m[37m.[0m[37m"attname"[0m 
[94mAS[0m [37m"column_name"[0m[37m,[0m [94mCASE[0m 
[37m"ix"[0m[37m.[0m[37m"indisunique"[0m [94mWHEN[0m [37m't'[0m 
[94mTHEN[0m [37m'TRUE'[0m [94mELSE[0m[37m'FALSE'[0m [94mEND[0m 
[94mAS[0m [37m"is_unique"[0m[37m,[0m [95mpg_get_expr[0m[37m([0m[37m"
ix"[0m[37m.[0m[37m"indpred"[0m[37m,[0m 
[37m"ix"[0m[37m.[0m[37m"indrelid"[0m[37m)[0m [94mAS[0m 
[37m"condition"[0m[37m,[0m [37m"types"[0m[37m.[0m[37m"typname"[0m 
[94mAS[0m [37m"type_name"[0m[37m,[0m 
[37m"am"[0m[37m.[0m[37m"amname"[0m [94mAS[0m [37m"index_type"[0m 
[94mFROM[0m [37m"pg_class"[0m [37m"t"[0m [94mINNER JOIN[0m 
[37m"pg_index"[0m [37m"ix"[0m [94mON[0m 
[37m"ix"[0m[37m.[0m[37m"indrelid"[0m [37m=[0m 
[37m"t"[0m[37m.[0m[37m"oid"[0m [94mINNER JOIN[0m 
[37m"pg_attribute"[0m [37m"a"[0m [94mON[0m 
[37m"a"[0m[37m.[0m[37m"attrelid"[0m [37m=[0m 
[37m"t"[0m[37m.[0m[37m"oid"[0m  [94mAND[0m 
[37m"a"[0m[37m.[0m[37m"attnum"[0m [37m=[0m [94mANY[0m 
[37m([0m[37m"ix"[0m[37m.[0m[37m"indkey"[0m[37m)[0m [94mINNER 
JOIN[0m [37m"pg_namespace"[0m [37m"ns"[0m [94mON[0m 
[37m"ns"[0m[37m.[0m[37m"oid"[0m [37m=[0m 
[37m"t"[0m[37m.[0m[37m"relnamespace"[0m [94mINNER JOIN[0m 
[37m"pg_class"[0m [37m"i"[0m [94mON[0m 
[37m"i"[0m[37m.[0m[37m"oid"[0m [37m=[0m 
[37m"ix"[0m[37m.[0m[37m"indexrelid"[0m [94mINNER JOIN[0m 
[37m"pg_type"[0m [37m"types"[0m [94mON[0m 
[37m"types"[0m[37m.[0m[37m"oid"[0m [37m=[0m 
[37m"a"[0m[37m.[0m[37m"atttypid"[0m [94mINNER JOIN[0m [37m"pg_am"[0m 
[37m"am"[0m [94mON[0m [37m"i"[0m[37m.[0m[37m"relam"[0m [37m=[0m 
[37m"am"[0m[37m.[0m[37m"oid"[0m [94mLEFT JOIN[0m 
[37m"pg_constraint"[0m [37m"cnst"[0m [94mON[0m 
[37m"cnst"[0m[37m.[0m[37m"conname"[0m [37m=[0m 
[37m"i"[0m[37m.[0m[37m"relname"[0m [94mWHERE[0m 
[37m"t"[0m[37m.[0m[37m"relkind"[0m [94mIN[0m 
[37m([0m[37m'r'[0m[37m,[0m [37m'p'[0m[37m)[0m [94mAND[0m 
[37m"cnst"[0m[37m.[0m[37m"contype"[0m [94mIS NULL[0m [94mAND[0m 
[37m([0m[37m([0m[37m"ns"[0m[37m.[0m[37m"nspname"[0m [37m=[0m 
[37m'public'[0m [94mAND[0m [37m"t"[0m[37m.[0m[37m"relname"[0m 
[37m=[0m [37m'tutors'[0m[37m)[0m [94mOR[0m 
[37m([0m[37m"ns"[0m[37m.[0m[37m"nspname"[0m [37m=[0m 
[37m'public'[0m [94mAND[0m [37m"t"[0m[37m.[0m[37m"relname"[0m 
[37m=[0m [37m'users'[0m[37m)[0m [94mOR[0m 
[37m([0m[37m"ns"[0m[37m.[0m[37m"nspname"[0m [37m=[0m 
[37m'public'[0m [94mAND[0m [37m"t"[0m[37m.[0m[37m"relname"[0m 
[37m=[0m [37m'bookings'[0m[37m)[0m[37m)[0m

      at PlatformTools.logInfo (../src/platform/PlatformTools.ts:262:17)
          at async Promise.all (index 2)

    console.log
      [90m[4mquery:[24m[39m [94mSELECT[0m 
[37m"con"[0m[37m.[0m[37m"conname"[0m [94mAS[0m 
[37m"constraint_name"[0m[37m,[0m 
[37m"con"[0m[37m.[0m[37m"nspname"[0m [94mAS[0m 
[37m"table_schema"[0m[37m,[0m [37m"con"[0m[37m.[0m[37m"relname"[0m 
[94mAS[0m [37m"table_name"[0m[37m,[0m 
[37m"att2"[0m[37m.[0m[37m"attname"[0m [94mAS[0m 
[37m"column_name"[0m[37m,[0m [37m"ns"[0m[37m.[0m[37m"nspname"[0m 
[94mAS[0m [37m"referenced_table_schema"[0m[37m,[0m 
[37m"cl"[0m[37m.[0m[37m"relname"[0m [94mAS[0m 
[37m"referenced_table_name"[0m[37m,[0m 
[37m"att"[0m[37m.[0m[37m"attname"[0m [94mAS[0m 
[37m"referenced_column_name"[0m[37m,[0m 
[37m"con"[0m[37m.[0m[37m"confdeltype"[0m [94mAS[0m 
[37m"on_delete"[0m[37m,[0m [37m"con"[0m[37m.[0m[37m"confupdtype"[0m 
[94mAS[0m [37m"on_update"[0m[37m,[0m 
[37m"con"[0m[37m.[0m[37m"condeferrable"[0m [94mAS[0m 
[37m"deferrable"[0m[37m,[0m [37m"con"[0m[37m.[0m[37m"condeferred"[0m 
[94mAS[0m [37m"deferred"[0m [94mFROM[0m [37m([0m [94mSELECT[0m 
[95mUNNEST[0m [37m([0m[37m"con1"[0m[37m.[0m[37m"conkey"[0m[37m)[0m 
[94mAS[0m [37m"parent"[0m[37m,[0m [95mUNNEST[0m 
[37m([0m[37m"con1"[0m[37m.[0m[37m"confkey"[0m[37m)[0m [94mAS[0m 
[37m"child"[0m[37m,[0m 
[37m"con1"[0m[37m.[0m[37m"confrelid"[0m[37m,[0m 
[37m"con1"[0m[37m.[0m[37m"conrelid"[0m[37m,[0m 
[37m"con1"[0m[37m.[0m[37m"conname"[0m[37m,[0m 
[37m"con1"[0m[37m.[0m[37m"contype"[0m[37m,[0m 
[37m"ns"[0m[37m.[0m[37m"nspname"[0m[37m,[0m 
[37m"cl"[0m[37m.[0m[37m"relname"[0m[37m,[0m 
[37m"con1"[0m[37m.[0m[37m"condeferrable"[0m[37m,[0m [94mCASE[0m 
[94mWHEN[0m [37m"con1"[0m[37m.[0m[37m"condeferred"[0m [94mTHEN[0m 
[37m'INITIALLY DEFERRED'[0m [94mELSE[0m [37m'INITIALLY IMMEDIATE'[0m 
[94mEND[0m [94mas[0m [37mcondeferred[0m[37m,[0m [94mCASE[0m 
[37m"con1"[0m[37m.[0m[37m"confdeltype"[0m [94mWHEN[0m [37m'a'[0m 
[94mTHEN[0m [37m'NO ACTION'[0m [94mWHEN[0m [37m'r'[0m [94mTHEN[0m 
[37m'RESTRICT'[0m [94mWHEN[0m [37m'c'[0m [94mTHEN[0m 
[37m'CASCADE'[0m [94mWHEN[0m [37m'n'[0m [94mTHEN[0m [37m'SET 
NULL'[0m [94mWHEN[0m [37m'd'[0m [94mTHEN[0m [37m'SET DEFAULT'[0m 
[94mEND[0m [94mas[0m [37m"confdeltype"[0m[37m,[0m [94mCASE[0m 
[37m"con1"[0m[37m.[0m[37m"confupdtype"[0m [94mWHEN[0m [37m'a'[0m 
[94mTHEN[0m [37m'NO ACTION'[0m [94mWHEN[0m [37m'r'[0m [94mTHEN[0m 
[37m'RESTRICT'[0m [94mWHEN[0m [37m'c'[0m [94mTHEN[0m 
[37m'CASCADE'[0m [94mWHEN[0m [37m'n'[0m [94mTHEN[0m [37m'SET 
NULL'[0m [94mWHEN[0m [37m'd'[0m [94mTHEN[0m [37m'SET DEFAULT'[0m 
[94mEND[0m [94mas[0m [37m"confupdtype"[0m [94mFROM[0m 
[37m"pg_class"[0m [37m"cl"[0m [94mINNER JOIN[0m [37m"pg_namespace"[0m 
[37m"ns"[0m [94mON[0m [37m"cl"[0m[37m.[0m[37m"relnamespace"[0m 
[37m=[0m [37m"ns"[0m[37m.[0m[37m"oid"[0m [94mINNER JOIN[0m 
[37m"pg_constraint"[0m [37m"con1"[0m [94mON[0m 
[37m"con1"[0m[37m.[0m[37m"conrelid"[0m [37m=[0m 
[37m"cl"[0m[37m.[0m[37m"oid"[0m [94mWHERE[0m 
[37m"con1"[0m[37m.[0m[37m"contype"[0m [37m=[0m [37m'f'[0m 
[94mAND[0m [37m([0m[37m([0m[37m"ns"[0m[37m.[0m[37m"nspname"[0m 
[37m=[0m [37m'public'[0m [94mAND[0m 
[37m"cl"[0m[37m.[0m[37m"relname"[0m [37m=[0m 
[37m'tutors'[0m[37m)[0m [94mOR[0m 
[37m([0m[37m"ns"[0m[37m.[0m[37m"nspname"[0m [37m=[0m 
[37m'public'[0m [94mAND[0m [37m"cl"[0m[37m.[0m[37m"relname"[0m 
[37m=[0m [37m'users'[0m[37m)[0m [94mOR[0m 
[37m([0m[37m"ns"[0m[37m.[0m[37m"nspname"[0m [37m=[0m 
[37m'public'[0m [94mAND[0m [37m"cl"[0m[37m.[0m[37m"relname"[0m 
[37m=[0m [37m'bookings'[0m[37m)[0m[37m)[0m [37m)[0m [37m"con"[0m 
[94mINNER JOIN[0m [37m"pg_attribute"[0m [37m"att"[0m [94mON[0m 
[37m"att"[0m[37m.[0m[37m"attrelid"[0m [37m=[0m 
[37m"con"[0m[37m.[0m[37m"confrelid"[0m [94mAND[0m 
[37m"att"[0m[37m.[0m[37m"attnum"[0m [37m=[0m 
[37m"con"[0m[37m.[0m[37m"child"[0m [94mINNER JOIN[0m 
[37m"pg_class"[0m [37m"cl"[0m [94mON[0m 
[37m"cl"[0m[37m.[0m[37m"oid"[0m [37m=[0m 
[37m"con"[0m[37m.[0m[37m"confrelid"[0m  [94mAND[0m 
[37m"cl"[0m[37m.[0m[37m"relispartition"[0m [37m=[0m 
[37m'f'[0m[94mINNER JOIN[0m [37m"pg_namespace"[0m [37m"ns"[0m 
[94mON[0m [37m"cl"[0m[37m.[0m[37m"relnamespace"[0m [37m=[0m 
[37m"ns"[0m[37m.[0m[37m"oid"[0m [94mINNER JOIN[0m 
[37m"pg_attribute"[0m [37m"att2"[0m [94mON[0m 
[37m"att2"[0m[37m.[0m[37m"attrelid"[0m [37m=[0m 
[37m"con"[0m[37m.[0m[37m"conrelid"[0m [94mAND[0m 
[37m"att2"[0m[37m.[0m[37m"attnum"[0m [37m=[0m 
[37m"con"[0m[37m.[0m[37m"parent"[0m

      at PlatformTools.logInfo (../src/platform/PlatformTools.ts:262:17)
          at async Promise.all (index 3)

    console.log
      [90m[4mquery:[24m[39m [94mSELECT[0m [37m*[0m [94mFROM[0m 
[37m"information_schema"[0m[37m.[0m[37m"tables"[0m [94mWHERE[0m 
[37m"table_schema"[0m [37m=[0m [37m'public'[0m [94mAND[0m 
[37m"table_name"[0m [37m=[0m [37m'typeorm_metadata'[0m

      at PlatformTools.logInfo (../src/platform/PlatformTools.ts:262:17)

    console.log
      [90m[4mquery:[24m[39m [94mCOMMIT[0m

      at PlatformTools.logInfo (../src/platform/PlatformTools.ts:262:17)

    console.log
      [90m[4mquery:[24m[39m [37mSTART[0m [37mTRANSACTION[0m

      at PlatformTools.logInfo (../src/platform/PlatformTools.ts:262:17)

    console.log
      [90m[4mquery:[24m[39m [94mINSERT INTO[0m 
[37m"users"[0m[37m([0m[37m"id"[0m[37m,[0m [37m"name"[0m[37m,[0m 
[37m"email"[0m[37m,[0m [37m"role"[0m[37m,[0m 
[37m"created_at"[0m[37m,[0m [37m"updated_at"[0m[37m)[0m 
[94mVALUES[0m [37m([0m[94mDEFAULT[0m[37m,[0m 
[37m$[0m[32m1[0m[37m,[0m [37m$[0m[32m2[0m[37m,[0m 
[37m$[0m[32m3[0m[37m,[0m [94mDEFAULT[0m[37m,[0m 
[94mDEFAULT[0m[37m)[0m [94mRETURNING[0m [37m"id"[0m[37m,[0m 
[37m"created_at"[0m[37m,[0m [37m"updated_at"[0m [90m-- PARAMETERS: 
["Student Test","student.booking@example.com","student"][0m

      at PlatformTools.logInfo (../src/platform/PlatformTools.ts:262:17)

    console.log
      [90m[4mquery:[24m[39m [94mCOMMIT[0m

      at PlatformTools.logInfo (../src/platform/PlatformTools.ts:262:17)

    console.log
      [90m[4mquery:[24m[39m [37mSTART[0m [37mTRANSACTION[0m

      at PlatformTools.logInfo (../src/platform/PlatformTools.ts:262:17)

    console.log
      [90m[4mquery:[24m[39m [94mINSERT INTO[0m 
[37m"users"[0m[37m([0m[37m"id"[0m[37m,[0m [37m"name"[0m[37m,[0m 
[37m"email"[0m[37m,[0m [37m"role"[0m[37m,[0m 
[37m"created_at"[0m[37m,[0m [37m"updated_at"[0m[37m)[0m 
[94mVALUES[0m [37m([0m[94mDEFAULT[0m[37m,[0m 
[37m$[0m[32m1[0m[37m,[0m [37m$[0m[32m2[0m[37m,[0m 
[37m$[0m[32m3[0m[37m,[0m [94mDEFAULT[0m[37m,[0m 
[94mDEFAULT[0m[37m)[0m [94mRETURNING[0m [37m"id"[0m[37m,[0m 
[37m"created_at"[0m[37m,[0m [37m"updated_at"[0m [90m-- PARAMETERS: 
["Tutor Booking Test","tutor.booking@example.com","tutor"][0m

      at PlatformTools.logInfo (../src/platform/PlatformTools.ts:262:17)

    console.log
      [90m[4mquery:[24m[39m [94mCOMMIT[0m

      at PlatformTools.logInfo (../src/platform/PlatformTools.ts:262:17)

    console.log
      [90m[4mquery:[24m[39m [94mSELECT[0m 
[37m"UserEntity"[0m[37m.[0m[37m"id"[0m [94mAS[0m 
[37m"UserEntity_id"[0m[37m,[0m 
[37m"UserEntity"[0m[37m.[0m[37m"name"[0m [94mAS[0m 
[37m"UserEntity_name"[0m[37m,[0m 
[37m"UserEntity"[0m[37m.[0m[37m"email"[0m [94mAS[0m 
[37m"UserEntity_email"[0m[37m,[0m 
[37m"UserEntity"[0m[37m.[0m[37m"role"[0m [94mAS[0m 
[37m"UserEntity_role"[0m[37m,[0m 
[37m"UserEntity"[0m[37m.[0m[37m"created_at"[0m [94mAS[0m 
[37m"UserEntity_created_at"[0m[37m,[0m 
[37m"UserEntity"[0m[37m.[0m[37m"updated_at"[0m [94mAS[0m 
[37m"UserEntity_updated_at"[0m [94mFROM[0m [37m"users"[0m 
[37m"UserEntity"[0m [94mWHERE[0m 
[37m([0m[37m([0m[37m"UserEntity"[0m[37m.[0m[37m"id"[0m [37m=[0m 
[37m$[0m[32m1[0m[37m)[0m[37m)[0m [94mLIMIT[0m [32m1[0m [90m-- 
PARAMETERS: ["78ea473f-54f4-4ba5-8433-fde111e9bcef"][0m

      at PlatformTools.logInfo (../src/platform/PlatformTools.ts:262:17)

    console.log
      [90m[4mquery:[24m[39m [37mSTART[0m [37mTRANSACTION[0m

      at PlatformTools.logInfo (../src/platform/PlatformTools.ts:262:17)

    console.log
      [90m[4mquery:[24m[39m [94mINSERT INTO[0m 
[37m"tutors"[0m[37m([0m[37m"id"[0m[37m,[0m [37m"bio"[0m[37m,[0m 
[37m"subjects"[0m[37m,[0m [37m"rating"[0m[37m,[0m 
[37m"experienceYears"[0m[37m,[0m [37m"created_at"[0m[37m,[0m 
[37m"updated_at"[0m[37m,[0m [37m"userId"[0m[37m)[0m [94mVALUES[0m 
[37m([0m[94mDEFAULT[0m[37m,[0m [37m$[0m[32m1[0m[37m,[0m 
[37m$[0m[32m2[0m[37m,[0m [94mDEFAULT[0m[37m,[0m 
[94mDEFAULT[0m[37m,[0m [94mDEFAULT[0m[37m,[0m 
[94mDEFAULT[0m[37m,[0m [37m$[0m[32m3[0m[37m)[0m [94mRETURNING[0m 
[37m"id"[0m[37m,[0m [37m"created_at"[0m[37m,[0m [37m"updated_at"[0m 
[90m-- PARAMETERS: ["Tutor para bookings 
test","Math","78ea473f-54f4-4ba5-8433-fde111e9bcef"][0m

      at PlatformTools.logInfo (../src/platform/PlatformTools.ts:262:17)

    console.log
      [90m[4mquery:[24m[39m [94mCOMMIT[0m

      at PlatformTools.logInfo (../src/platform/PlatformTools.ts:262:17)

    console.log
      [90m[4mquery:[24m[39m [94mSELECT[0m 
[37m"UserEntity"[0m[37m.[0m[37m"id"[0m [94mAS[0m 
[37m"UserEntity_id"[0m[37m,[0m 
[37m"UserEntity"[0m[37m.[0m[37m"name"[0m [94mAS[0m 
[37m"UserEntity_name"[0m[37m,[0m 
[37m"UserEntity"[0m[37m.[0m[37m"email"[0m [94mAS[0m 
[37m"UserEntity_email"[0m[37m,[0m 
[37m"UserEntity"[0m[37m.[0m[37m"role"[0m [94mAS[0m 
[37m"UserEntity_role"[0m[37m,[0m 
[37m"UserEntity"[0m[37m.[0m[37m"created_at"[0m [94mAS[0m 
[37m"UserEntity_created_at"[0m[37m,[0m 
[37m"UserEntity"[0m[37m.[0m[37m"updated_at"[0m [94mAS[0m 
[37m"UserEntity_updated_at"[0m [94mFROM[0m [37m"users"[0m 
[37m"UserEntity"[0m [94mWHERE[0m 
[37m([0m[37m([0m[37m"UserEntity"[0m[37m.[0m[37m"id"[0m [37m=[0m 
[37m$[0m[32m1[0m[37m)[0m[37m)[0m [94mLIMIT[0m [32m1[0m [90m-- 
PARAMETERS: ["d78b0580-1485-4205-9c91-0e3d22022775"][0m

      at PlatformTools.logInfo (../src/platform/PlatformTools.ts:262:17)

    console.log
      [90m[4mquery:[24m[39m [94mSELECT[0m 
[37m"TutorEntity"[0m[37m.[0m[37m"id"[0m [94mAS[0m 
[37m"TutorEntity_id"[0m[37m,[0m 
[37m"TutorEntity"[0m[37m.[0m[37m"bio"[0m [94mAS[0m 
[37m"TutorEntity_bio"[0m[37m,[0m 
[37m"TutorEntity"[0m[37m.[0m[37m"subjects"[0m [94mAS[0m 
[37m"TutorEntity_subjects"[0m[37m,[0m 
[37m"TutorEntity"[0m[37m.[0m[37m"rating"[0m [94mAS[0m 
[37m"TutorEntity_rating"[0m[37m,[0m 
[37m"TutorEntity"[0m[37m.[0m[37m"experienceYears"[0m [94mAS[0m 
[37m"TutorEntity_experienceYears"[0m[37m,[0m 
[37m"TutorEntity"[0m[37m.[0m[37m"created_at"[0m [94mAS[0m 
[37m"TutorEntity_created_at"[0m[37m,[0m 
[37m"TutorEntity"[0m[37m.[0m[37m"updated_at"[0m [94mAS[0m 
[37m"TutorEntity_updated_at"[0m[37m,[0m 
[37m"TutorEntity"[0m[37m.[0m[37m"userId"[0m [94mAS[0m 
[37m"TutorEntity_userId"[0m [94mFROM[0m [37m"tutors"[0m 
[37m"TutorEntity"[0m [94mWHERE[0m 
[37m([0m[37m([0m[37m"TutorEntity"[0m[37m.[0m[37m"id"[0m [37m=[0m 
[37m$[0m[32m1[0m[37m)[0m[37m)[0m [94mLIMIT[0m [32m1[0m [90m-- 
PARAMETERS: ["9916b5e1-f637-4cd8-ab05-1adc488c1f55"][0m

      at PlatformTools.logInfo (../src/platform/PlatformTools.ts:262:17)

    console.log
      [90m[4mquery:[24m[39m [37mSTART[0m [37mTRANSACTION[0m

      at PlatformTools.logInfo (../src/platform/PlatformTools.ts:262:17)

    console.log
      [90m[4mquery:[24m[39m [94mINSERT INTO[0m 
[37m"bookings"[0m[37m([0m[37m"id"[0m[37m,[0m 
[37m"startTime"[0m[37m,[0m [37m"endTime"[0m[37m,[0m 
[37m"status"[0m[37m,[0m [37m"created_at"[0m[37m,[0m 
[37m"updated_at"[0m[37m,[0m [37m"studentId"[0m[37m,[0m 
[37m"tutorId"[0m[37m)[0m [94mVALUES[0m 
[37m([0m[94mDEFAULT[0m[37m,[0m [37m$[0m[32m1[0m[37m,[0m 
[37m$[0m[32m2[0m[37m,[0m [37m$[0m[32m3[0m[37m,[0m 
[94mDEFAULT[0m[37m,[0m [94mDEFAULT[0m[37m,[0m 
[37m$[0m[32m4[0m[37m,[0m [37m$[0m[32m5[0m[37m)[0m 
[94mRETURNING[0m [37m"id"[0m[37m,[0m [37m"status"[0m[37m,[0m 
[37m"created_at"[0m[37m,[0m [37m"updated_at"[0m [90m-- PARAMETERS: ["202
6-03-01T10:00:00.000Z","2026-03-01T11:00:00.000Z","pending","d78b0580-1485-4205
-9c91-0e3d22022775","9916b5e1-f637-4cd8-ab05-1adc488c1f55"][0m

      at PlatformTools.logInfo (../src/platform/PlatformTools.ts:262:17)

    console.log
      [90m[4mquery:[24m[39m [94mCOMMIT[0m

      at PlatformTools.logInfo (../src/platform/PlatformTools.ts:262:17)

    console.log
      [90m[4mquery:[24m[39m [94mSELECT[0m 
[37m"UserEntity"[0m[37m.[0m[37m"id"[0m [94mAS[0m 
[37m"UserEntity_id"[0m[37m,[0m 
[37m"UserEntity"[0m[37m.[0m[37m"name"[0m [94mAS[0m 
[37m"UserEntity_name"[0m[37m,[0m 
[37m"UserEntity"[0m[37m.[0m[37m"email"[0m [94mAS[0m 
[37m"UserEntity_email"[0m[37m,[0m 
[37m"UserEntity"[0m[37m.[0m[37m"role"[0m [94mAS[0m 
[37m"UserEntity_role"[0m[37m,[0m 
[37m"UserEntity"[0m[37m.[0m[37m"created_at"[0m [94mAS[0m 
[37m"UserEntity_created_at"[0m[37m,[0m 
[37m"UserEntity"[0m[37m.[0m[37m"updated_at"[0m [94mAS[0m 
[37m"UserEntity_updated_at"[0m [94mFROM[0m [37m"users"[0m 
[37m"UserEntity"[0m [94mWHERE[0m 
[37m([0m[37m([0m[37m"UserEntity"[0m[37m.[0m[37m"id"[0m [37m=[0m 
[37m$[0m[32m1[0m[37m)[0m[37m)[0m [94mLIMIT[0m [32m1[0m [90m-- 
PARAMETERS: ["00000000-0000-0000-0000-000000000000"][0m

      at PlatformTools.logInfo (../src/platform/PlatformTools.ts:262:17)

    console.log
      [90m[4mquery:[24m[39m [94mSELECT[0m 
[37m"UserEntity"[0m[37m.[0m[37m"id"[0m [94mAS[0m 
[37m"UserEntity_id"[0m[37m,[0m 
[37m"UserEntity"[0m[37m.[0m[37m"name"[0m [94mAS[0m 
[37m"UserEntity_name"[0m[37m,[0m 
[37m"UserEntity"[0m[37m.[0m[37m"email"[0m [94mAS[0m 
[37m"UserEntity_email"[0m[37m,[0m 
[37m"UserEntity"[0m[37m.[0m[37m"role"[0m [94mAS[0m 
[37m"UserEntity_role"[0m[37m,[0m 
[37m"UserEntity"[0m[37m.[0m[37m"created_at"[0m [94mAS[0m 
[37m"UserEntity_created_at"[0m[37m,[0m 
[37m"UserEntity"[0m[37m.[0m[37m"updated_at"[0m [94mAS[0m 
[37m"UserEntity_updated_at"[0m [94mFROM[0m [37m"users"[0m 
[37m"UserEntity"[0m [94mWHERE[0m 
[37m([0m[37m([0m[37m"UserEntity"[0m[37m.[0m[37m"id"[0m [37m=[0m 
[37m$[0m[32m1[0m[37m)[0m[37m)[0m [94mLIMIT[0m [32m1[0m [90m-- 
PARAMETERS: ["d78b0580-1485-4205-9c91-0e3d22022775"][0m

      at PlatformTools.logInfo (../src/platform/PlatformTools.ts:262:17)

    console.log
      [90m[4mquery:[24m[39m [94mSELECT[0m 
[37m"TutorEntity"[0m[37m.[0m[37m"id"[0m [94mAS[0m 
[37m"TutorEntity_id"[0m[37m,[0m 
[37m"TutorEntity"[0m[37m.[0m[37m"bio"[0m [94mAS[0m 
[37m"TutorEntity_bio"[0m[37m,[0m 
[37m"TutorEntity"[0m[37m.[0m[37m"subjects"[0m [94mAS[0m 
[37m"TutorEntity_subjects"[0m[37m,[0m 
[37m"TutorEntity"[0m[37m.[0m[37m"rating"[0m [94mAS[0m 
[37m"TutorEntity_rating"[0m[37m,[0m 
[37m"TutorEntity"[0m[37m.[0m[37m"experienceYears"[0m [94mAS[0m 
[37m"TutorEntity_experienceYears"[0m[37m,[0m 
[37m"TutorEntity"[0m[37m.[0m[37m"created_at"[0m [94mAS[0m 
[37m"TutorEntity_created_at"[0m[37m,[0m 
[37m"TutorEntity"[0m[37m.[0m[37m"updated_at"[0m [94mAS[0m 
[37m"TutorEntity_updated_at"[0m[37m,[0m 
[37m"TutorEntity"[0m[37m.[0m[37m"userId"[0m [94mAS[0m 
[37m"TutorEntity_userId"[0m [94mFROM[0m [37m"tutors"[0m 
[37m"TutorEntity"[0m [94mWHERE[0m 
[37m([0m[37m([0m[37m"TutorEntity"[0m[37m.[0m[37m"id"[0m [37m=[0m 
[37m$[0m[32m1[0m[37m)[0m[37m)[0m [94mLIMIT[0m [32m1[0m [90m-- 
PARAMETERS: ["00000000-0000-0000-0000-000000000000"][0m

      at PlatformTools.logInfo (../src/platform/PlatformTools.ts:262:17)

    console.log
      [90m[4mquery:[24m[39m [94mSELECT[0m 
[37m"UserEntity"[0m[37m.[0m[37m"id"[0m [94mAS[0m 
[37m"UserEntity_id"[0m[37m,[0m 
[37m"UserEntity"[0m[37m.[0m[37m"name"[0m [94mAS[0m 
[37m"UserEntity_name"[0m[37m,[0m 
[37m"UserEntity"[0m[37m.[0m[37m"email"[0m [94mAS[0m 
[37m"UserEntity_email"[0m[37m,[0m 
[37m"UserEntity"[0m[37m.[0m[37m"role"[0m [94mAS[0m 
[37m"UserEntity_role"[0m[37m,[0m 
[37m"UserEntity"[0m[37m.[0m[37m"created_at"[0m [94mAS[0m 
[37m"UserEntity_created_at"[0m[37m,[0m 
[37m"UserEntity"[0m[37m.[0m[37m"updated_at"[0m [94mAS[0m 
[37m"UserEntity_updated_at"[0m [94mFROM[0m [37m"users"[0m 
[37m"UserEntity"[0m [94mWHERE[0m 
[37m([0m[37m([0m[37m"UserEntity"[0m[37m.[0m[37m"id"[0m [37m=[0m 
[37m$[0m[32m1[0m[37m)[0m[37m)[0m [94mLIMIT[0m [32m1[0m [90m-- 
PARAMETERS: ["d78b0580-1485-4205-9c91-0e3d22022775"][0m

      at PlatformTools.logInfo (../src/platform/PlatformTools.ts:262:17)

    console.log
      [90m[4mquery:[24m[39m [94mSELECT[0m 
[37m"TutorEntity"[0m[37m.[0m[37m"id"[0m [94mAS[0m 
[37m"TutorEntity_id"[0m[37m,[0m 
[37m"TutorEntity"[0m[37m.[0m[37m"bio"[0m [94mAS[0m 
[37m"TutorEntity_bio"[0m[37m,[0m 
[37m"TutorEntity"[0m[37m.[0m[37m"subjects"[0m [94mAS[0m 
[37m"TutorEntity_subjects"[0m[37m,[0m 
[37m"TutorEntity"[0m[37m.[0m[37m"rating"[0m [94mAS[0m 
[37m"TutorEntity_rating"[0m[37m,[0m 
[37m"TutorEntity"[0m[37m.[0m[37m"experienceYears"[0m [94mAS[0m 
[37m"TutorEntity_experienceYears"[0m[37m,[0m 
[37m"TutorEntity"[0m[37m.[0m[37m"created_at"[0m [94mAS[0m 
[37m"TutorEntity_created_at"[0m[37m,[0m 
[37m"TutorEntity"[0m[37m.[0m[37m"updated_at"[0m [94mAS[0m 
[37m"TutorEntity_updated_at"[0m[37m,[0m 
[37m"TutorEntity"[0m[37m.[0m[37m"userId"[0m [94mAS[0m 
[37m"TutorEntity_userId"[0m [94mFROM[0m [37m"tutors"[0m 
[37m"TutorEntity"[0m [94mWHERE[0m 
[37m([0m[37m([0m[37m"TutorEntity"[0m[37m.[0m[37m"id"[0m [37m=[0m 
[37m$[0m[32m1[0m[37m)[0m[37m)[0m [94mLIMIT[0m [32m1[0m [90m-- 
PARAMETERS: ["9916b5e1-f637-4cd8-ab05-1adc488c1f55"][0m

      at PlatformTools.logInfo (../src/platform/PlatformTools.ts:262:17)

    console.log
      [90m[4mquery:[24m[39m [37mSTART[0m [37mTRANSACTION[0m

      at PlatformTools.logInfo (../src/platform/PlatformTools.ts:262:17)

    console.log
      [90m[4mquery:[24m[39m [94mINSERT INTO[0m 
[37m"bookings"[0m[37m([0m[37m"id"[0m[37m,[0m 
[37m"startTime"[0m[37m,[0m [37m"endTime"[0m[37m,[0m 
[37m"status"[0m[37m,[0m [37m"created_at"[0m[37m,[0m 
[37m"updated_at"[0m[37m,[0m [37m"studentId"[0m[37m,[0m 
[37m"tutorId"[0m[37m)[0m [94mVALUES[0m 
[37m([0m[94mDEFAULT[0m[37m,[0m [37m$[0m[32m1[0m[37m,[0m 
[37m$[0m[32m2[0m[37m,[0m [37m$[0m[32m3[0m[37m,[0m 
[94mDEFAULT[0m[37m,[0m [94mDEFAULT[0m[37m,[0m 
[37m$[0m[32m4[0m[37m,[0m [37m$[0m[32m5[0m[37m)[0m 
[94mRETURNING[0m [37m"id"[0m[37m,[0m [37m"status"[0m[37m,[0m 
[37m"created_at"[0m[37m,[0m [37m"updated_at"[0m [90m-- PARAMETERS: ["202
6-03-15T14:00:00.000Z","2026-03-15T15:00:00.000Z","pending","d78b0580-1485-4205
-9c91-0e3d22022775","9916b5e1-f637-4cd8-ab05-1adc488c1f55"][0m

      at PlatformTools.logInfo (../src/platform/PlatformTools.ts:262:17)

    console.log
      [90m[4mquery:[24m[39m [94mCOMMIT[0m

      at PlatformTools.logInfo (../src/platform/PlatformTools.ts:262:17)

    console.log
      [90m[4mquery:[24m[39m [94mSELECT DISTINCT[0m 
[37m"distinctAlias"[0m[37m.[0m[37m"BookingEntity_id"[0m [94mAS[0m 
[37m"ids_BookingEntity_id"[0m [94mFROM[0m [37m([0m[94mSELECT[0m 
[37m"BookingEntity"[0m[37m.[0m[37m"id"[0m [94mAS[0m 
[37m"BookingEntity_id"[0m[37m,[0m 
[37m"BookingEntity"[0m[37m.[0m[37m"startTime"[0m [94mAS[0m 
[37m"BookingEntity_startTime"[0m[37m,[0m 
[37m"BookingEntity"[0m[37m.[0m[37m"endTime"[0m [94mAS[0m 
[37m"BookingEntity_endTime"[0m[37m,[0m 
[37m"BookingEntity"[0m[37m.[0m[37m"status"[0m [94mAS[0m 
[37m"BookingEntity_status"[0m[37m,[0m 
[37m"BookingEntity"[0m[37m.[0m[37m"created_at"[0m [94mAS[0m 
[37m"BookingEntity_created_at"[0m[37m,[0m 
[37m"BookingEntity"[0m[37m.[0m[37m"updated_at"[0m [94mAS[0m 
[37m"BookingEntity_updated_at"[0m[37m,[0m 
[37m"BookingEntity"[0m[37m.[0m[37m"studentId"[0m [94mAS[0m 
[37m"BookingEntity_studentId"[0m[37m,[0m 
[37m"BookingEntity"[0m[37m.[0m[37m"tutorId"[0m [94mAS[0m 
[37m"BookingEntity_tutorId"[0m[37m,[0m 
[37m"BookingEntity__BookingEntity_student"[0m[37m.[0m[37m"id"[0m 
[94mAS[0m [37m"BookingEntity__BookingEntity_student_id"[0m[37m,[0m 
[37m"BookingEntity__BookingEntity_student"[0m[37m.[0m[37m"name"[0m 
[94mAS[0m [37m"BookingEntity__BookingEntity_student_name"[0m[37m,[0m 
[37m"BookingEntity__BookingEntity_student"[0m[37m.[0m[37m"email"[0m 
[94mAS[0m [37m"BookingEntity__BookingEntity_student_email"[0m[37m,[0m 
[37m"BookingEntity__BookingEntity_student"[0m[37m.[0m[37m"role"[0m 
[94mAS[0m [37m"BookingEntity__BookingEntity_student_role"[0m[37m,[0m 
[37m"BookingEntity__BookingEntity_student"[0m[37m.[0m[37m"created_at"[0m 
[94mAS[0m 
[37m"BookingEntity__BookingEntity_student_created_at"[0m[37m,[0m 
[37m"BookingEntity__BookingEntity_student"[0m[37m.[0m[37m"updated_at"[0m 
[94mAS[0m 
[37m"BookingEntity__BookingEntity_student_updated_at"[0m[37m,[0m 
[37m"BookingEntity__BookingEntity_tutor"[0m[37m.[0m[37m"id"[0m 
[94mAS[0m [37m"BookingEntity__BookingEntity_tutor_id"[0m[37m,[0m 
[37m"BookingEntity__BookingEntity_tutor"[0m[37m.[0m[37m"bio"[0m 
[94mAS[0m [37m"BookingEntity__BookingEntity_tutor_bio"[0m[37m,[0m 
[37m"BookingEntity__BookingEntity_tutor"[0m[37m.[0m[37m"subjects"[0m 
[94mAS[0m [37m"BookingEntity__BookingEntity_tutor_subjects"[0m[37m,[0m 
[37m"BookingEntity__BookingEntity_tutor"[0m[37m.[0m[37m"rating"[0m 
[94mAS[0m [37m"BookingEntity__BookingEntity_tutor_rating"[0m[37m,[0m [37
m"BookingEntity__BookingEntity_tutor"[0m[37m.[0m[37m"experienceYears"[0m 
[94mAS[0m 
[37m"BookingEntity__BookingEntity_tutor_experienceYears"[0m[37m,[0m 
[37m"BookingEntity__BookingEntity_tutor"[0m[37m.[0m[37m"created_at"[0m 
[94mAS[0m [37m"BookingEntity__BookingEntity_tutor_created_at"[0m[37m,[0m 
[37m"BookingEntity__BookingEntity_tutor"[0m[37m.[0m[37m"updated_at"[0m 
[94mAS[0m [37m"BookingEntity__BookingEntity_tutor_updated_at"[0m[37m,[0m 
[37m"BookingEntity__BookingEntity_tutor"[0m[37m.[0m[37m"userId"[0m 
[94mAS[0m [37m"BookingEntity__BookingEntity_tutor_userId"[0m [94mFROM[0m 
[37m"bookings"[0m [37m"BookingEntity"[0m [94mLEFT JOIN[0m 
[37m"users"[0m [37m"BookingEntity__BookingEntity_student"[0m [94mON[0m [
37m"BookingEntity__BookingEntity_student"[0m[37m.[0m[37m"id"[0m[37m=[0m
[37m"BookingEntity"[0m[37m.[0m[37m"studentId"[0m  [94mLEFT JOIN[0m 
[37m"tutors"[0m [37m"BookingEntity__BookingEntity_tutor"[0m [94mON[0m [3
7m"BookingEntity__BookingEntity_tutor"[0m[37m.[0m[37m"id"[0m[37m=[0m[37
m"BookingEntity"[0m[37m.[0m[37m"tutorId"[0m [94mWHERE[0m 
[37m([0m[37m([0m[37m"BookingEntity"[0m[37m.[0m[37m"id"[0m [37m=[0m 
[37m$[0m[32m1[0m[37m)[0m[37m)[0m[37m)[0m [37m"distinctAlias"[0m 
[94mORDER BY[0m [37m"BookingEntity_id"[0m [94mASC[0m [94mLIMIT[0m 
[32m1[0m [90m-- PARAMETERS: ["ef1b89b0-68d1-44f7-b749-5d0f9d8552fc"][0m

      at PlatformTools.logInfo (../src/platform/PlatformTools.ts:262:17)

    console.log
      [90m[4mquery:[24m[39m [94mSELECT[0m 
[37m"BookingEntity"[0m[37m.[0m[37m"id"[0m [94mAS[0m 
[37m"BookingEntity_id"[0m[37m,[0m 
[37m"BookingEntity"[0m[37m.[0m[37m"startTime"[0m [94mAS[0m 
[37m"BookingEntity_startTime"[0m[37m,[0m 
[37m"BookingEntity"[0m[37m.[0m[37m"endTime"[0m [94mAS[0m 
[37m"BookingEntity_endTime"[0m[37m,[0m 
[37m"BookingEntity"[0m[37m.[0m[37m"status"[0m [94mAS[0m 
[37m"BookingEntity_status"[0m[37m,[0m 
[37m"BookingEntity"[0m[37m.[0m[37m"created_at"[0m [94mAS[0m 
[37m"BookingEntity_created_at"[0m[37m,[0m 
[37m"BookingEntity"[0m[37m.[0m[37m"updated_at"[0m [94mAS[0m 
[37m"BookingEntity_updated_at"[0m[37m,[0m 
[37m"BookingEntity"[0m[37m.[0m[37m"studentId"[0m [94mAS[0m 
[37m"BookingEntity_studentId"[0m[37m,[0m 
[37m"BookingEntity"[0m[37m.[0m[37m"tutorId"[0m [94mAS[0m 
[37m"BookingEntity_tutorId"[0m[37m,[0m 
[37m"BookingEntity__BookingEntity_student"[0m[37m.[0m[37m"id"[0m 
[94mAS[0m [37m"BookingEntity__BookingEntity_student_id"[0m[37m,[0m 
[37m"BookingEntity__BookingEntity_student"[0m[37m.[0m[37m"name"[0m 
[94mAS[0m [37m"BookingEntity__BookingEntity_student_name"[0m[37m,[0m 
[37m"BookingEntity__BookingEntity_student"[0m[37m.[0m[37m"email"[0m 
[94mAS[0m [37m"BookingEntity__BookingEntity_student_email"[0m[37m,[0m 
[37m"BookingEntity__BookingEntity_student"[0m[37m.[0m[37m"role"[0m 
[94mAS[0m [37m"BookingEntity__BookingEntity_student_role"[0m[37m,[0m 
[37m"BookingEntity__BookingEntity_student"[0m[37m.[0m[37m"created_at"[0m 
[94mAS[0m 
[37m"BookingEntity__BookingEntity_student_created_at"[0m[37m,[0m 
[37m"BookingEntity__BookingEntity_student"[0m[37m.[0m[37m"updated_at"[0m 
[94mAS[0m 
[37m"BookingEntity__BookingEntity_student_updated_at"[0m[37m,[0m 
[37m"BookingEntity__BookingEntity_tutor"[0m[37m.[0m[37m"id"[0m 
[94mAS[0m [37m"BookingEntity__BookingEntity_tutor_id"[0m[37m,[0m 
[37m"BookingEntity__BookingEntity_tutor"[0m[37m.[0m[37m"bio"[0m 
[94mAS[0m [37m"BookingEntity__BookingEntity_tutor_bio"[0m[37m,[0m 
[37m"BookingEntity__BookingEntity_tutor"[0m[37m.[0m[37m"subjects"[0m 
[94mAS[0m [37m"BookingEntity__BookingEntity_tutor_subjects"[0m[37m,[0m 
[37m"BookingEntity__BookingEntity_tutor"[0m[37m.[0m[37m"rating"[0m 
[94mAS[0m [37m"BookingEntity__BookingEntity_tutor_rating"[0m[37m,[0m [37
m"BookingEntity__BookingEntity_tutor"[0m[37m.[0m[37m"experienceYears"[0m 
[94mAS[0m 
[37m"BookingEntity__BookingEntity_tutor_experienceYears"[0m[37m,[0m 
[37m"BookingEntity__BookingEntity_tutor"[0m[37m.[0m[37m"created_at"[0m 
[94mAS[0m [37m"BookingEntity__BookingEntity_tutor_created_at"[0m[37m,[0m 
[37m"BookingEntity__BookingEntity_tutor"[0m[37m.[0m[37m"updated_at"[0m 
[94mAS[0m [37m"BookingEntity__BookingEntity_tutor_updated_at"[0m[37m,[0m 
[37m"BookingEntity__BookingEntity_tutor"[0m[37m.[0m[37m"userId"[0m 
[94mAS[0m [37m"BookingEntity__BookingEntity_tutor_userId"[0m [94mFROM[0m 
[37m"bookings"[0m [37m"BookingEntity"[0m [94mLEFT JOIN[0m 
[37m"users"[0m [37m"BookingEntity__BookingEntity_student"[0m [94mON[0m [
37m"BookingEntity__BookingEntity_student"[0m[37m.[0m[37m"id"[0m[37m=[0m
[37m"BookingEntity"[0m[37m.[0m[37m"studentId"[0m  [94mLEFT JOIN[0m 
[37m"tutors"[0m [37m"BookingEntity__BookingEntity_tutor"[0m [94mON[0m [3
7m"BookingEntity__BookingEntity_tutor"[0m[37m.[0m[37m"id"[0m[37m=[0m[37
m"BookingEntity"[0m[37m.[0m[37m"tutorId"[0m [94mWHERE[0m [37m([0m 
[37m([0m[37m([0m[37m"BookingEntity"[0m[37m.[0m[37m"id"[0m [37m=[0m 
[37m$[0m[32m1[0m[37m)[0m[37m)[0m [37m)[0m [94mAND[0m [37m([0m 
[37m"BookingEntity"[0m[37m.[0m[37m"id"[0m [94mIN[0m 
[37m([0m[37m$[0m[32m2[0m[37m)[0m [37m)[0m [90m-- PARAMETERS: ["ef1b8
9b0-68d1-44f7-b749-5d0f9d8552fc","ef1b89b0-68d1-44f7-b749-5d0f9d8552fc"][0m

      at PlatformTools.logInfo (../src/platform/PlatformTools.ts:262:17)

    console.log
      [90m[4mquery:[24m[39m [94mSELECT DISTINCT[0m 
[37m"distinctAlias"[0m[37m.[0m[37m"BookingEntity_id"[0m [94mAS[0m 
[37m"ids_BookingEntity_id"[0m [94mFROM[0m [37m([0m[94mSELECT[0m 
[37m"BookingEntity"[0m[37m.[0m[37m"id"[0m [94mAS[0m 
[37m"BookingEntity_id"[0m[37m,[0m 
[37m"BookingEntity"[0m[37m.[0m[37m"startTime"[0m [94mAS[0m 
[37m"BookingEntity_startTime"[0m[37m,[0m 
[37m"BookingEntity"[0m[37m.[0m[37m"endTime"[0m [94mAS[0m 
[37m"BookingEntity_endTime"[0m[37m,[0m 
[37m"BookingEntity"[0m[37m.[0m[37m"status"[0m [94mAS[0m 
[37m"BookingEntity_status"[0m[37m,[0m 
[37m"BookingEntity"[0m[37m.[0m[37m"created_at"[0m [94mAS[0m 
[37m"BookingEntity_created_at"[0m[37m,[0m 
[37m"BookingEntity"[0m[37m.[0m[37m"updated_at"[0m [94mAS[0m 
[37m"BookingEntity_updated_at"[0m[37m,[0m 
[37m"BookingEntity"[0m[37m.[0m[37m"studentId"[0m [94mAS[0m 
[37m"BookingEntity_studentId"[0m[37m,[0m 
[37m"BookingEntity"[0m[37m.[0m[37m"tutorId"[0m [94mAS[0m 
[37m"BookingEntity_tutorId"[0m[37m,[0m 
[37m"BookingEntity__BookingEntity_student"[0m[37m.[0m[37m"id"[0m 
[94mAS[0m [37m"BookingEntity__BookingEntity_student_id"[0m[37m,[0m 
[37m"BookingEntity__BookingEntity_student"[0m[37m.[0m[37m"name"[0m 
[94mAS[0m [37m"BookingEntity__BookingEntity_student_name"[0m[37m,[0m 
[37m"BookingEntity__BookingEntity_student"[0m[37m.[0m[37m"email"[0m 
[94mAS[0m [37m"BookingEntity__BookingEntity_student_email"[0m[37m,[0m 
[37m"BookingEntity__BookingEntity_student"[0m[37m.[0m[37m"role"[0m 
[94mAS[0m [37m"BookingEntity__BookingEntity_student_role"[0m[37m,[0m 
[37m"BookingEntity__BookingEntity_student"[0m[37m.[0m[37m"created_at"[0m 
[94mAS[0m 
[37m"BookingEntity__BookingEntity_student_created_at"[0m[37m,[0m 
[37m"BookingEntity__BookingEntity_student"[0m[37m.[0m[37m"updated_at"[0m 
[94mAS[0m 
[37m"BookingEntity__BookingEntity_student_updated_at"[0m[37m,[0m 
[37m"BookingEntity__BookingEntity_tutor"[0m[37m.[0m[37m"id"[0m 
[94mAS[0m [37m"BookingEntity__BookingEntity_tutor_id"[0m[37m,[0m 
[37m"BookingEntity__BookingEntity_tutor"[0m[37m.[0m[37m"bio"[0m 
[94mAS[0m [37m"BookingEntity__BookingEntity_tutor_bio"[0m[37m,[0m 
[37m"BookingEntity__BookingEntity_tutor"[0m[37m.[0m[37m"subjects"[0m 
[94mAS[0m [37m"BookingEntity__BookingEntity_tutor_subjects"[0m[37m,[0m 
[37m"BookingEntity__BookingEntity_tutor"[0m[37m.[0m[37m"rating"[0m 
[94mAS[0m [37m"BookingEntity__BookingEntity_tutor_rating"[0m[37m,[0m [37
m"BookingEntity__BookingEntity_tutor"[0m[37m.[0m[37m"experienceYears"[0m 
[94mAS[0m 
[37m"BookingEntity__BookingEntity_tutor_experienceYears"[0m[37m,[0m 
[37m"BookingEntity__BookingEntity_tutor"[0m[37m.[0m[37m"created_at"[0m 
[94mAS[0m [37m"BookingEntity__BookingEntity_tutor_created_at"[0m[37m,[0m 
[37m"BookingEntity__BookingEntity_tutor"[0m[37m.[0m[37m"updated_at"[0m 
[94mAS[0m [37m"BookingEntity__BookingEntity_tutor_updated_at"[0m[37m,[0m 
[37m"BookingEntity__BookingEntity_tutor"[0m[37m.[0m[37m"userId"[0m 
[94mAS[0m [37m"BookingEntity__BookingEntity_tutor_userId"[0m [94mFROM[0m 
[37m"bookings"[0m [37m"BookingEntity"[0m [94mLEFT JOIN[0m 
[37m"users"[0m [37m"BookingEntity__BookingEntity_student"[0m [94mON[0m [
37m"BookingEntity__BookingEntity_student"[0m[37m.[0m[37m"id"[0m[37m=[0m
[37m"BookingEntity"[0m[37m.[0m[37m"studentId"[0m  [94mLEFT JOIN[0m 
[37m"tutors"[0m [37m"BookingEntity__BookingEntity_tutor"[0m [94mON[0m [3
7m"BookingEntity__BookingEntity_tutor"[0m[37m.[0m[37m"id"[0m[37m=[0m[37
m"BookingEntity"[0m[37m.[0m[37m"tutorId"[0m [94mWHERE[0m 
[37m([0m[37m([0m[37m"BookingEntity"[0m[37m.[0m[37m"id"[0m [37m=[0m 
[37m$[0m[32m1[0m[37m)[0m[37m)[0m[37m)[0m [37m"distinctAlias"[0m 
[94mORDER BY[0m [37m"BookingEntity_id"[0m [94mASC[0m [94mLIMIT[0m 
[32m1[0m [90m-- PARAMETERS: ["00000000-0000-0000-0000-000000000000"][0m

      at PlatformTools.logInfo (../src/platform/PlatformTools.ts:262:17)

    console.log
      [90m[4mquery:[24m[39m [94mSELECT[0m 
[37m"BookingEntity"[0m[37m.[0m[37m"id"[0m [94mAS[0m 
[37m"BookingEntity_id"[0m[37m,[0m 
[37m"BookingEntity"[0m[37m.[0m[37m"startTime"[0m [94mAS[0m 
[37m"BookingEntity_startTime"[0m[37m,[0m 
[37m"BookingEntity"[0m[37m.[0m[37m"endTime"[0m [94mAS[0m 
[37m"BookingEntity_endTime"[0m[37m,[0m 
[37m"BookingEntity"[0m[37m.[0m[37m"status"[0m [94mAS[0m 
[37m"BookingEntity_status"[0m[37m,[0m 
[37m"BookingEntity"[0m[37m.[0m[37m"created_at"[0m [94mAS[0m 
[37m"BookingEntity_created_at"[0m[37m,[0m 
[37m"BookingEntity"[0m[37m.[0m[37m"updated_at"[0m [94mAS[0m 
[37m"BookingEntity_updated_at"[0m[37m,[0m 
[37m"BookingEntity"[0m[37m.[0m[37m"studentId"[0m [94mAS[0m 
[37m"BookingEntity_studentId"[0m[37m,[0m 
[37m"BookingEntity"[0m[37m.[0m[37m"tutorId"[0m [94mAS[0m 
[37m"BookingEntity_tutorId"[0m[37m,[0m 
[37m"BookingEntity__BookingEntity_student"[0m[37m.[0m[37m"id"[0m 
[94mAS[0m [37m"BookingEntity__BookingEntity_student_id"[0m[37m,[0m 
[37m"BookingEntity__BookingEntity_student"[0m[37m.[0m[37m"name"[0m 
[94mAS[0m [37m"BookingEntity__BookingEntity_student_name"[0m[37m,[0m 
[37m"BookingEntity__BookingEntity_student"[0m[37m.[0m[37m"email"[0m 
[94mAS[0m [37m"BookingEntity__BookingEntity_student_email"[0m[37m,[0m 
[37m"BookingEntity__BookingEntity_student"[0m[37m.[0m[37m"role"[0m 
[94mAS[0m [37m"BookingEntity__BookingEntity_student_role"[0m[37m,[0m 
[37m"BookingEntity__BookingEntity_student"[0m[37m.[0m[37m"created_at"[0m 
[94mAS[0m 
[37m"BookingEntity__BookingEntity_student_created_at"[0m[37m,[0m 
[37m"BookingEntity__BookingEntity_student"[0m[37m.[0m[37m"updated_at"[0m 
[94mAS[0m 
[37m"BookingEntity__BookingEntity_student_updated_at"[0m[37m,[0m 
[37m"BookingEntity__BookingEntity_tutor"[0m[37m.[0m[37m"id"[0m 
[94mAS[0m [37m"BookingEntity__BookingEntity_tutor_id"[0m[37m,[0m 
[37m"BookingEntity__BookingEntity_tutor"[0m[37m.[0m[37m"bio"[0m 
[94mAS[0m [37m"BookingEntity__BookingEntity_tutor_bio"[0m[37m,[0m 
[37m"BookingEntity__BookingEntity_tutor"[0m[37m.[0m[37m"subjects"[0m 
[94mAS[0m [37m"BookingEntity__BookingEntity_tutor_subjects"[0m[37m,[0m 
[37m"BookingEntity__BookingEntity_tutor"[0m[37m.[0m[37m"rating"[0m 
[94mAS[0m [37m"BookingEntity__BookingEntity_tutor_rating"[0m[37m,[0m [37
m"BookingEntity__BookingEntity_tutor"[0m[37m.[0m[37m"experienceYears"[0m 
[94mAS[0m 
[37m"BookingEntity__BookingEntity_tutor_experienceYears"[0m[37m,[0m 
[37m"BookingEntity__BookingEntity_tutor"[0m[37m.[0m[37m"created_at"[0m 
[94mAS[0m [37m"BookingEntity__BookingEntity_tutor_created_at"[0m[37m,[0m 
[37m"BookingEntity__BookingEntity_tutor"[0m[37m.[0m[37m"updated_at"[0m 
[94mAS[0m [37m"BookingEntity__BookingEntity_tutor_updated_at"[0m[37m,[0m 
[37m"BookingEntity__BookingEntity_tutor"[0m[37m.[0m[37m"userId"[0m 
[94mAS[0m [37m"BookingEntity__BookingEntity_tutor_userId"[0m [94mFROM[0m 
[37m"bookings"[0m [37m"BookingEntity"[0m [94mLEFT JOIN[0m 
[37m"users"[0m [37m"BookingEntity__BookingEntity_student"[0m [94mON[0m [
37m"BookingEntity__BookingEntity_student"[0m[37m.[0m[37m"id"[0m[37m=[0m
[37m"BookingEntity"[0m[37m.[0m[37m"studentId"[0m  [94mLEFT JOIN[0m 
[37m"tutors"[0m [37m"BookingEntity__BookingEntity_tutor"[0m [94mON[0m [3
7m"BookingEntity__BookingEntity_tutor"[0m[37m.[0m[37m"id"[0m[37m=[0m[37
m"BookingEntity"[0m[37m.[0m[37m"tutorId"[0m

      at PlatformTools.logInfo (../src/platform/PlatformTools.ts:262:17)

    console.log
      [90m[4mquery:[24m[39m [94mSELECT[0m 
[37m"UserEntity"[0m[37m.[0m[37m"id"[0m [94mAS[0m 
[37m"UserEntity_id"[0m[37m,[0m 
[37m"UserEntity"[0m[37m.[0m[37m"name"[0m [94mAS[0m 
[37m"UserEntity_name"[0m[37m,[0m 
[37m"UserEntity"[0m[37m.[0m[37m"email"[0m [94mAS[0m 
[37m"UserEntity_email"[0m[37m,[0m 
[37m"UserEntity"[0m[37m.[0m[37m"role"[0m [94mAS[0m 
[37m"UserEntity_role"[0m[37m,[0m 
[37m"UserEntity"[0m[37m.[0m[37m"created_at"[0m [94mAS[0m 
[37m"UserEntity_created_at"[0m[37m,[0m 
[37m"UserEntity"[0m[37m.[0m[37m"updated_at"[0m [94mAS[0m 
[37m"UserEntity_updated_at"[0m [94mFROM[0m [37m"users"[0m 
[37m"UserEntity"[0m [94mWHERE[0m 
[37m([0m[37m([0m[37m"UserEntity"[0m[37m.[0m[37m"id"[0m [37m=[0m 
[37m$[0m[32m1[0m[37m)[0m[37m)[0m [94mLIMIT[0m [32m1[0m [90m-- 
PARAMETERS: ["d78b0580-1485-4205-9c91-0e3d22022775"][0m

      at PlatformTools.logInfo (../src/platform/PlatformTools.ts:262:17)

    console.log
      [90m[4mquery:[24m[39m [94mSELECT[0m 
[37m"TutorEntity"[0m[37m.[0m[37m"id"[0m [94mAS[0m 
[37m"TutorEntity_id"[0m[37m,[0m 
[37m"TutorEntity"[0m[37m.[0m[37m"bio"[0m [94mAS[0m 
[37m"TutorEntity_bio"[0m[37m,[0m 
[37m"TutorEntity"[0m[37m.[0m[37m"subjects"[0m [94mAS[0m 
[37m"TutorEntity_subjects"[0m[37m,[0m 
[37m"TutorEntity"[0m[37m.[0m[37m"rating"[0m [94mAS[0m 
[37m"TutorEntity_rating"[0m[37m,[0m 
[37m"TutorEntity"[0m[37m.[0m[37m"experienceYears"[0m [94mAS[0m 
[37m"TutorEntity_experienceYears"[0m[37m,[0m 
[37m"TutorEntity"[0m[37m.[0m[37m"created_at"[0m [94mAS[0m 
[37m"TutorEntity_created_at"[0m[37m,[0m 
[37m"TutorEntity"[0m[37m.[0m[37m"updated_at"[0m [94mAS[0m 
[37m"TutorEntity_updated_at"[0m[37m,[0m 
[37m"TutorEntity"[0m[37m.[0m[37m"userId"[0m [94mAS[0m 
[37m"TutorEntity_userId"[0m [94mFROM[0m [37m"tutors"[0m 
[37m"TutorEntity"[0m [94mWHERE[0m 
[37m([0m[37m([0m[37m"TutorEntity"[0m[37m.[0m[37m"id"[0m [37m=[0m 
[37m$[0m[32m1[0m[37m)[0m[37m)[0m [94mLIMIT[0m [32m1[0m [90m-- 
PARAMETERS: ["9916b5e1-f637-4cd8-ab05-1adc488c1f55"][0m

      at PlatformTools.logInfo (../src/platform/PlatformTools.ts:262:17)

    console.log
      [90m[4mquery:[24m[39m [37mSTART[0m [37mTRANSACTION[0m

      at PlatformTools.logInfo (../src/platform/PlatformTools.ts:262:17)

    console.log
      [90m[4mquery:[24m[39m [94mINSERT INTO[0m 
[37m"bookings"[0m[37m([0m[37m"id"[0m[37m,[0m 
[37m"startTime"[0m[37m,[0m [37m"endTime"[0m[37m,[0m 
[37m"status"[0m[37m,[0m [37m"created_at"[0m[37m,[0m 
[37m"updated_at"[0m[37m,[0m [37m"studentId"[0m[37m,[0m 
[37m"tutorId"[0m[37m)[0m [94mVALUES[0m 
[37m([0m[94mDEFAULT[0m[37m,[0m [37m$[0m[32m1[0m[37m,[0m 
[37m$[0m[32m2[0m[37m,[0m [37m$[0m[32m3[0m[37m,[0m 
[94mDEFAULT[0m[37m,[0m [94mDEFAULT[0m[37m,[0m 
[37m$[0m[32m4[0m[37m,[0m [37m$[0m[32m5[0m[37m)[0m 
[94mRETURNING[0m [37m"id"[0m[37m,[0m [37m"status"[0m[37m,[0m 
[37m"created_at"[0m[37m,[0m [37m"updated_at"[0m [90m-- PARAMETERS: ["202
6-04-01T09:00:00.000Z","2026-04-01T10:00:00.000Z","pending","d78b0580-1485-4205
-9c91-0e3d22022775","9916b5e1-f637-4cd8-ab05-1adc488c1f55"][0m

      at PlatformTools.logInfo (../src/platform/PlatformTools.ts:262:17)

    console.log
      [90m[4mquery:[24m[39m [94mCOMMIT[0m

      at PlatformTools.logInfo (../src/platform/PlatformTools.ts:262:17)

    console.log
      [90m[4mquery:[24m[39m [94mSELECT DISTINCT[0m 
[37m"distinctAlias"[0m[37m.[0m[37m"BookingEntity_id"[0m [94mAS[0m 
[37m"ids_BookingEntity_id"[0m [94mFROM[0m [37m([0m[94mSELECT[0m 
[37m"BookingEntity"[0m[37m.[0m[37m"id"[0m [94mAS[0m 
[37m"BookingEntity_id"[0m[37m,[0m 
[37m"BookingEntity"[0m[37m.[0m[37m"startTime"[0m [94mAS[0m 
[37m"BookingEntity_startTime"[0m[37m,[0m 
[37m"BookingEntity"[0m[37m.[0m[37m"endTime"[0m [94mAS[0m 
[37m"BookingEntity_endTime"[0m[37m,[0m 
[37m"BookingEntity"[0m[37m.[0m[37m"status"[0m [94mAS[0m 
[37m"BookingEntity_status"[0m[37m,[0m 
[37m"BookingEntity"[0m[37m.[0m[37m"created_at"[0m [94mAS[0m 
[37m"BookingEntity_created_at"[0m[37m,[0m 
[37m"BookingEntity"[0m[37m.[0m[37m"updated_at"[0m [94mAS[0m 
[37m"BookingEntity_updated_at"[0m[37m,[0m 
[37m"BookingEntity"[0m[37m.[0m[37m"studentId"[0m [94mAS[0m 
[37m"BookingEntity_studentId"[0m[37m,[0m 
[37m"BookingEntity"[0m[37m.[0m[37m"tutorId"[0m [94mAS[0m 
[37m"BookingEntity_tutorId"[0m[37m,[0m 
[37m"BookingEntity__BookingEntity_student"[0m[37m.[0m[37m"id"[0m 
[94mAS[0m [37m"BookingEntity__BookingEntity_student_id"[0m[37m,[0m 
[37m"BookingEntity__BookingEntity_student"[0m[37m.[0m[37m"name"[0m 
[94mAS[0m [37m"BookingEntity__BookingEntity_student_name"[0m[37m,[0m 
[37m"BookingEntity__BookingEntity_student"[0m[37m.[0m[37m"email"[0m 
[94mAS[0m [37m"BookingEntity__BookingEntity_student_email"[0m[37m,[0m 
[37m"BookingEntity__BookingEntity_student"[0m[37m.[0m[37m"role"[0m 
[94mAS[0m [37m"BookingEntity__BookingEntity_student_role"[0m[37m,[0m 
[37m"BookingEntity__BookingEntity_student"[0m[37m.[0m[37m"created_at"[0m 
[94mAS[0m 
[37m"BookingEntity__BookingEntity_student_created_at"[0m[37m,[0m 
[37m"BookingEntity__BookingEntity_student"[0m[37m.[0m[37m"updated_at"[0m 
[94mAS[0m 
[37m"BookingEntity__BookingEntity_student_updated_at"[0m[37m,[0m 
[37m"BookingEntity__BookingEntity_tutor"[0m[37m.[0m[37m"id"[0m 
[94mAS[0m [37m"BookingEntity__BookingEntity_tutor_id"[0m[37m,[0m 
[37m"BookingEntity__BookingEntity_tutor"[0m[37m.[0m[37m"bio"[0m 
[94mAS[0m [37m"BookingEntity__BookingEntity_tutor_bio"[0m[37m,[0m 
[37m"BookingEntity__BookingEntity_tutor"[0m[37m.[0m[37m"subjects"[0m 
[94mAS[0m [37m"BookingEntity__BookingEntity_tutor_subjects"[0m[37m,[0m 
[37m"BookingEntity__BookingEntity_tutor"[0m[37m.[0m[37m"rating"[0m 
[94mAS[0m [37m"BookingEntity__BookingEntity_tutor_rating"[0m[37m,[0m [37
m"BookingEntity__BookingEntity_tutor"[0m[37m.[0m[37m"experienceYears"[0m 
[94mAS[0m 
[37m"BookingEntity__BookingEntity_tutor_experienceYears"[0m[37m,[0m 
[37m"BookingEntity__BookingEntity_tutor"[0m[37m.[0m[37m"created_at"[0m 
[94mAS[0m [37m"BookingEntity__BookingEntity_tutor_created_at"[0m[37m,[0m 
[37m"BookingEntity__BookingEntity_tutor"[0m[37m.[0m[37m"updated_at"[0m 
[94mAS[0m [37m"BookingEntity__BookingEntity_tutor_updated_at"[0m[37m,[0m 
[37m"BookingEntity__BookingEntity_tutor"[0m[37m.[0m[37m"userId"[0m 
[94mAS[0m [37m"BookingEntity__BookingEntity_tutor_userId"[0m [94mFROM[0m 
[37m"bookings"[0m [37m"BookingEntity"[0m [94mLEFT JOIN[0m 
[37m"users"[0m [37m"BookingEntity__BookingEntity_student"[0m [94mON[0m [
37m"BookingEntity__BookingEntity_student"[0m[37m.[0m[37m"id"[0m[37m=[0m
[37m"BookingEntity"[0m[37m.[0m[37m"studentId"[0m  [94mLEFT JOIN[0m 
[37m"tutors"[0m [37m"BookingEntity__BookingEntity_tutor"[0m [94mON[0m [3
7m"BookingEntity__BookingEntity_tutor"[0m[37m.[0m[37m"id"[0m[37m=[0m[37
m"BookingEntity"[0m[37m.[0m[37m"tutorId"[0m [94mWHERE[0m 
[37m([0m[37m([0m[37m"BookingEntity"[0m[37m.[0m[37m"id"[0m [37m=[0m 
[37m$[0m[32m1[0m[37m)[0m[37m)[0m[37m)[0m [37m"distinctAlias"[0m 
[94mORDER BY[0m [37m"BookingEntity_id"[0m [94mASC[0m [94mLIMIT[0m 
[32m1[0m [90m-- PARAMETERS: ["5b57d44c-f2ca-44c4-a014-bc5397cd6a0b"][0m

      at PlatformTools.logInfo (../src/platform/PlatformTools.ts:262:17)

    console.log
      [90m[4mquery:[24m[39m [94mSELECT[0m 
[37m"BookingEntity"[0m[37m.[0m[37m"id"[0m [94mAS[0m 
[37m"BookingEntity_id"[0m[37m,[0m 
[37m"BookingEntity"[0m[37m.[0m[37m"startTime"[0m [94mAS[0m 
[37m"BookingEntity_startTime"[0m[37m,[0m 
[37m"BookingEntity"[0m[37m.[0m[37m"endTime"[0m [94mAS[0m 
[37m"BookingEntity_endTime"[0m[37m,[0m 
[37m"BookingEntity"[0m[37m.[0m[37m"status"[0m [94mAS[0m 
[37m"BookingEntity_status"[0m[37m,[0m 
[37m"BookingEntity"[0m[37m.[0m[37m"created_at"[0m [94mAS[0m 
[37m"BookingEntity_created_at"[0m[37m,[0m 
[37m"BookingEntity"[0m[37m.[0m[37m"updated_at"[0m [94mAS[0m 
[37m"BookingEntity_updated_at"[0m[37m,[0m 
[37m"BookingEntity"[0m[37m.[0m[37m"studentId"[0m [94mAS[0m 
[37m"BookingEntity_studentId"[0m[37m,[0m 
[37m"BookingEntity"[0m[37m.[0m[37m"tutorId"[0m [94mAS[0m 
[37m"BookingEntity_tutorId"[0m[37m,[0m 
[37m"BookingEntity__BookingEntity_student"[0m[37m.[0m[37m"id"[0m 
[94mAS[0m [37m"BookingEntity__BookingEntity_student_id"[0m[37m,[0m 
[37m"BookingEntity__BookingEntity_student"[0m[37m.[0m[37m"name"[0m 
[94mAS[0m [37m"BookingEntity__BookingEntity_student_name"[0m[37m,[0m 
[37m"BookingEntity__BookingEntity_student"[0m[37m.[0m[37m"email"[0m 
[94mAS[0m [37m"BookingEntity__BookingEntity_student_email"[0m[37m,[0m 
[37m"BookingEntity__BookingEntity_student"[0m[37m.[0m[37m"role"[0m 
[94mAS[0m [37m"BookingEntity__BookingEntity_student_role"[0m[37m,[0m 
[37m"BookingEntity__BookingEntity_student"[0m[37m.[0m[37m"created_at"[0m 
[94mAS[0m 
[37m"BookingEntity__BookingEntity_student_created_at"[0m[37m,[0m 
[37m"BookingEntity__BookingEntity_student"[0m[37m.[0m[37m"updated_at"[0m 
[94mAS[0m 
[37m"BookingEntity__BookingEntity_student_updated_at"[0m[37m,[0m 
[37m"BookingEntity__BookingEntity_tutor"[0m[37m.[0m[37m"id"[0m 
[94mAS[0m [37m"BookingEntity__BookingEntity_tutor_id"[0m[37m,[0m 
[37m"BookingEntity__BookingEntity_tutor"[0m[37m.[0m[37m"bio"[0m 
[94mAS[0m [37m"BookingEntity__BookingEntity_tutor_bio"[0m[37m,[0m 
[37m"BookingEntity__BookingEntity_tutor"[0m[37m.[0m[37m"subjects"[0m 
[94mAS[0m [37m"BookingEntity__BookingEntity_tutor_subjects"[0m[37m,[0m 
[37m"BookingEntity__BookingEntity_tutor"[0m[37m.[0m[37m"rating"[0m 
[94mAS[0m [37m"BookingEntity__BookingEntity_tutor_rating"[0m[37m,[0m [37
m"BookingEntity__BookingEntity_tutor"[0m[37m.[0m[37m"experienceYears"[0m 
[94mAS[0m 
[37m"BookingEntity__BookingEntity_tutor_experienceYears"[0m[37m,[0m 
[37m"BookingEntity__BookingEntity_tutor"[0m[37m.[0m[37m"created_at"[0m 
[94mAS[0m [37m"BookingEntity__BookingEntity_tutor_created_at"[0m[37m,[0m 
[37m"BookingEntity__BookingEntity_tutor"[0m[37m.[0m[37m"updated_at"[0m 
[94mAS[0m [37m"BookingEntity__BookingEntity_tutor_updated_at"[0m[37m,[0m 
[37m"BookingEntity__BookingEntity_tutor"[0m[37m.[0m[37m"userId"[0m 
[94mAS[0m [37m"BookingEntity__BookingEntity_tutor_userId"[0m [94mFROM[0m 
[37m"bookings"[0m [37m"BookingEntity"[0m [94mLEFT JOIN[0m 
[37m"users"[0m [37m"BookingEntity__BookingEntity_student"[0m [94mON[0m [
37m"BookingEntity__BookingEntity_student"[0m[37m.[0m[37m"id"[0m[37m=[0m
[37m"BookingEntity"[0m[37m.[0m[37m"studentId"[0m  [94mLEFT JOIN[0m 
[37m"tutors"[0m [37m"BookingEntity__BookingEntity_tutor"[0m [94mON[0m [3
7m"BookingEntity__BookingEntity_tutor"[0m[37m.[0m[37m"id"[0m[37m=[0m[37
m"BookingEntity"[0m[37m.[0m[37m"tutorId"[0m [94mWHERE[0m [37m([0m 
[37m([0m[37m([0m[37m"BookingEntity"[0m[37m.[0m[37m"id"[0m [37m=[0m 
[37m$[0m[32m1[0m[37m)[0m[37m)[0m [37m)[0m [94mAND[0m [37m([0m 
[37m"BookingEntity"[0m[37m.[0m[37m"id"[0m [94mIN[0m 
[37m([0m[37m$[0m[32m2[0m[37m)[0m [37m)[0m [90m-- PARAMETERS: ["5b57d
44c-f2ca-44c4-a014-bc5397cd6a0b","5b57d44c-f2ca-44c4-a014-bc5397cd6a0b"][0m

      at PlatformTools.logInfo (../src/platform/PlatformTools.ts:262:17)

    console.log
      [90m[4mquery:[24m[39m [94mSELECT[0m 
[37m"BookingEntity"[0m[37m.[0m[37m"id"[0m [94mAS[0m 
[37m"BookingEntity_id"[0m[37m,[0m 
[37m"BookingEntity"[0m[37m.[0m[37m"startTime"[0m [94mAS[0m 
[37m"BookingEntity_startTime"[0m[37m,[0m 
[37m"BookingEntity"[0m[37m.[0m[37m"endTime"[0m [94mAS[0m 
[37m"BookingEntity_endTime"[0m[37m,[0m 
[37m"BookingEntity"[0m[37m.[0m[37m"status"[0m [94mAS[0m 
[37m"BookingEntity_status"[0m[37m,[0m 
[37m"BookingEntity"[0m[37m.[0m[37m"created_at"[0m [94mAS[0m 
[37m"BookingEntity_created_at"[0m[37m,[0m 
[37m"BookingEntity"[0m[37m.[0m[37m"updated_at"[0m [94mAS[0m 
[37m"BookingEntity_updated_at"[0m[37m,[0m 
[37m"BookingEntity"[0m[37m.[0m[37m"studentId"[0m [94mAS[0m 
[37m"BookingEntity_studentId"[0m[37m,[0m 
[37m"BookingEntity"[0m[37m.[0m[37m"tutorId"[0m [94mAS[0m 
[37m"BookingEntity_tutorId"[0m [94mFROM[0m [37m"bookings"[0m 
[37m"BookingEntity"[0m [94mWHERE[0m 
[37m"BookingEntity"[0m[37m.[0m[37m"id"[0m [94mIN[0m 
[37m([0m[37m$[0m[32m1[0m[37m)[0m [90m-- PARAMETERS: 
["5b57d44c-f2ca-44c4-a014-bc5397cd6a0b"][0m

      at PlatformTools.logInfo (../src/platform/PlatformTools.ts:262:17)
          at async Promise.all (index 0)
          at async Promise.all (index 0)

    console.log
      [90m[4mquery:[24m[39m [37mSTART[0m [37mTRANSACTION[0m

      at PlatformTools.logInfo (../src/platform/PlatformTools.ts:262:17)

    console.log
      [90m[4mquery:[24m[39m [94mUPDATE[0m [37m"bookings"[0m 
[94mSET[0m [37m"status"[0m [37m=[0m [37m$[0m[32m1[0m[37m,[0m 
[37m"updated_at"[0m [37m=[0m [37mCURRENT_TIMESTAMP[0m [94mWHERE[0m 
[37m"id"[0m [94mIN[0m [37m([0m[37m$[0m[32m2[0m[37m)[0m 
[94mRETURNING[0m [37m"updated_at"[0m [90m-- PARAMETERS: 
["confirmed","5b57d44c-f2ca-44c4-a014-bc5397cd6a0b"][0m

      at PlatformTools.logInfo (../src/platform/PlatformTools.ts:262:17)
          at async Promise.all (index 0)

    console.log
      [90m[4mquery:[24m[39m [94mCOMMIT[0m

      at PlatformTools.logInfo (../src/platform/PlatformTools.ts:262:17)

    console.log
      [90m[4mquery:[24m[39m [94mSELECT DISTINCT[0m 
[37m"distinctAlias"[0m[37m.[0m[37m"BookingEntity_id"[0m [94mAS[0m 
[37m"ids_BookingEntity_id"[0m [94mFROM[0m [37m([0m[94mSELECT[0m 
[37m"BookingEntity"[0m[37m.[0m[37m"id"[0m [94mAS[0m 
[37m"BookingEntity_id"[0m[37m,[0m 
[37m"BookingEntity"[0m[37m.[0m[37m"startTime"[0m [94mAS[0m 
[37m"BookingEntity_startTime"[0m[37m,[0m 
[37m"BookingEntity"[0m[37m.[0m[37m"endTime"[0m [94mAS[0m 
[37m"BookingEntity_endTime"[0m[37m,[0m 
[37m"BookingEntity"[0m[37m.[0m[37m"status"[0m [94mAS[0m 
[37m"BookingEntity_status"[0m[37m,[0m 
[37m"BookingEntity"[0m[37m.[0m[37m"created_at"[0m [94mAS[0m 
[37m"BookingEntity_created_at"[0m[37m,[0m 
[37m"BookingEntity"[0m[37m.[0m[37m"updated_at"[0m [94mAS[0m 
[37m"BookingEntity_updated_at"[0m[37m,[0m 
[37m"BookingEntity"[0m[37m.[0m[37m"studentId"[0m [94mAS[0m 
[37m"BookingEntity_studentId"[0m[37m,[0m 
[37m"BookingEntity"[0m[37m.[0m[37m"tutorId"[0m [94mAS[0m 
[37m"BookingEntity_tutorId"[0m[37m,[0m 
[37m"BookingEntity__BookingEntity_student"[0m[37m.[0m[37m"id"[0m 
[94mAS[0m [37m"BookingEntity__BookingEntity_student_id"[0m[37m,[0m 
[37m"BookingEntity__BookingEntity_student"[0m[37m.[0m[37m"name"[0m 
[94mAS[0m [37m"BookingEntity__BookingEntity_student_name"[0m[37m,[0m 
[37m"BookingEntity__BookingEntity_student"[0m[37m.[0m[37m"email"[0m 
[94mAS[0m [37m"BookingEntity__BookingEntity_student_email"[0m[37m,[0m 
[37m"BookingEntity__BookingEntity_student"[0m[37m.[0m[37m"role"[0m 
[94mAS[0m [37m"BookingEntity__BookingEntity_student_role"[0m[37m,[0m 
[37m"BookingEntity__BookingEntity_student"[0m[37m.[0m[37m"created_at"[0m 
[94mAS[0m 
[37m"BookingEntity__BookingEntity_student_created_at"[0m[37m,[0m 
[37m"BookingEntity__BookingEntity_student"[0m[37m.[0m[37m"updated_at"[0m 
[94mAS[0m 
[37m"BookingEntity__BookingEntity_student_updated_at"[0m[37m,[0m 
[37m"BookingEntity__BookingEntity_tutor"[0m[37m.[0m[37m"id"[0m 
[94mAS[0m [37m"BookingEntity__BookingEntity_tutor_id"[0m[37m,[0m 
[37m"BookingEntity__BookingEntity_tutor"[0m[37m.[0m[37m"bio"[0m 
[94mAS[0m [37m"BookingEntity__BookingEntity_tutor_bio"[0m[37m,[0m 
[37m"BookingEntity__BookingEntity_tutor"[0m[37m.[0m[37m"subjects"[0m 
[94mAS[0m [37m"BookingEntity__BookingEntity_tutor_subjects"[0m[37m,[0m 
[37m"BookingEntity__BookingEntity_tutor"[0m[37m.[0m[37m"rating"[0m 
[94mAS[0m [37m"BookingEntity__BookingEntity_tutor_rating"[0m[37m,[0m [37
m"BookingEntity__BookingEntity_tutor"[0m[37m.[0m[37m"experienceYears"[0m 
[94mAS[0m 
[37m"BookingEntity__BookingEntity_tutor_experienceYears"[0m[37m,[0m 
[37m"BookingEntity__BookingEntity_tutor"[0m[37m.[0m[37m"created_at"[0m 
[94mAS[0m [37m"BookingEntity__BookingEntity_tutor_created_at"[0m[37m,[0m 
[37m"BookingEntity__BookingEntity_tutor"[0m[37m.[0m[37m"updated_at"[0m 
[94mAS[0m [37m"BookingEntity__BookingEntity_tutor_updated_at"[0m[37m,[0m 
[37m"BookingEntity__BookingEntity_tutor"[0m[37m.[0m[37m"userId"[0m 
[94mAS[0m [37m"BookingEntity__BookingEntity_tutor_userId"[0m [94mFROM[0m 
[37m"bookings"[0m [37m"BookingEntity"[0m [94mLEFT JOIN[0m 
[37m"users"[0m [37m"BookingEntity__BookingEntity_student"[0m [94mON[0m [
37m"BookingEntity__BookingEntity_student"[0m[37m.[0m[37m"id"[0m[37m=[0m
[37m"BookingEntity"[0m[37m.[0m[37m"studentId"[0m  [94mLEFT JOIN[0m 
[37m"tutors"[0m [37m"BookingEntity__BookingEntity_tutor"[0m [94mON[0m [3
7m"BookingEntity__BookingEntity_tutor"[0m[37m.[0m[37m"id"[0m[37m=[0m[37
m"BookingEntity"[0m[37m.[0m[37m"tutorId"[0m [94mWHERE[0m 
[37m([0m[37m([0m[37m"BookingEntity"[0m[37m.[0m[37m"id"[0m [37m=[0m 
[37m$[0m[32m1[0m[37m)[0m[37m)[0m[37m)[0m [37m"distinctAlias"[0m 
[94mORDER BY[0m [37m"BookingEntity_id"[0m [94mASC[0m [94mLIMIT[0m 
[32m1[0m [90m-- PARAMETERS: ["00000000-0000-0000-0000-000000000000"][0m

      at PlatformTools.logInfo (../src/platform/PlatformTools.ts:262:17)

    console.log
      [90m[4mquery:[24m[39m [94mSELECT[0m 
[37m"UserEntity"[0m[37m.[0m[37m"id"[0m [94mAS[0m 
[37m"UserEntity_id"[0m[37m,[0m 
[37m"UserEntity"[0m[37m.[0m[37m"name"[0m [94mAS[0m 
[37m"UserEntity_name"[0m[37m,[0m 
[37m"UserEntity"[0m[37m.[0m[37m"email"[0m [94mAS[0m 
[37m"UserEntity_email"[0m[37m,[0m 
[37m"UserEntity"[0m[37m.[0m[37m"role"[0m [94mAS[0m 
[37m"UserEntity_role"[0m[37m,[0m 
[37m"UserEntity"[0m[37m.[0m[37m"created_at"[0m [94mAS[0m 
[37m"UserEntity_created_at"[0m[37m,[0m 
[37m"UserEntity"[0m[37m.[0m[37m"updated_at"[0m [94mAS[0m 
[37m"UserEntity_updated_at"[0m [94mFROM[0m [37m"users"[0m 
[37m"UserEntity"[0m [94mWHERE[0m 
[37m([0m[37m([0m[37m"UserEntity"[0m[37m.[0m[37m"id"[0m [37m=[0m 
[37m$[0m[32m1[0m[37m)[0m[37m)[0m [94mLIMIT[0m [32m1[0m [90m-- 
PARAMETERS: ["d78b0580-1485-4205-9c91-0e3d22022775"][0m

      at PlatformTools.logInfo (../src/platform/PlatformTools.ts:262:17)

    console.log
      [90m[4mquery:[24m[39m [94mSELECT[0m 
[37m"TutorEntity"[0m[37m.[0m[37m"id"[0m [94mAS[0m 
[37m"TutorEntity_id"[0m[37m,[0m 
[37m"TutorEntity"[0m[37m.[0m[37m"bio"[0m [94mAS[0m 
[37m"TutorEntity_bio"[0m[37m,[0m 
[37m"TutorEntity"[0m[37m.[0m[37m"subjects"[0m [94mAS[0m 
[37m"TutorEntity_subjects"[0m[37m,[0m 
[37m"TutorEntity"[0m[37m.[0m[37m"rating"[0m [94mAS[0m 
[37m"TutorEntity_rating"[0m[37m,[0m 
[37m"TutorEntity"[0m[37m.[0m[37m"experienceYears"[0m [94mAS[0m 
[37m"TutorEntity_experienceYears"[0m[37m,[0m 
[37m"TutorEntity"[0m[37m.[0m[37m"created_at"[0m [94mAS[0m 
[37m"TutorEntity_created_at"[0m[37m,[0m 
[37m"TutorEntity"[0m[37m.[0m[37m"updated_at"[0m [94mAS[0m 
[37m"TutorEntity_updated_at"[0m[37m,[0m 
[37m"TutorEntity"[0m[37m.[0m[37m"userId"[0m [94mAS[0m 
[37m"TutorEntity_userId"[0m [94mFROM[0m [37m"tutors"[0m 
[37m"TutorEntity"[0m [94mWHERE[0m 
[37m([0m[37m([0m[37m"TutorEntity"[0m[37m.[0m[37m"id"[0m [37m=[0m 
[37m$[0m[32m1[0m[37m)[0m[37m)[0m [94mLIMIT[0m [32m1[0m [90m-- 
PARAMETERS: ["9916b5e1-f637-4cd8-ab05-1adc488c1f55"][0m

      at PlatformTools.logInfo (../src/platform/PlatformTools.ts:262:17)

    console.log
      [90m[4mquery:[24m[39m [37mSTART[0m [37mTRANSACTION[0m

      at PlatformTools.logInfo (../src/platform/PlatformTools.ts:262:17)

    console.log
      [90m[4mquery:[24m[39m [94mINSERT INTO[0m 
[37m"bookings"[0m[37m([0m[37m"id"[0m[37m,[0m 
[37m"startTime"[0m[37m,[0m [37m"endTime"[0m[37m,[0m 
[37m"status"[0m[37m,[0m [37m"created_at"[0m[37m,[0m 
[37m"updated_at"[0m[37m,[0m [37m"studentId"[0m[37m,[0m 
[37m"tutorId"[0m[37m)[0m [94mVALUES[0m 
[37m([0m[94mDEFAULT[0m[37m,[0m [37m$[0m[32m1[0m[37m,[0m 
[94mDEFAULT[0m[37m,[0m [37m$[0m[32m2[0m[37m,[0m 
[94mDEFAULT[0m[37m,[0m [94mDEFAULT[0m[37m,[0m 
[37m$[0m[32m3[0m[37m,[0m [37m$[0m[32m4[0m[37m)[0m 
[94mRETURNING[0m [37m"id"[0m[37m,[0m [37m"status"[0m[37m,[0m 
[37m"created_at"[0m[37m,[0m [37m"updated_at"[0m [90m-- PARAMETERS: ["202
6-05-01T16:00:00.000Z","pending","d78b0580-1485-4205-9c91-0e3d22022775","9916b5
e1-f637-4cd8-ab05-1adc488c1f55"][0m

      at PlatformTools.logInfo (../src/platform/PlatformTools.ts:262:17)

    console.log
      [90m[4mquery:[24m[39m [94mCOMMIT[0m

      at PlatformTools.logInfo (../src/platform/PlatformTools.ts:262:17)

    console.log
      [90m[4mquery:[24m[39m [94mSELECT DISTINCT[0m 
[37m"distinctAlias"[0m[37m.[0m[37m"BookingEntity_id"[0m [94mAS[0m 
[37m"ids_BookingEntity_id"[0m [94mFROM[0m [37m([0m[94mSELECT[0m 
[37m"BookingEntity"[0m[37m.[0m[37m"id"[0m [94mAS[0m 
[37m"BookingEntity_id"[0m[37m,[0m 
[37m"BookingEntity"[0m[37m.[0m[37m"startTime"[0m [94mAS[0m 
[37m"BookingEntity_startTime"[0m[37m,[0m 
[37m"BookingEntity"[0m[37m.[0m[37m"endTime"[0m [94mAS[0m 
[37m"BookingEntity_endTime"[0m[37m,[0m 
[37m"BookingEntity"[0m[37m.[0m[37m"status"[0m [94mAS[0m 
[37m"BookingEntity_status"[0m[37m,[0m 
[37m"BookingEntity"[0m[37m.[0m[37m"created_at"[0m [94mAS[0m 
[37m"BookingEntity_created_at"[0m[37m,[0m 
[37m"BookingEntity"[0m[37m.[0m[37m"updated_at"[0m [94mAS[0m 
[37m"BookingEntity_updated_at"[0m[37m,[0m 
[37m"BookingEntity"[0m[37m.[0m[37m"studentId"[0m [94mAS[0m 
[37m"BookingEntity_studentId"[0m[37m,[0m 
[37m"BookingEntity"[0m[37m.[0m[37m"tutorId"[0m [94mAS[0m 
[37m"BookingEntity_tutorId"[0m[37m,[0m 
[37m"BookingEntity__BookingEntity_student"[0m[37m.[0m[37m"id"[0m 
[94mAS[0m [37m"BookingEntity__BookingEntity_student_id"[0m[37m,[0m 
[37m"BookingEntity__BookingEntity_student"[0m[37m.[0m[37m"name"[0m 
[94mAS[0m [37m"BookingEntity__BookingEntity_student_name"[0m[37m,[0m 
[37m"BookingEntity__BookingEntity_student"[0m[37m.[0m[37m"email"[0m 
[94mAS[0m [37m"BookingEntity__BookingEntity_student_email"[0m[37m,[0m 
[37m"BookingEntity__BookingEntity_student"[0m[37m.[0m[37m"role"[0m 
[94mAS[0m [37m"BookingEntity__BookingEntity_student_role"[0m[37m,[0m 
[37m"BookingEntity__BookingEntity_student"[0m[37m.[0m[37m"created_at"[0m 
[94mAS[0m 
[37m"BookingEntity__BookingEntity_student_created_at"[0m[37m,[0m 
[37m"BookingEntity__BookingEntity_student"[0m[37m.[0m[37m"updated_at"[0m 
[94mAS[0m 
[37m"BookingEntity__BookingEntity_student_updated_at"[0m[37m,[0m 
[37m"BookingEntity__BookingEntity_tutor"[0m[37m.[0m[37m"id"[0m 
[94mAS[0m [37m"BookingEntity__BookingEntity_tutor_id"[0m[37m,[0m 
[37m"BookingEntity__BookingEntity_tutor"[0m[37m.[0m[37m"bio"[0m 
[94mAS[0m [37m"BookingEntity__BookingEntity_tutor_bio"[0m[37m,[0m 
[37m"BookingEntity__BookingEntity_tutor"[0m[37m.[0m[37m"subjects"[0m 
[94mAS[0m [37m"BookingEntity__BookingEntity_tutor_subjects"[0m[37m,[0m 
[37m"BookingEntity__BookingEntity_tutor"[0m[37m.[0m[37m"rating"[0m 
[94mAS[0m [37m"BookingEntity__BookingEntity_tutor_rating"[0m[37m,[0m [37
m"BookingEntity__BookingEntity_tutor"[0m[37m.[0m[37m"experienceYears"[0m 
[94mAS[0m 
[37m"BookingEntity__BookingEntity_tutor_experienceYears"[0m[37m,[0m 
[37m"BookingEntity__BookingEntity_tutor"[0m[37m.[0m[37m"created_at"[0m 
[94mAS[0m [37m"BookingEntity__BookingEntity_tutor_created_at"[0m[37m,[0m 
[37m"BookingEntity__BookingEntity_tutor"[0m[37m.[0m[37m"updated_at"[0m 
[94mAS[0m [37m"BookingEntity__BookingEntity_tutor_updated_at"[0m[37m,[0m 
[37m"BookingEntity__BookingEntity_tutor"[0m[37m.[0m[37m"userId"[0m 
[94mAS[0m [37m"BookingEntity__BookingEntity_tutor_userId"[0m [94mFROM[0m 
[37m"bookings"[0m [37m"BookingEntity"[0m [94mLEFT JOIN[0m 
[37m"users"[0m [37m"BookingEntity__BookingEntity_student"[0m [94mON[0m [
37m"BookingEntity__BookingEntity_student"[0m[37m.[0m[37m"id"[0m[37m=[0m
[37m"BookingEntity"[0m[37m.[0m[37m"studentId"[0m  [94mLEFT JOIN[0m 
[37m"tutors"[0m [37m"BookingEntity__BookingEntity_tutor"[0m [94mON[0m [3
7m"BookingEntity__BookingEntity_tutor"[0m[37m.[0m[37m"id"[0m[37m=[0m[37
m"BookingEntity"[0m[37m.[0m[37m"tutorId"[0m [94mWHERE[0m 
[37m([0m[37m([0m[37m"BookingEntity"[0m[37m.[0m[37m"id"[0m [37m=[0m 
[37m$[0m[32m1[0m[37m)[0m[37m)[0m[37m)[0m [37m"distinctAlias"[0m 
[94mORDER BY[0m [37m"BookingEntity_id"[0m [94mASC[0m [94mLIMIT[0m 
[32m1[0m [90m-- PARAMETERS: ["445b2754-277e-4829-bb50-0831cab57dcc"][0m

      at PlatformTools.logInfo (../src/platform/PlatformTools.ts:262:17)

    console.log
      [90m[4mquery:[24m[39m [94mSELECT[0m 
[37m"BookingEntity"[0m[37m.[0m[37m"id"[0m [94mAS[0m 
[37m"BookingEntity_id"[0m[37m,[0m 
[37m"BookingEntity"[0m[37m.[0m[37m"startTime"[0m [94mAS[0m 
[37m"BookingEntity_startTime"[0m[37m,[0m 
[37m"BookingEntity"[0m[37m.[0m[37m"endTime"[0m [94mAS[0m 
[37m"BookingEntity_endTime"[0m[37m,[0m 
[37m"BookingEntity"[0m[37m.[0m[37m"status"[0m [94mAS[0m 
[37m"BookingEntity_status"[0m[37m,[0m 
[37m"BookingEntity"[0m[37m.[0m[37m"created_at"[0m [94mAS[0m 
[37m"BookingEntity_created_at"[0m[37m,[0m 
[37m"BookingEntity"[0m[37m.[0m[37m"updated_at"[0m [94mAS[0m 
[37m"BookingEntity_updated_at"[0m[37m,[0m 
[37m"BookingEntity"[0m[37m.[0m[37m"studentId"[0m [94mAS[0m 
[37m"BookingEntity_studentId"[0m[37m,[0m 
[37m"BookingEntity"[0m[37m.[0m[37m"tutorId"[0m [94mAS[0m 
[37m"BookingEntity_tutorId"[0m[37m,[0m 
[37m"BookingEntity__BookingEntity_student"[0m[37m.[0m[37m"id"[0m 
[94mAS[0m [37m"BookingEntity__BookingEntity_student_id"[0m[37m,[0m 
[37m"BookingEntity__BookingEntity_student"[0m[37m.[0m[37m"name"[0m 
[94mAS[0m [37m"BookingEntity__BookingEntity_student_name"[0m[37m,[0m 
[37m"BookingEntity__BookingEntity_student"[0m[37m.[0m[37m"email"[0m 
[94mAS[0m [37m"BookingEntity__BookingEntity_student_email"[0m[37m,[0m 
[37m"BookingEntity__BookingEntity_student"[0m[37m.[0m[37m"role"[0m 
[94mAS[0m [37m"BookingEntity__BookingEntity_student_role"[0m[37m,[0m 
[37m"BookingEntity__BookingEntity_student"[0m[37m.[0m[37m"created_at"[0m 
[94mAS[0m 
[37m"BookingEntity__BookingEntity_student_created_at"[0m[37m,[0m 
[37m"BookingEntity__BookingEntity_student"[0m[37m.[0m[37m"updated_at"[0m 
[94mAS[0m 
[37m"BookingEntity__BookingEntity_student_updated_at"[0m[37m,[0m 
[37m"BookingEntity__BookingEntity_tutor"[0m[37m.[0m[37m"id"[0m 
[94mAS[0m [37m"BookingEntity__BookingEntity_tutor_id"[0m[37m,[0m 
[37m"BookingEntity__BookingEntity_tutor"[0m[37m.[0m[37m"bio"[0m 
[94mAS[0m [37m"BookingEntity__BookingEntity_tutor_bio"[0m[37m,[0m 
[37m"BookingEntity__BookingEntity_tutor"[0m[37m.[0m[37m"subjects"[0m 
[94mAS[0m [37m"BookingEntity__BookingEntity_tutor_subjects"[0m[37m,[0m 
[37m"BookingEntity__BookingEntity_tutor"[0m[37m.[0m[37m"rating"[0m 
[94mAS[0m [37m"BookingEntity__BookingEntity_tutor_rating"[0m[37m,[0m [37
m"BookingEntity__BookingEntity_tutor"[0m[37m.[0m[37m"experienceYears"[0m 
[94mAS[0m 
[37m"BookingEntity__BookingEntity_tutor_experienceYears"[0m[37m,[0m 
[37m"BookingEntity__BookingEntity_tutor"[0m[37m.[0m[37m"created_at"[0m 
[94mAS[0m [37m"BookingEntity__BookingEntity_tutor_created_at"[0m[37m,[0m 
[37m"BookingEntity__BookingEntity_tutor"[0m[37m.[0m[37m"updated_at"[0m 
[94mAS[0m [37m"BookingEntity__BookingEntity_tutor_updated_at"[0m[37m,[0m 
[37m"BookingEntity__BookingEntity_tutor"[0m[37m.[0m[37m"userId"[0m 
[94mAS[0m [37m"BookingEntity__BookingEntity_tutor_userId"[0m [94mFROM[0m 
[37m"bookings"[0m [37m"BookingEntity"[0m [94mLEFT JOIN[0m 
[37m"users"[0m [37m"BookingEntity__BookingEntity_student"[0m [94mON[0m [
37m"BookingEntity__BookingEntity_student"[0m[37m.[0m[37m"id"[0m[37m=[0m
[37m"BookingEntity"[0m[37m.[0m[37m"studentId"[0m  [94mLEFT JOIN[0m 
[37m"tutors"[0m [37m"BookingEntity__BookingEntity_tutor"[0m [94mON[0m [3
7m"BookingEntity__BookingEntity_tutor"[0m[37m.[0m[37m"id"[0m[37m=[0m[37
m"BookingEntity"[0m[37m.[0m[37m"tutorId"[0m [94mWHERE[0m [37m([0m 
[37m([0m[37m([0m[37m"BookingEntity"[0m[37m.[0m[37m"id"[0m [37m=[0m 
[37m$[0m[32m1[0m[37m)[0m[37m)[0m [37m)[0m [94mAND[0m [37m([0m 
[37m"BookingEntity"[0m[37m.[0m[37m"id"[0m [94mIN[0m 
[37m([0m[37m$[0m[32m2[0m[37m)[0m [37m)[0m [90m-- PARAMETERS: ["445b2
754-277e-4829-bb50-0831cab57dcc","445b2754-277e-4829-bb50-0831cab57dcc"][0m

      at PlatformTools.logInfo (../src/platform/PlatformTools.ts:262:17)

    console.log
      [90m[4mquery:[24m[39m [94mSELECT[0m 
[37m"BookingEntity"[0m[37m.[0m[37m"id"[0m [94mAS[0m 
[37m"BookingEntity_id"[0m[37m,[0m 
[37m"BookingEntity"[0m[37m.[0m[37m"startTime"[0m [94mAS[0m 
[37m"BookingEntity_startTime"[0m[37m,[0m 
[37m"BookingEntity"[0m[37m.[0m[37m"endTime"[0m [94mAS[0m 
[37m"BookingEntity_endTime"[0m[37m,[0m 
[37m"BookingEntity"[0m[37m.[0m[37m"status"[0m [94mAS[0m 
[37m"BookingEntity_status"[0m[37m,[0m 
[37m"BookingEntity"[0m[37m.[0m[37m"created_at"[0m [94mAS[0m 
[37m"BookingEntity_created_at"[0m[37m,[0m 
[37m"BookingEntity"[0m[37m.[0m[37m"updated_at"[0m [94mAS[0m 
[37m"BookingEntity_updated_at"[0m[37m,[0m 
[37m"BookingEntity"[0m[37m.[0m[37m"studentId"[0m [94mAS[0m 
[37m"BookingEntity_studentId"[0m[37m,[0m 
[37m"BookingEntity"[0m[37m.[0m[37m"tutorId"[0m [94mAS[0m 
[37m"BookingEntity_tutorId"[0m [94mFROM[0m [37m"bookings"[0m 
[37m"BookingEntity"[0m [94mWHERE[0m 
[37m"BookingEntity"[0m[37m.[0m[37m"id"[0m [94mIN[0m 
[37m([0m[37m$[0m[32m1[0m[37m)[0m [90m-- PARAMETERS: 
["445b2754-277e-4829-bb50-0831cab57dcc"][0m

      at PlatformTools.logInfo (../src/platform/PlatformTools.ts:262:17)
          at async Promise.all (index 0)
          at async Promise.all (index 0)

    console.log
      [90m[4mquery:[24m[39m [37mSTART[0m [37mTRANSACTION[0m

      at PlatformTools.logInfo (../src/platform/PlatformTools.ts:262:17)

    console.log
      [90m[4mquery:[24m[39m [94mDELETE[0m [94mFROM[0m 
[37m"bookings"[0m [94mWHERE[0m [37m"id"[0m [37m=[0m 
[37m$[0m[32m1[0m [90m-- PARAMETERS: 
["445b2754-277e-4829-bb50-0831cab57dcc"][0m

      at PlatformTools.logInfo (../src/platform/PlatformTools.ts:262:17)

    console.log
      [90m[4mquery:[24m[39m [94mCOMMIT[0m

      at PlatformTools.logInfo (../src/platform/PlatformTools.ts:262:17)

    console.log
      [90m[4mquery:[24m[39m [94mSELECT DISTINCT[0m 
[37m"distinctAlias"[0m[37m.[0m[37m"BookingEntity_id"[0m [94mAS[0m 
[37m"ids_BookingEntity_id"[0m [94mFROM[0m [37m([0m[94mSELECT[0m 
[37m"BookingEntity"[0m[37m.[0m[37m"id"[0m [94mAS[0m 
[37m"BookingEntity_id"[0m[37m,[0m 
[37m"BookingEntity"[0m[37m.[0m[37m"startTime"[0m [94mAS[0m 
[37m"BookingEntity_startTime"[0m[37m,[0m 
[37m"BookingEntity"[0m[37m.[0m[37m"endTime"[0m [94mAS[0m 
[37m"BookingEntity_endTime"[0m[37m,[0m 
[37m"BookingEntity"[0m[37m.[0m[37m"status"[0m [94mAS[0m 
[37m"BookingEntity_status"[0m[37m,[0m 
[37m"BookingEntity"[0m[37m.[0m[37m"created_at"[0m [94mAS[0m 
[37m"BookingEntity_created_at"[0m[37m,[0m 
[37m"BookingEntity"[0m[37m.[0m[37m"updated_at"[0m [94mAS[0m 
[37m"BookingEntity_updated_at"[0m[37m,[0m 
[37m"BookingEntity"[0m[37m.[0m[37m"studentId"[0m [94mAS[0m 
[37m"BookingEntity_studentId"[0m[37m,[0m 
[37m"BookingEntity"[0m[37m.[0m[37m"tutorId"[0m [94mAS[0m 
[37m"BookingEntity_tutorId"[0m[37m,[0m 
[37m"BookingEntity__BookingEntity_student"[0m[37m.[0m[37m"id"[0m 
[94mAS[0m [37m"BookingEntity__BookingEntity_student_id"[0m[37m,[0m 
[37m"BookingEntity__BookingEntity_student"[0m[37m.[0m[37m"name"[0m 
[94mAS[0m [37m"BookingEntity__BookingEntity_student_name"[0m[37m,[0m 
[37m"BookingEntity__BookingEntity_student"[0m[37m.[0m[37m"email"[0m 
[94mAS[0m [37m"BookingEntity__BookingEntity_student_email"[0m[37m,[0m 
[37m"BookingEntity__BookingEntity_student"[0m[37m.[0m[37m"role"[0m 
[94mAS[0m [37m"BookingEntity__BookingEntity_student_role"[0m[37m,[0m 
[37m"BookingEntity__BookingEntity_student"[0m[37m.[0m[37m"created_at"[0m 
[94mAS[0m 
[37m"BookingEntity__BookingEntity_student_created_at"[0m[37m,[0m 
[37m"BookingEntity__BookingEntity_student"[0m[37m.[0m[37m"updated_at"[0m 
[94mAS[0m 
[37m"BookingEntity__BookingEntity_student_updated_at"[0m[37m,[0m 
[37m"BookingEntity__BookingEntity_tutor"[0m[37m.[0m[37m"id"[0m 
[94mAS[0m [37m"BookingEntity__BookingEntity_tutor_id"[0m[37m,[0m 
[37m"BookingEntity__BookingEntity_tutor"[0m[37m.[0m[37m"bio"[0m 
[94mAS[0m [37m"BookingEntity__BookingEntity_tutor_bio"[0m[37m,[0m 
[37m"BookingEntity__BookingEntity_tutor"[0m[37m.[0m[37m"subjects"[0m 
[94mAS[0m [37m"BookingEntity__BookingEntity_tutor_subjects"[0m[37m,[0m 
[37m"BookingEntity__BookingEntity_tutor"[0m[37m.[0m[37m"rating"[0m 
[94mAS[0m [37m"BookingEntity__BookingEntity_tutor_rating"[0m[37m,[0m [37
m"BookingEntity__BookingEntity_tutor"[0m[37m.[0m[37m"experienceYears"[0m 
[94mAS[0m 
[37m"BookingEntity__BookingEntity_tutor_experienceYears"[0m[37m,[0m 
[37m"BookingEntity__BookingEntity_tutor"[0m[37m.[0m[37m"created_at"[0m 
[94mAS[0m [37m"BookingEntity__BookingEntity_tutor_created_at"[0m[37m,[0m 
[37m"BookingEntity__BookingEntity_tutor"[0m[37m.[0m[37m"updated_at"[0m 
[94mAS[0m [37m"BookingEntity__BookingEntity_tutor_updated_at"[0m[37m,[0m 
[37m"BookingEntity__BookingEntity_tutor"[0m[37m.[0m[37m"userId"[0m 
[94mAS[0m [37m"BookingEntity__BookingEntity_tutor_userId"[0m [94mFROM[0m 
[37m"bookings"[0m [37m"BookingEntity"[0m [94mLEFT JOIN[0m 
[37m"users"[0m [37m"BookingEntity__BookingEntity_student"[0m [94mON[0m [
37m"BookingEntity__BookingEntity_student"[0m[37m.[0m[37m"id"[0m[37m=[0m
[37m"BookingEntity"[0m[37m.[0m[37m"studentId"[0m  [94mLEFT JOIN[0m 
[37m"tutors"[0m [37m"BookingEntity__BookingEntity_tutor"[0m [94mON[0m [3
7m"BookingEntity__BookingEntity_tutor"[0m[37m.[0m[37m"id"[0m[37m=[0m[37
m"BookingEntity"[0m[37m.[0m[37m"tutorId"[0m [94mWHERE[0m 
[37m([0m[37m([0m[37m"BookingEntity"[0m[37m.[0m[37m"id"[0m [37m=[0m 
[37m$[0m[32m1[0m[37m)[0m[37m)[0m[37m)[0m [37m"distinctAlias"[0m 
[94mORDER BY[0m [37m"BookingEntity_id"[0m [94mASC[0m [94mLIMIT[0m 
[32m1[0m [90m-- PARAMETERS: ["445b2754-277e-4829-bb50-0831cab57dcc"][0m

      at PlatformTools.logInfo (../src/platform/PlatformTools.ts:262:17)

    console.log
      [90m[4mquery:[24m[39m [94mSELECT DISTINCT[0m 
[37m"distinctAlias"[0m[37m.[0m[37m"BookingEntity_id"[0m [94mAS[0m 
[37m"ids_BookingEntity_id"[0m [94mFROM[0m [37m([0m[94mSELECT[0m 
[37m"BookingEntity"[0m[37m.[0m[37m"id"[0m [94mAS[0m 
[37m"BookingEntity_id"[0m[37m,[0m 
[37m"BookingEntity"[0m[37m.[0m[37m"startTime"[0m [94mAS[0m 
[37m"BookingEntity_startTime"[0m[37m,[0m 
[37m"BookingEntity"[0m[37m.[0m[37m"endTime"[0m [94mAS[0m 
[37m"BookingEntity_endTime"[0m[37m,[0m 
[37m"BookingEntity"[0m[37m.[0m[37m"status"[0m [94mAS[0m 
[37m"BookingEntity_status"[0m[37m,[0m 
[37m"BookingEntity"[0m[37m.[0m[37m"created_at"[0m [94mAS[0m 
[37m"BookingEntity_created_at"[0m[37m,[0m 
[37m"BookingEntity"[0m[37m.[0m[37m"updated_at"[0m [94mAS[0m 
[37m"BookingEntity_updated_at"[0m[37m,[0m 
[37m"BookingEntity"[0m[37m.[0m[37m"studentId"[0m [94mAS[0m 
[37m"BookingEntity_studentId"[0m[37m,[0m 
[37m"BookingEntity"[0m[37m.[0m[37m"tutorId"[0m [94mAS[0m 
[37m"BookingEntity_tutorId"[0m[37m,[0m 
[37m"BookingEntity__BookingEntity_student"[0m[37m.[0m[37m"id"[0m 
[94mAS[0m [37m"BookingEntity__BookingEntity_student_id"[0m[37m,[0m 
[37m"BookingEntity__BookingEntity_student"[0m[37m.[0m[37m"name"[0m 
[94mAS[0m [37m"BookingEntity__BookingEntity_student_name"[0m[37m,[0m 
[37m"BookingEntity__BookingEntity_student"[0m[37m.[0m[37m"email"[0m 
[94mAS[0m [37m"BookingEntity__BookingEntity_student_email"[0m[37m,[0m 
[37m"BookingEntity__BookingEntity_student"[0m[37m.[0m[37m"role"[0m 
[94mAS[0m [37m"BookingEntity__BookingEntity_student_role"[0m[37m,[0m 
[37m"BookingEntity__BookingEntity_student"[0m[37m.[0m[37m"created_at"[0m 
[94mAS[0m 
[37m"BookingEntity__BookingEntity_student_created_at"[0m[37m,[0m 
[37m"BookingEntity__BookingEntity_student"[0m[37m.[0m[37m"updated_at"[0m 
[94mAS[0m 
[37m"BookingEntity__BookingEntity_student_updated_at"[0m[37m,[0m 
[37m"BookingEntity__BookingEntity_tutor"[0m[37m.[0m[37m"id"[0m 
[94mAS[0m [37m"BookingEntity__BookingEntity_tutor_id"[0m[37m,[0m 
[37m"BookingEntity__BookingEntity_tutor"[0m[37m.[0m[37m"bio"[0m 
[94mAS[0m [37m"BookingEntity__BookingEntity_tutor_bio"[0m[37m,[0m 
[37m"BookingEntity__BookingEntity_tutor"[0m[37m.[0m[37m"subjects"[0m 
[94mAS[0m [37m"BookingEntity__BookingEntity_tutor_subjects"[0m[37m,[0m 
[37m"BookingEntity__BookingEntity_tutor"[0m[37m.[0m[37m"rating"[0m 
[94mAS[0m [37m"BookingEntity__BookingEntity_tutor_rating"[0m[37m,[0m [37
m"BookingEntity__BookingEntity_tutor"[0m[37m.[0m[37m"experienceYears"[0m 
[94mAS[0m 
[37m"BookingEntity__BookingEntity_tutor_experienceYears"[0m[37m,[0m 
[37m"BookingEntity__BookingEntity_tutor"[0m[37m.[0m[37m"created_at"[0m 
[94mAS[0m [37m"BookingEntity__BookingEntity_tutor_created_at"[0m[37m,[0m 
[37m"BookingEntity__BookingEntity_tutor"[0m[37m.[0m[37m"updated_at"[0m 
[94mAS[0m [37m"BookingEntity__BookingEntity_tutor_updated_at"[0m[37m,[0m 
[37m"BookingEntity__BookingEntity_tutor"[0m[37m.[0m[37m"userId"[0m 
[94mAS[0m [37m"BookingEntity__BookingEntity_tutor_userId"[0m [94mFROM[0m 
[37m"bookings"[0m [37m"BookingEntity"[0m [94mLEFT JOIN[0m 
[37m"users"[0m [37m"BookingEntity__BookingEntity_student"[0m [94mON[0m [
37m"BookingEntity__BookingEntity_student"[0m[37m.[0m[37m"id"[0m[37m=[0m
[37m"BookingEntity"[0m[37m.[0m[37m"studentId"[0m  [94mLEFT JOIN[0m 
[37m"tutors"[0m [37m"BookingEntity__BookingEntity_tutor"[0m [94mON[0m [3
7m"BookingEntity__BookingEntity_tutor"[0m[37m.[0m[37m"id"[0m[37m=[0m[37
m"BookingEntity"[0m[37m.[0m[37m"tutorId"[0m [94mWHERE[0m 
[37m([0m[37m([0m[37m"BookingEntity"[0m[37m.[0m[37m"id"[0m [37m=[0m 
[37m$[0m[32m1[0m[37m)[0m[37m)[0m[37m)[0m [37m"distinctAlias"[0m 
[94mORDER BY[0m [37m"BookingEntity_id"[0m [94mASC[0m [94mLIMIT[0m 
[32m1[0m [90m-- PARAMETERS: ["00000000-0000-0000-0000-000000000000"][0m

      at PlatformTools.logInfo (../src/platform/PlatformTools.ts:262:17)

PASS test/tutors.e2e-spec.ts
  ÔùÅ Console

    console.log
      [dotenv@17.2.3] injecting env (8) from .env.test -- tip: ƒöä add secrets 
lifecycle management: https://dotenvx.com/ops

      at _log (../node_modules/dotenv/lib/main.js:142:11)

    console.log
      [90m[4mquery:[24m[39m [94mSELECT[0m 
[95mversion[0m[37m([0m[37m)[0m

      at PlatformTools.logInfo (../src/platform/PlatformTools.ts:262:17)

    console.log
      [90m[4mquery:[24m[39m [94mSELECT[0m [37m*[0m [94mFROM[0m 
[95mcurrent_schema[0m[37m([0m[37m)[0m

      at PlatformTools.logInfo (../src/platform/PlatformTools.ts:262:17)

    console.log
      [90m[4mquery:[24m[39m [94mCREATE[0m [37mEXTENSION[0m [94mIF[0m 
[94mNOT[0m [94mEXISTS[0m [37m"uuid-ossp"[0m

      at PlatformTools.logInfo (../src/platform/PlatformTools.ts:262:17)

    console.log
      [90m[4mquery:[24m[39m [37mSTART[0m [37mTRANSACTION[0m

      at PlatformTools.logInfo (../src/platform/PlatformTools.ts:262:17)

    console.log
      [90m[4mquery:[24m[39m [94mSELECT[0m [37m*[0m [94mFROM[0m 
[95mcurrent_schema[0m[37m([0m[37m)[0m

      at PlatformTools.logInfo (../src/platform/PlatformTools.ts:262:17)

    console.log
      [90m[4mquery:[24m[39m [94mSELECT[0m [37m*[0m [94mFROM[0m 
[95mcurrent_database[0m[37m([0m[37m)[0m

      at PlatformTools.logInfo (../src/platform/PlatformTools.ts:262:17)

    console.log
      [90m[4mquery:[24m[39m [94mSELECT[0m 
[37m"table_schema"[0m[37m,[0m [37m"table_name"[0m[37m,[0m 
[95mobj_description[0m[37m([0m[37m([0m[37m'"'[0m [37m|[0m[37m|[0m 
[37m"table_schema"[0m [37m|[0m[37m|[0m [37m'"."'[0m 
[37m|[0m[37m|[0m [37m"table_name"[0m [37m|[0m[37m|[0m 
[37m'"'[0m[37m)[0m[37m:[0m[37m:[0m[37mregclass[0m[37m,[0m 
[37m'pg_class'[0m[37m)[0m [94mAS[0m [37mtable_comment[0m [94mFROM[0m 
[37m"information_schema"[0m[37m.[0m[37m"tables"[0m [94mWHERE[0m 
[37m([0m[37m"table_schema"[0m [37m=[0m [37m'public'[0m [94mAND[0m 
[37m"table_name"[0m [37m=[0m [37m'tutors'[0m[37m)[0m [94mOR[0m 
[37m([0m[37m"table_schema"[0m [37m=[0m [37m'public'[0m [94mAND[0m 
[37m"table_name"[0m [37m=[0m [37m'users'[0m[37m)[0m [94mOR[0m 
[37m([0m[37m"table_schema"[0m [37m=[0m [37m'public'[0m [94mAND[0m 
[37m"table_name"[0m [37m=[0m [37m'bookings'[0m[37m)[0m

      at PlatformTools.logInfo (../src/platform/PlatformTools.ts:262:17)

    console.log
      [90m[4mquery:[24m[39m [94mSELECT[0m [94mTRUE[0m [94mFROM[0m 
[37minformation_schema[0m[37m.[0m[37mcolumns[0m [94mWHERE[0m 
[37mtable_name[0m [37m=[0m [37m'pg_class'[0m [94mand[0m 
[37mcolumn_name[0m [37m=[0m [37m'relispartition'[0m

      at PlatformTools.logInfo (../src/platform/PlatformTools.ts:262:17)

    console.log
      [90m[4mquery:[24m[39m [94mSELECT[0m 
[37mcolumns[0m[37m.[0m[37m*[0m[37m,[0m [37mpg_catalog[0m[37m.[0m[9
5mcol_description[0m[37m([0m[37m([0m[37m'"'[0m [37m|[0m[37m|[0m 
[37mtable_catalog[0m [37m|[0m[37m|[0m [37m'"."'[0m 
[37m|[0m[37m|[0m [37mtable_schema[0m [37m|[0m[37m|[0m [37m'"."'[0m 
[37m|[0m[37m|[0m [37mtable_name[0m [37m|[0m[37m|[0m [37m'"'[0m[37m
)[0m[37m:[0m[37m:[0m[37mregclass[0m[37m:[0m[37m:[0m[37moid[0m[37m
,[0m [37mordinal_position[0m[37m)[0m [94mAS[0m 
[37mdescription[0m[37m,[0m [37m([0m[37m'"'[0m [37m|[0m[37m|[0m 
[37m"udt_schema"[0m [37m|[0m[37m|[0m [37m'"."'[0m [37m|[0m[37m|[0m 
[37m"udt_name"[0m [37m|[0m[37m|[0m [37m'"'[0m[37m)[0m[37m:[0m[37m:
[0m[37m"regtype"[0m[37m:[0m[37m:[0m[94mtext[0m [94mAS[0m 
[37m"regtype"[0m[37m,[0m [37mpg_catalog[0m[37m.[0m[95mformat_type[0m
[37m([0m[37m"col_attr"[0m[37m.[0m[37m"atttypid"[0m[37m,[0m 
[37m"col_attr"[0m[37m.[0m[37m"atttypmod"[0m[37m)[0m [94mAS[0m 
[37m"format_type"[0m [94mFROM[0m 
[37m"information_schema"[0m[37m.[0m[37m"columns"[0m [94mLEFT JOIN[0m 
[37m"pg_catalog"[0m[37m.[0m[37m"pg_attribute"[0m [94mAS[0m 
[37m"col_attr"[0m [94mON[0m 
[37m"col_attr"[0m[37m.[0m[37m"attname"[0m [37m=[0m 
[37m"columns"[0m[37m.[0m[37m"column_name"[0m [94mAND[0m 
[37m"col_attr"[0m[37m.[0m[37m"attrelid"[0m [37m=[0m [37m([0m 
[94mSELECT[0m [37m"cls"[0m[37m.[0m[37m"oid"[0m [94mFROM[0m 
[37m"pg_catalog"[0m[37m.[0m[37m"pg_class"[0m [94mAS[0m [37m"cls"[0m 
[94mLEFT JOIN[0m [37m"pg_catalog"[0m[37m.[0m[37m"pg_namespace"[0m 
[94mAS[0m [37m"ns"[0m [94mON[0m [37m"ns"[0m[37m.[0m[37m"oid"[0m 
[37m=[0m [37m"cls"[0m[37m.[0m[37m"relnamespace"[0m [94mWHERE[0m 
[37m"cls"[0m[37m.[0m[37m"relname"[0m [37m=[0m 
[37m"columns"[0m[37m.[0m[37m"table_name"[0m [94mAND[0m 
[37m"ns"[0m[37m.[0m[37m"nspname"[0m [37m=[0m 
[37m"columns"[0m[37m.[0m[37m"table_schema"[0m [37m)[0m [94mWHERE[0m 
[37m([0m[37m"table_schema"[0m [37m=[0m [37m'public'[0m [94mAND[0m 
[37m"table_name"[0m [37m=[0m [37m'tutors'[0m[37m)[0m [94mOR[0m 
[37m([0m[37m"table_schema"[0m [37m=[0m [37m'public'[0m [94mAND[0m 
[37m"table_name"[0m [37m=[0m [37m'users'[0m[37m)[0m [94mOR[0m 
[37m([0m[37m"table_schema"[0m [37m=[0m [37m'public'[0m [94mAND[0m 
[37m"table_name"[0m [37m=[0m [37m'bookings'[0m[37m)[0m

      at PlatformTools.logInfo (../src/platform/PlatformTools.ts:262:17)
          at async Promise.all (index 0)

    console.log
      [90m[4mquery:[24m[39m [94mSELECT[0m 
[37m"ns"[0m[37m.[0m[37m"nspname"[0m [94mAS[0m 
[37m"table_schema"[0m[37m,[0m [37m"t"[0m[37m.[0m[37m"relname"[0m 
[94mAS[0m [37m"table_name"[0m[37m,[0m 
[37m"cnst"[0m[37m.[0m[37m"conname"[0m [94mAS[0m 
[37m"constraint_name"[0m[37m,[0m [95mpg_get_constraintdef[0m[37m([0m[3
7m"cnst"[0m[37m.[0m[37m"oid"[0m[37m)[0m [94mAS[0m 
[37m"expression"[0m[37m,[0m [94mCASE[0m 
[37m"cnst"[0m[37m.[0m[37m"contype"[0m [94mWHEN[0m [37m'p'[0m 
[94mTHEN[0m [37m'PRIMARY'[0m [94mWHEN[0m [37m'u'[0m [94mTHEN[0m 
[37m'UNIQUE'[0m [94mWHEN[0m [37m'c'[0m [94mTHEN[0m [37m'CHECK'[0m 
[94mWHEN[0m [37m'x'[0m [94mTHEN[0m [37m'EXCLUDE'[0m [94mEND[0m 
[94mAS[0m [37m"constraint_type"[0m[37m,[0m 
[37m"a"[0m[37m.[0m[37m"attname"[0m [94mAS[0m [37m"column_name"[0m 
[94mFROM[0m [37m"pg_constraint"[0m [37m"cnst"[0m [94mINNER JOIN[0m 
[37m"pg_class"[0m [37m"t"[0m [94mON[0m 
[37m"t"[0m[37m.[0m[37m"oid"[0m [37m=[0m 
[37m"cnst"[0m[37m.[0m[37m"conrelid"[0m [94mINNER JOIN[0m 
[37m"pg_namespace"[0m [37m"ns"[0m [94mON[0m 
[37m"ns"[0m[37m.[0m[37m"oid"[0m [37m=[0m 
[37m"cnst"[0m[37m.[0m[37m"connamespace"[0m [94mLEFT JOIN[0m 
[37m"pg_attribute"[0m [37m"a"[0m [94mON[0m 
[37m"a"[0m[37m.[0m[37m"attrelid"[0m [37m=[0m 
[37m"cnst"[0m[37m.[0m[37m"conrelid"[0m [94mAND[0m 
[37m"a"[0m[37m.[0m[37m"attnum"[0m [37m=[0m [94mANY[0m 
[37m([0m[37m"cnst"[0m[37m.[0m[37m"conkey"[0m[37m)[0m [94mWHERE[0m 
[37m"t"[0m[37m.[0m[37m"relkind"[0m [94mIN[0m 
[37m([0m[37m'r'[0m[37m,[0m [37m'p'[0m[37m)[0m [94mAND[0m 
[37m([0m[37m([0m[37m"ns"[0m[37m.[0m[37m"nspname"[0m [37m=[0m 
[37m'public'[0m [94mAND[0m [37m"t"[0m[37m.[0m[37m"relname"[0m 
[37m=[0m [37m'tutors'[0m[37m)[0m [94mOR[0m 
[37m([0m[37m"ns"[0m[37m.[0m[37m"nspname"[0m [37m=[0m 
[37m'public'[0m [94mAND[0m [37m"t"[0m[37m.[0m[37m"relname"[0m 
[37m=[0m [37m'users'[0m[37m)[0m [94mOR[0m 
[37m([0m[37m"ns"[0m[37m.[0m[37m"nspname"[0m [37m=[0m 
[37m'public'[0m [94mAND[0m [37m"t"[0m[37m.[0m[37m"relname"[0m 
[37m=[0m [37m'bookings'[0m[37m)[0m[37m)[0m

      at PlatformTools.logInfo (../src/platform/PlatformTools.ts:262:17)
          at async Promise.all (index 1)

    console.log
      [90m[4mquery:[24m[39m [94mSELECT[0m 
[37m"ns"[0m[37m.[0m[37m"nspname"[0m [94mAS[0m 
[37m"table_schema"[0m[37m,[0m [37m"t"[0m[37m.[0m[37m"relname"[0m 
[94mAS[0m [37m"table_name"[0m[37m,[0m 
[37m"i"[0m[37m.[0m[37m"relname"[0m [94mAS[0m 
[37m"constraint_name"[0m[37m,[0m [37m"a"[0m[37m.[0m[37m"attname"[0m 
[94mAS[0m [37m"column_name"[0m[37m,[0m [94mCASE[0m 
[37m"ix"[0m[37m.[0m[37m"indisunique"[0m [94mWHEN[0m [37m't'[0m 
[94mTHEN[0m [37m'TRUE'[0m [94mELSE[0m[37m'FALSE'[0m [94mEND[0m 
[94mAS[0m [37m"is_unique"[0m[37m,[0m [95mpg_get_expr[0m[37m([0m[37m"
ix"[0m[37m.[0m[37m"indpred"[0m[37m,[0m 
[37m"ix"[0m[37m.[0m[37m"indrelid"[0m[37m)[0m [94mAS[0m 
[37m"condition"[0m[37m,[0m [37m"types"[0m[37m.[0m[37m"typname"[0m 
[94mAS[0m [37m"type_name"[0m[37m,[0m 
[37m"am"[0m[37m.[0m[37m"amname"[0m [94mAS[0m [37m"index_type"[0m 
[94mFROM[0m [37m"pg_class"[0m [37m"t"[0m [94mINNER JOIN[0m 
[37m"pg_index"[0m [37m"ix"[0m [94mON[0m 
[37m"ix"[0m[37m.[0m[37m"indrelid"[0m [37m=[0m 
[37m"t"[0m[37m.[0m[37m"oid"[0m [94mINNER JOIN[0m 
[37m"pg_attribute"[0m [37m"a"[0m [94mON[0m 
[37m"a"[0m[37m.[0m[37m"attrelid"[0m [37m=[0m 
[37m"t"[0m[37m.[0m[37m"oid"[0m  [94mAND[0m 
[37m"a"[0m[37m.[0m[37m"attnum"[0m [37m=[0m [94mANY[0m 
[37m([0m[37m"ix"[0m[37m.[0m[37m"indkey"[0m[37m)[0m [94mINNER 
JOIN[0m [37m"pg_namespace"[0m [37m"ns"[0m [94mON[0m 
[37m"ns"[0m[37m.[0m[37m"oid"[0m [37m=[0m 
[37m"t"[0m[37m.[0m[37m"relnamespace"[0m [94mINNER JOIN[0m 
[37m"pg_class"[0m [37m"i"[0m [94mON[0m 
[37m"i"[0m[37m.[0m[37m"oid"[0m [37m=[0m 
[37m"ix"[0m[37m.[0m[37m"indexrelid"[0m [94mINNER JOIN[0m 
[37m"pg_type"[0m [37m"types"[0m [94mON[0m 
[37m"types"[0m[37m.[0m[37m"oid"[0m [37m=[0m 
[37m"a"[0m[37m.[0m[37m"atttypid"[0m [94mINNER JOIN[0m [37m"pg_am"[0m 
[37m"am"[0m [94mON[0m [37m"i"[0m[37m.[0m[37m"relam"[0m [37m=[0m 
[37m"am"[0m[37m.[0m[37m"oid"[0m [94mLEFT JOIN[0m 
[37m"pg_constraint"[0m [37m"cnst"[0m [94mON[0m 
[37m"cnst"[0m[37m.[0m[37m"conname"[0m [37m=[0m 
[37m"i"[0m[37m.[0m[37m"relname"[0m [94mWHERE[0m 
[37m"t"[0m[37m.[0m[37m"relkind"[0m [94mIN[0m 
[37m([0m[37m'r'[0m[37m,[0m [37m'p'[0m[37m)[0m [94mAND[0m 
[37m"cnst"[0m[37m.[0m[37m"contype"[0m [94mIS NULL[0m [94mAND[0m 
[37m([0m[37m([0m[37m"ns"[0m[37m.[0m[37m"nspname"[0m [37m=[0m 
[37m'public'[0m [94mAND[0m [37m"t"[0m[37m.[0m[37m"relname"[0m 
[37m=[0m [37m'tutors'[0m[37m)[0m [94mOR[0m 
[37m([0m[37m"ns"[0m[37m.[0m[37m"nspname"[0m [37m=[0m 
[37m'public'[0m [94mAND[0m [37m"t"[0m[37m.[0m[37m"relname"[0m 
[37m=[0m [37m'users'[0m[37m)[0m [94mOR[0m 
[37m([0m[37m"ns"[0m[37m.[0m[37m"nspname"[0m [37m=[0m 
[37m'public'[0m [94mAND[0m [37m"t"[0m[37m.[0m[37m"relname"[0m 
[37m=[0m [37m'bookings'[0m[37m)[0m[37m)[0m

      at PlatformTools.logInfo (../src/platform/PlatformTools.ts:262:17)
          at async Promise.all (index 2)

    console.log
      [90m[4mquery:[24m[39m [94mSELECT[0m 
[37m"con"[0m[37m.[0m[37m"conname"[0m [94mAS[0m 
[37m"constraint_name"[0m[37m,[0m 
[37m"con"[0m[37m.[0m[37m"nspname"[0m [94mAS[0m 
[37m"table_schema"[0m[37m,[0m [37m"con"[0m[37m.[0m[37m"relname"[0m 
[94mAS[0m [37m"table_name"[0m[37m,[0m 
[37m"att2"[0m[37m.[0m[37m"attname"[0m [94mAS[0m 
[37m"column_name"[0m[37m,[0m [37m"ns"[0m[37m.[0m[37m"nspname"[0m 
[94mAS[0m [37m"referenced_table_schema"[0m[37m,[0m 
[37m"cl"[0m[37m.[0m[37m"relname"[0m [94mAS[0m 
[37m"referenced_table_name"[0m[37m,[0m 
[37m"att"[0m[37m.[0m[37m"attname"[0m [94mAS[0m 
[37m"referenced_column_name"[0m[37m,[0m 
[37m"con"[0m[37m.[0m[37m"confdeltype"[0m [94mAS[0m 
[37m"on_delete"[0m[37m,[0m [37m"con"[0m[37m.[0m[37m"confupdtype"[0m 
[94mAS[0m [37m"on_update"[0m[37m,[0m 
[37m"con"[0m[37m.[0m[37m"condeferrable"[0m [94mAS[0m 
[37m"deferrable"[0m[37m,[0m [37m"con"[0m[37m.[0m[37m"condeferred"[0m 
[94mAS[0m [37m"deferred"[0m [94mFROM[0m [37m([0m [94mSELECT[0m 
[95mUNNEST[0m [37m([0m[37m"con1"[0m[37m.[0m[37m"conkey"[0m[37m)[0m 
[94mAS[0m [37m"parent"[0m[37m,[0m [95mUNNEST[0m 
[37m([0m[37m"con1"[0m[37m.[0m[37m"confkey"[0m[37m)[0m [94mAS[0m 
[37m"child"[0m[37m,[0m 
[37m"con1"[0m[37m.[0m[37m"confrelid"[0m[37m,[0m 
[37m"con1"[0m[37m.[0m[37m"conrelid"[0m[37m,[0m 
[37m"con1"[0m[37m.[0m[37m"conname"[0m[37m,[0m 
[37m"con1"[0m[37m.[0m[37m"contype"[0m[37m,[0m 
[37m"ns"[0m[37m.[0m[37m"nspname"[0m[37m,[0m 
[37m"cl"[0m[37m.[0m[37m"relname"[0m[37m,[0m 
[37m"con1"[0m[37m.[0m[37m"condeferrable"[0m[37m,[0m [94mCASE[0m 
[94mWHEN[0m [37m"con1"[0m[37m.[0m[37m"condeferred"[0m [94mTHEN[0m 
[37m'INITIALLY DEFERRED'[0m [94mELSE[0m [37m'INITIALLY IMMEDIATE'[0m 
[94mEND[0m [94mas[0m [37mcondeferred[0m[37m,[0m [94mCASE[0m 
[37m"con1"[0m[37m.[0m[37m"confdeltype"[0m [94mWHEN[0m [37m'a'[0m 
[94mTHEN[0m [37m'NO ACTION'[0m [94mWHEN[0m [37m'r'[0m [94mTHEN[0m 
[37m'RESTRICT'[0m [94mWHEN[0m [37m'c'[0m [94mTHEN[0m 
[37m'CASCADE'[0m [94mWHEN[0m [37m'n'[0m [94mTHEN[0m [37m'SET 
NULL'[0m [94mWHEN[0m [37m'd'[0m [94mTHEN[0m [37m'SET DEFAULT'[0m 
[94mEND[0m [94mas[0m [37m"confdeltype"[0m[37m,[0m [94mCASE[0m 
[37m"con1"[0m[37m.[0m[37m"confupdtype"[0m [94mWHEN[0m [37m'a'[0m 
[94mTHEN[0m [37m'NO ACTION'[0m [94mWHEN[0m [37m'r'[0m [94mTHEN[0m 
[37m'RESTRICT'[0m [94mWHEN[0m [37m'c'[0m [94mTHEN[0m 
[37m'CASCADE'[0m [94mWHEN[0m [37m'n'[0m [94mTHEN[0m [37m'SET 
NULL'[0m [94mWHEN[0m [37m'd'[0m [94mTHEN[0m [37m'SET DEFAULT'[0m 
[94mEND[0m [94mas[0m [37m"confupdtype"[0m [94mFROM[0m 
[37m"pg_class"[0m [37m"cl"[0m [94mINNER JOIN[0m [37m"pg_namespace"[0m 
[37m"ns"[0m [94mON[0m [37m"cl"[0m[37m.[0m[37m"relnamespace"[0m 
[37m=[0m [37m"ns"[0m[37m.[0m[37m"oid"[0m [94mINNER JOIN[0m 
[37m"pg_constraint"[0m [37m"con1"[0m [94mON[0m 
[37m"con1"[0m[37m.[0m[37m"conrelid"[0m [37m=[0m 
[37m"cl"[0m[37m.[0m[37m"oid"[0m [94mWHERE[0m 
[37m"con1"[0m[37m.[0m[37m"contype"[0m [37m=[0m [37m'f'[0m 
[94mAND[0m [37m([0m[37m([0m[37m"ns"[0m[37m.[0m[37m"nspname"[0m 
[37m=[0m [37m'public'[0m [94mAND[0m 
[37m"cl"[0m[37m.[0m[37m"relname"[0m [37m=[0m 
[37m'tutors'[0m[37m)[0m [94mOR[0m 
[37m([0m[37m"ns"[0m[37m.[0m[37m"nspname"[0m [37m=[0m 
[37m'public'[0m [94mAND[0m [37m"cl"[0m[37m.[0m[37m"relname"[0m 
[37m=[0m [37m'users'[0m[37m)[0m [94mOR[0m 
[37m([0m[37m"ns"[0m[37m.[0m[37m"nspname"[0m [37m=[0m 
[37m'public'[0m [94mAND[0m [37m"cl"[0m[37m.[0m[37m"relname"[0m 
[37m=[0m [37m'bookings'[0m[37m)[0m[37m)[0m [37m)[0m [37m"con"[0m 
[94mINNER JOIN[0m [37m"pg_attribute"[0m [37m"att"[0m [94mON[0m 
[37m"att"[0m[37m.[0m[37m"attrelid"[0m [37m=[0m 
[37m"con"[0m[37m.[0m[37m"confrelid"[0m [94mAND[0m 
[37m"att"[0m[37m.[0m[37m"attnum"[0m [37m=[0m 
[37m"con"[0m[37m.[0m[37m"child"[0m [94mINNER JOIN[0m 
[37m"pg_class"[0m [37m"cl"[0m [94mON[0m 
[37m"cl"[0m[37m.[0m[37m"oid"[0m [37m=[0m 
[37m"con"[0m[37m.[0m[37m"confrelid"[0m  [94mAND[0m 
[37m"cl"[0m[37m.[0m[37m"relispartition"[0m [37m=[0m 
[37m'f'[0m[94mINNER JOIN[0m [37m"pg_namespace"[0m [37m"ns"[0m 
[94mON[0m [37m"cl"[0m[37m.[0m[37m"relnamespace"[0m [37m=[0m 
[37m"ns"[0m[37m.[0m[37m"oid"[0m [94mINNER JOIN[0m 
[37m"pg_attribute"[0m [37m"att2"[0m [94mON[0m 
[37m"att2"[0m[37m.[0m[37m"attrelid"[0m [37m=[0m 
[37m"con"[0m[37m.[0m[37m"conrelid"[0m [94mAND[0m 
[37m"att2"[0m[37m.[0m[37m"attnum"[0m [37m=[0m 
[37m"con"[0m[37m.[0m[37m"parent"[0m

      at PlatformTools.logInfo (../src/platform/PlatformTools.ts:262:17)
          at async Promise.all (index 3)

    console.log
      [90m[4mquery:[24m[39m [94mSELECT[0m [37m*[0m [94mFROM[0m 
[37m"information_schema"[0m[37m.[0m[37m"tables"[0m [94mWHERE[0m 
[37m"table_schema"[0m [37m=[0m [37m'public'[0m [94mAND[0m 
[37m"table_name"[0m [37m=[0m [37m'typeorm_metadata'[0m

      at PlatformTools.logInfo (../src/platform/PlatformTools.ts:262:17)

    console.log
      [90m[4mquery:[24m[39m [94mCOMMIT[0m

      at PlatformTools.logInfo (../src/platform/PlatformTools.ts:262:17)

    console.log
      [90m[4mquery:[24m[39m [37mSTART[0m [37mTRANSACTION[0m

      at PlatformTools.logInfo (../src/platform/PlatformTools.ts:262:17)

    console.log
      [90m[4mquery:[24m[39m [94mINSERT INTO[0m 
[37m"users"[0m[37m([0m[37m"id"[0m[37m,[0m [37m"name"[0m[37m,[0m 
[37m"email"[0m[37m,[0m [37m"role"[0m[37m,[0m 
[37m"created_at"[0m[37m,[0m [37m"updated_at"[0m[37m)[0m 
[94mVALUES[0m [37m([0m[94mDEFAULT[0m[37m,[0m 
[37m$[0m[32m1[0m[37m,[0m [37m$[0m[32m2[0m[37m,[0m 
[37m$[0m[32m3[0m[37m,[0m [94mDEFAULT[0m[37m,[0m 
[94mDEFAULT[0m[37m)[0m [94mRETURNING[0m [37m"id"[0m[37m,[0m 
[37m"created_at"[0m[37m,[0m [37m"updated_at"[0m [90m-- PARAMETERS: 
["Tutor Test","tutor.test@example.com","tutor"][0m

      at PlatformTools.logInfo (../src/platform/PlatformTools.ts:262:17)

    console.log
      [90m[4mquery:[24m[39m [94mCOMMIT[0m

      at PlatformTools.logInfo (../src/platform/PlatformTools.ts:262:17)

    console.log
      [90m[4mquery:[24m[39m [94mSELECT[0m 
[37m"UserEntity"[0m[37m.[0m[37m"id"[0m [94mAS[0m 
[37m"UserEntity_id"[0m[37m,[0m 
[37m"UserEntity"[0m[37m.[0m[37m"name"[0m [94mAS[0m 
[37m"UserEntity_name"[0m[37m,[0m 
[37m"UserEntity"[0m[37m.[0m[37m"email"[0m [94mAS[0m 
[37m"UserEntity_email"[0m[37m,[0m 
[37m"UserEntity"[0m[37m.[0m[37m"role"[0m [94mAS[0m 
[37m"UserEntity_role"[0m[37m,[0m 
[37m"UserEntity"[0m[37m.[0m[37m"created_at"[0m [94mAS[0m 
[37m"UserEntity_created_at"[0m[37m,[0m 
[37m"UserEntity"[0m[37m.[0m[37m"updated_at"[0m [94mAS[0m 
[37m"UserEntity_updated_at"[0m [94mFROM[0m [37m"users"[0m 
[37m"UserEntity"[0m [94mWHERE[0m 
[37m([0m[37m([0m[37m"UserEntity"[0m[37m.[0m[37m"id"[0m [37m=[0m 
[37m$[0m[32m1[0m[37m)[0m[37m)[0m [94mLIMIT[0m [32m1[0m [90m-- 
PARAMETERS: ["2587daf8-208a-4a36-ae28-73549c55a883"][0m

      at PlatformTools.logInfo (../src/platform/PlatformTools.ts:262:17)

    console.log
      [90m[4mquery:[24m[39m [37mSTART[0m [37mTRANSACTION[0m

      at PlatformTools.logInfo (../src/platform/PlatformTools.ts:262:17)

    console.log
      [90m[4mquery:[24m[39m [94mINSERT INTO[0m 
[37m"tutors"[0m[37m([0m[37m"id"[0m[37m,[0m [37m"bio"[0m[37m,[0m 
[37m"subjects"[0m[37m,[0m [37m"rating"[0m[37m,[0m 
[37m"experienceYears"[0m[37m,[0m [37m"created_at"[0m[37m,[0m 
[37m"updated_at"[0m[37m,[0m [37m"userId"[0m[37m)[0m [94mVALUES[0m 
[37m([0m[94mDEFAULT[0m[37m,[0m [37m$[0m[32m1[0m[37m,[0m 
[37m$[0m[32m2[0m[37m,[0m [94mDEFAULT[0m[37m,[0m 
[37m$[0m[32m3[0m[37m,[0m [94mDEFAULT[0m[37m,[0m 
[94mDEFAULT[0m[37m,[0m [37m$[0m[32m4[0m[37m)[0m [94mRETURNING[0m 
[37m"id"[0m[37m,[0m [37m"created_at"[0m[37m,[0m [37m"updated_at"[0m 
[90m-- PARAMETERS: ["Ingeniero de software con 5 a├▒os de experiencia","JavaSc
ript,TypeScript,Node.js",5,"2587daf8-208a-4a36-ae28-73549c55a883"][0m

      at PlatformTools.logInfo (../src/platform/PlatformTools.ts:262:17)

    console.log
      [90m[4mquery:[24m[39m [94mCOMMIT[0m

      at PlatformTools.logInfo (../src/platform/PlatformTools.ts:262:17)

    console.log
      [90m[4mquery:[24m[39m [94mSELECT[0m 
[37m"UserEntity"[0m[37m.[0m[37m"id"[0m [94mAS[0m 
[37m"UserEntity_id"[0m[37m,[0m 
[37m"UserEntity"[0m[37m.[0m[37m"name"[0m [94mAS[0m 
[37m"UserEntity_name"[0m[37m,[0m 
[37m"UserEntity"[0m[37m.[0m[37m"email"[0m [94mAS[0m 
[37m"UserEntity_email"[0m[37m,[0m 
[37m"UserEntity"[0m[37m.[0m[37m"role"[0m [94mAS[0m 
[37m"UserEntity_role"[0m[37m,[0m 
[37m"UserEntity"[0m[37m.[0m[37m"created_at"[0m [94mAS[0m 
[37m"UserEntity_created_at"[0m[37m,[0m 
[37m"UserEntity"[0m[37m.[0m[37m"updated_at"[0m [94mAS[0m 
[37m"UserEntity_updated_at"[0m [94mFROM[0m [37m"users"[0m 
[37m"UserEntity"[0m [94mWHERE[0m 
[37m([0m[37m([0m[37m"UserEntity"[0m[37m.[0m[37m"id"[0m [37m=[0m 
[37m$[0m[32m1[0m[37m)[0m[37m)[0m [94mLIMIT[0m [32m1[0m [90m-- 
PARAMETERS: ["00000000-0000-0000-0000-000000000000"][0m

      at PlatformTools.logInfo (../src/platform/PlatformTools.ts:262:17)

    console.log
      [90m[4mquery:[24m[39m [37mSTART[0m [37mTRANSACTION[0m

      at PlatformTools.logInfo (../src/platform/PlatformTools.ts:262:17)

    console.log
      [90m[4mquery:[24m[39m [94mINSERT INTO[0m 
[37m"users"[0m[37m([0m[37m"id"[0m[37m,[0m [37m"name"[0m[37m,[0m 
[37m"email"[0m[37m,[0m [37m"role"[0m[37m,[0m 
[37m"created_at"[0m[37m,[0m [37m"updated_at"[0m[37m)[0m 
[94mVALUES[0m [37m([0m[94mDEFAULT[0m[37m,[0m 
[37m$[0m[32m1[0m[37m,[0m [37m$[0m[32m2[0m[37m,[0m 
[37m$[0m[32m3[0m[37m,[0m [94mDEFAULT[0m[37m,[0m 
[94mDEFAULT[0m[37m)[0m [94mRETURNING[0m [37m"id"[0m[37m,[0m 
[37m"created_at"[0m[37m,[0m [37m"updated_at"[0m [90m-- PARAMETERS: 
["Get Tutor Test","gettutor.test@example.com","tutor"][0m

      at PlatformTools.logInfo (../src/platform/PlatformTools.ts:262:17)

    console.log
      [90m[4mquery:[24m[39m [94mCOMMIT[0m

      at PlatformTools.logInfo (../src/platform/PlatformTools.ts:262:17)

    console.log
      [90m[4mquery:[24m[39m [94mSELECT[0m 
[37m"UserEntity"[0m[37m.[0m[37m"id"[0m [94mAS[0m 
[37m"UserEntity_id"[0m[37m,[0m 
[37m"UserEntity"[0m[37m.[0m[37m"name"[0m [94mAS[0m 
[37m"UserEntity_name"[0m[37m,[0m 
[37m"UserEntity"[0m[37m.[0m[37m"email"[0m [94mAS[0m 
[37m"UserEntity_email"[0m[37m,[0m 
[37m"UserEntity"[0m[37m.[0m[37m"role"[0m [94mAS[0m 
[37m"UserEntity_role"[0m[37m,[0m 
[37m"UserEntity"[0m[37m.[0m[37m"created_at"[0m [94mAS[0m 
[37m"UserEntity_created_at"[0m[37m,[0m 
[37m"UserEntity"[0m[37m.[0m[37m"updated_at"[0m [94mAS[0m 
[37m"UserEntity_updated_at"[0m [94mFROM[0m [37m"users"[0m 
[37m"UserEntity"[0m [94mWHERE[0m 
[37m([0m[37m([0m[37m"UserEntity"[0m[37m.[0m[37m"id"[0m [37m=[0m 
[37m$[0m[32m1[0m[37m)[0m[37m)[0m [94mLIMIT[0m [32m1[0m [90m-- 
PARAMETERS: ["3c13c04f-fe47-444e-b121-4b07ac676497"][0m

      at PlatformTools.logInfo (../src/platform/PlatformTools.ts:262:17)

    console.log
      [90m[4mquery:[24m[39m [37mSTART[0m [37mTRANSACTION[0m

      at PlatformTools.logInfo (../src/platform/PlatformTools.ts:262:17)

    console.log
      [90m[4mquery:[24m[39m [94mINSERT INTO[0m 
[37m"tutors"[0m[37m([0m[37m"id"[0m[37m,[0m [37m"bio"[0m[37m,[0m 
[37m"subjects"[0m[37m,[0m [37m"rating"[0m[37m,[0m 
[37m"experienceYears"[0m[37m,[0m [37m"created_at"[0m[37m,[0m 
[37m"updated_at"[0m[37m,[0m [37m"userId"[0m[37m)[0m [94mVALUES[0m 
[37m([0m[94mDEFAULT[0m[37m,[0m [37m$[0m[32m1[0m[37m,[0m 
[37m$[0m[32m2[0m[37m,[0m [94mDEFAULT[0m[37m,[0m 
[37m$[0m[32m3[0m[37m,[0m [94mDEFAULT[0m[37m,[0m 
[94mDEFAULT[0m[37m,[0m [37m$[0m[32m4[0m[37m)[0m [94mRETURNING[0m 
[37m"id"[0m[37m,[0m [37m"created_at"[0m[37m,[0m [37m"updated_at"[0m 
[90m-- PARAMETERS: ["Experto en matem├íticas","Matem├íticas,F├¡sica",10,"3c13c
04f-fe47-444e-b121-4b07ac676497"][0m

      at PlatformTools.logInfo (../src/platform/PlatformTools.ts:262:17)

    console.log
      [90m[4mquery:[24m[39m [94mCOMMIT[0m

      at PlatformTools.logInfo (../src/platform/PlatformTools.ts:262:17)

    console.log
      [90m[4mquery:[24m[39m [94mSELECT DISTINCT[0m 
[37m"distinctAlias"[0m[37m.[0m[37m"TutorEntity_id"[0m [94mAS[0m 
[37m"ids_TutorEntity_id"[0m [94mFROM[0m [37m([0m[94mSELECT[0m 
[37m"TutorEntity"[0m[37m.[0m[37m"id"[0m [94mAS[0m 
[37m"TutorEntity_id"[0m[37m,[0m 
[37m"TutorEntity"[0m[37m.[0m[37m"bio"[0m [94mAS[0m 
[37m"TutorEntity_bio"[0m[37m,[0m 
[37m"TutorEntity"[0m[37m.[0m[37m"subjects"[0m [94mAS[0m 
[37m"TutorEntity_subjects"[0m[37m,[0m 
[37m"TutorEntity"[0m[37m.[0m[37m"rating"[0m [94mAS[0m 
[37m"TutorEntity_rating"[0m[37m,[0m 
[37m"TutorEntity"[0m[37m.[0m[37m"experienceYears"[0m [94mAS[0m 
[37m"TutorEntity_experienceYears"[0m[37m,[0m 
[37m"TutorEntity"[0m[37m.[0m[37m"created_at"[0m [94mAS[0m 
[37m"TutorEntity_created_at"[0m[37m,[0m 
[37m"TutorEntity"[0m[37m.[0m[37m"updated_at"[0m [94mAS[0m 
[37m"TutorEntity_updated_at"[0m[37m,[0m 
[37m"TutorEntity"[0m[37m.[0m[37m"userId"[0m [94mAS[0m 
[37m"TutorEntity_userId"[0m[37m,[0m 
[37m"TutorEntity__TutorEntity_user"[0m[37m.[0m[37m"id"[0m [94mAS[0m 
[37m"TutorEntity__TutorEntity_user_id"[0m[37m,[0m 
[37m"TutorEntity__TutorEntity_user"[0m[37m.[0m[37m"name"[0m [94mAS[0m 
[37m"TutorEntity__TutorEntity_user_name"[0m[37m,[0m 
[37m"TutorEntity__TutorEntity_user"[0m[37m.[0m[37m"email"[0m [94mAS[0m 
[37m"TutorEntity__TutorEntity_user_email"[0m[37m,[0m 
[37m"TutorEntity__TutorEntity_user"[0m[37m.[0m[37m"role"[0m [94mAS[0m 
[37m"TutorEntity__TutorEntity_user_role"[0m[37m,[0m 
[37m"TutorEntity__TutorEntity_user"[0m[37m.[0m[37m"created_at"[0m 
[94mAS[0m [37m"TutorEntity__TutorEntity_user_created_at"[0m[37m,[0m 
[37m"TutorEntity__TutorEntity_user"[0m[37m.[0m[37m"updated_at"[0m 
[94mAS[0m [37m"TutorEntity__TutorEntity_user_updated_at"[0m [94mFROM[0m 
[37m"tutors"[0m [37m"TutorEntity"[0m [94mLEFT JOIN[0m [37m"users"[0m 
[37m"TutorEntity__TutorEntity_user"[0m [94mON[0m [37m"TutorEntity__TutorEn
tity_user"[0m[37m.[0m[37m"id"[0m[37m=[0m[37m"TutorEntity"[0m[37m.[0m
[37m"userId"[0m [94mWHERE[0m 
[37m([0m[37m([0m[37m"TutorEntity"[0m[37m.[0m[37m"id"[0m [37m=[0m 
[37m$[0m[32m1[0m[37m)[0m[37m)[0m[37m)[0m [37m"distinctAlias"[0m 
[94mORDER BY[0m [37m"TutorEntity_id"[0m [94mASC[0m [94mLIMIT[0m 
[32m1[0m [90m-- PARAMETERS: ["079ebe08-2b70-4136-9b58-3331933d8834"][0m

      at PlatformTools.logInfo (../src/platform/PlatformTools.ts:262:17)

    console.log
      [90m[4mquery:[24m[39m [94mSELECT[0m 
[37m"TutorEntity"[0m[37m.[0m[37m"id"[0m [94mAS[0m 
[37m"TutorEntity_id"[0m[37m,[0m 
[37m"TutorEntity"[0m[37m.[0m[37m"bio"[0m [94mAS[0m 
[37m"TutorEntity_bio"[0m[37m,[0m 
[37m"TutorEntity"[0m[37m.[0m[37m"subjects"[0m [94mAS[0m 
[37m"TutorEntity_subjects"[0m[37m,[0m 
[37m"TutorEntity"[0m[37m.[0m[37m"rating"[0m [94mAS[0m 
[37m"TutorEntity_rating"[0m[37m,[0m 
[37m"TutorEntity"[0m[37m.[0m[37m"experienceYears"[0m [94mAS[0m 
[37m"TutorEntity_experienceYears"[0m[37m,[0m 
[37m"TutorEntity"[0m[37m.[0m[37m"created_at"[0m [94mAS[0m 
[37m"TutorEntity_created_at"[0m[37m,[0m 
[37m"TutorEntity"[0m[37m.[0m[37m"updated_at"[0m [94mAS[0m 
[37m"TutorEntity_updated_at"[0m[37m,[0m 
[37m"TutorEntity"[0m[37m.[0m[37m"userId"[0m [94mAS[0m 
[37m"TutorEntity_userId"[0m[37m,[0m 
[37m"TutorEntity__TutorEntity_user"[0m[37m.[0m[37m"id"[0m [94mAS[0m 
[37m"TutorEntity__TutorEntity_user_id"[0m[37m,[0m 
[37m"TutorEntity__TutorEntity_user"[0m[37m.[0m[37m"name"[0m [94mAS[0m 
[37m"TutorEntity__TutorEntity_user_name"[0m[37m,[0m 
[37m"TutorEntity__TutorEntity_user"[0m[37m.[0m[37m"email"[0m [94mAS[0m 
[37m"TutorEntity__TutorEntity_user_email"[0m[37m,[0m 
[37m"TutorEntity__TutorEntity_user"[0m[37m.[0m[37m"role"[0m [94mAS[0m 
[37m"TutorEntity__TutorEntity_user_role"[0m[37m,[0m 
[37m"TutorEntity__TutorEntity_user"[0m[37m.[0m[37m"created_at"[0m 
[94mAS[0m [37m"TutorEntity__TutorEntity_user_created_at"[0m[37m,[0m 
[37m"TutorEntity__TutorEntity_user"[0m[37m.[0m[37m"updated_at"[0m 
[94mAS[0m [37m"TutorEntity__TutorEntity_user_updated_at"[0m [94mFROM[0m 
[37m"tutors"[0m [37m"TutorEntity"[0m [94mLEFT JOIN[0m [37m"users"[0m 
[37m"TutorEntity__TutorEntity_user"[0m [94mON[0m [37m"TutorEntity__TutorEn
tity_user"[0m[37m.[0m[37m"id"[0m[37m=[0m[37m"TutorEntity"[0m[37m.[0m
[37m"userId"[0m [94mWHERE[0m [37m([0m 
[37m([0m[37m([0m[37m"TutorEntity"[0m[37m.[0m[37m"id"[0m [37m=[0m 
[37m$[0m[32m1[0m[37m)[0m[37m)[0m [37m)[0m [94mAND[0m [37m([0m 
[37m"TutorEntity"[0m[37m.[0m[37m"id"[0m [94mIN[0m 
[37m([0m[37m$[0m[32m2[0m[37m)[0m [37m)[0m [90m-- PARAMETERS: ["079eb
e08-2b70-4136-9b58-3331933d8834","079ebe08-2b70-4136-9b58-3331933d8834"][0m

      at PlatformTools.logInfo (../src/platform/PlatformTools.ts:262:17)

    console.log
      [90m[4mquery:[24m[39m [94mSELECT DISTINCT[0m 
[37m"distinctAlias"[0m[37m.[0m[37m"TutorEntity_id"[0m [94mAS[0m 
[37m"ids_TutorEntity_id"[0m [94mFROM[0m [37m([0m[94mSELECT[0m 
[37m"TutorEntity"[0m[37m.[0m[37m"id"[0m [94mAS[0m 
[37m"TutorEntity_id"[0m[37m,[0m 
[37m"TutorEntity"[0m[37m.[0m[37m"bio"[0m [94mAS[0m 
[37m"TutorEntity_bio"[0m[37m,[0m 
[37m"TutorEntity"[0m[37m.[0m[37m"subjects"[0m [94mAS[0m 
[37m"TutorEntity_subjects"[0m[37m,[0m 
[37m"TutorEntity"[0m[37m.[0m[37m"rating"[0m [94mAS[0m 
[37m"TutorEntity_rating"[0m[37m,[0m 
[37m"TutorEntity"[0m[37m.[0m[37m"experienceYears"[0m [94mAS[0m 
[37m"TutorEntity_experienceYears"[0m[37m,[0m 
[37m"TutorEntity"[0m[37m.[0m[37m"created_at"[0m [94mAS[0m 
[37m"TutorEntity_created_at"[0m[37m,[0m 
[37m"TutorEntity"[0m[37m.[0m[37m"updated_at"[0m [94mAS[0m 
[37m"TutorEntity_updated_at"[0m[37m,[0m 
[37m"TutorEntity"[0m[37m.[0m[37m"userId"[0m [94mAS[0m 
[37m"TutorEntity_userId"[0m[37m,[0m 
[37m"TutorEntity__TutorEntity_user"[0m[37m.[0m[37m"id"[0m [94mAS[0m 
[37m"TutorEntity__TutorEntity_user_id"[0m[37m,[0m 
[37m"TutorEntity__TutorEntity_user"[0m[37m.[0m[37m"name"[0m [94mAS[0m 
[37m"TutorEntity__TutorEntity_user_name"[0m[37m,[0m 
[37m"TutorEntity__TutorEntity_user"[0m[37m.[0m[37m"email"[0m [94mAS[0m 
[37m"TutorEntity__TutorEntity_user_email"[0m[37m,[0m 
[37m"TutorEntity__TutorEntity_user"[0m[37m.[0m[37m"role"[0m [94mAS[0m 
[37m"TutorEntity__TutorEntity_user_role"[0m[37m,[0m 
[37m"TutorEntity__TutorEntity_user"[0m[37m.[0m[37m"created_at"[0m 
[94mAS[0m [37m"TutorEntity__TutorEntity_user_created_at"[0m[37m,[0m 
[37m"TutorEntity__TutorEntity_user"[0m[37m.[0m[37m"updated_at"[0m 
[94mAS[0m [37m"TutorEntity__TutorEntity_user_updated_at"[0m [94mFROM[0m 
[37m"tutors"[0m [37m"TutorEntity"[0m [94mLEFT JOIN[0m [37m"users"[0m 
[37m"TutorEntity__TutorEntity_user"[0m [94mON[0m [37m"TutorEntity__TutorEn
tity_user"[0m[37m.[0m[37m"id"[0m[37m=[0m[37m"TutorEntity"[0m[37m.[0m
[37m"userId"[0m [94mWHERE[0m 
[37m([0m[37m([0m[37m"TutorEntity"[0m[37m.[0m[37m"id"[0m [37m=[0m 
[37m$[0m[32m1[0m[37m)[0m[37m)[0m[37m)[0m [37m"distinctAlias"[0m 
[94mORDER BY[0m [37m"TutorEntity_id"[0m [94mASC[0m [94mLIMIT[0m 
[32m1[0m [90m-- PARAMETERS: ["00000000-0000-0000-0000-000000000000"][0m

      at PlatformTools.logInfo (../src/platform/PlatformTools.ts:262:17)

    console.log
      [90m[4mquery:[24m[39m [94mSELECT[0m 
[37m"TutorEntity"[0m[37m.[0m[37m"id"[0m [94mAS[0m 
[37m"TutorEntity_id"[0m[37m,[0m 
[37m"TutorEntity"[0m[37m.[0m[37m"bio"[0m [94mAS[0m 
[37m"TutorEntity_bio"[0m[37m,[0m 
[37m"TutorEntity"[0m[37m.[0m[37m"subjects"[0m [94mAS[0m 
[37m"TutorEntity_subjects"[0m[37m,[0m 
[37m"TutorEntity"[0m[37m.[0m[37m"rating"[0m [94mAS[0m 
[37m"TutorEntity_rating"[0m[37m,[0m 
[37m"TutorEntity"[0m[37m.[0m[37m"experienceYears"[0m [94mAS[0m 
[37m"TutorEntity_experienceYears"[0m[37m,[0m 
[37m"TutorEntity"[0m[37m.[0m[37m"created_at"[0m [94mAS[0m 
[37m"TutorEntity_created_at"[0m[37m,[0m 
[37m"TutorEntity"[0m[37m.[0m[37m"updated_at"[0m [94mAS[0m 
[37m"TutorEntity_updated_at"[0m[37m,[0m 
[37m"TutorEntity"[0m[37m.[0m[37m"userId"[0m [94mAS[0m 
[37m"TutorEntity_userId"[0m[37m,[0m 
[37m"TutorEntity__TutorEntity_user"[0m[37m.[0m[37m"id"[0m [94mAS[0m 
[37m"TutorEntity__TutorEntity_user_id"[0m[37m,[0m 
[37m"TutorEntity__TutorEntity_user"[0m[37m.[0m[37m"name"[0m [94mAS[0m 
[37m"TutorEntity__TutorEntity_user_name"[0m[37m,[0m 
[37m"TutorEntity__TutorEntity_user"[0m[37m.[0m[37m"email"[0m [94mAS[0m 
[37m"TutorEntity__TutorEntity_user_email"[0m[37m,[0m 
[37m"TutorEntity__TutorEntity_user"[0m[37m.[0m[37m"role"[0m [94mAS[0m 
[37m"TutorEntity__TutorEntity_user_role"[0m[37m,[0m 
[37m"TutorEntity__TutorEntity_user"[0m[37m.[0m[37m"created_at"[0m 
[94mAS[0m [37m"TutorEntity__TutorEntity_user_created_at"[0m[37m,[0m 
[37m"TutorEntity__TutorEntity_user"[0m[37m.[0m[37m"updated_at"[0m 
[94mAS[0m [37m"TutorEntity__TutorEntity_user_updated_at"[0m [94mFROM[0m 
[37m"tutors"[0m [37m"TutorEntity"[0m [94mLEFT JOIN[0m [37m"users"[0m 
[37m"TutorEntity__TutorEntity_user"[0m [94mON[0m [37m"TutorEntity__TutorEn
tity_user"[0m[37m.[0m[37m"id"[0m[37m=[0m[37m"TutorEntity"[0m[37m.[0m
[37m"userId"[0m

      at PlatformTools.logInfo (../src/platform/PlatformTools.ts:262:17)

    console.log
      [90m[4mquery:[24m[39m [37mSTART[0m [37mTRANSACTION[0m

      at PlatformTools.logInfo (../src/platform/PlatformTools.ts:262:17)

    console.log
      [90m[4mquery:[24m[39m [94mINSERT INTO[0m 
[37m"users"[0m[37m([0m[37m"id"[0m[37m,[0m [37m"name"[0m[37m,[0m 
[37m"email"[0m[37m,[0m [37m"role"[0m[37m,[0m 
[37m"created_at"[0m[37m,[0m [37m"updated_at"[0m[37m)[0m 
[94mVALUES[0m [37m([0m[94mDEFAULT[0m[37m,[0m 
[37m$[0m[32m1[0m[37m,[0m [37m$[0m[32m2[0m[37m,[0m 
[37m$[0m[32m3[0m[37m,[0m [94mDEFAULT[0m[37m,[0m 
[94mDEFAULT[0m[37m)[0m [94mRETURNING[0m [37m"id"[0m[37m,[0m 
[37m"created_at"[0m[37m,[0m [37m"updated_at"[0m [90m-- PARAMETERS: 
["Update Tutor Test","updatetutor.test@example.com","tutor"][0m

      at PlatformTools.logInfo (../src/platform/PlatformTools.ts:262:17)

    console.log
      [90m[4mquery:[24m[39m [94mCOMMIT[0m

      at PlatformTools.logInfo (../src/platform/PlatformTools.ts:262:17)

    console.log
      [90m[4mquery:[24m[39m [94mSELECT[0m 
[37m"UserEntity"[0m[37m.[0m[37m"id"[0m [94mAS[0m 
[37m"UserEntity_id"[0m[37m,[0m 
[37m"UserEntity"[0m[37m.[0m[37m"name"[0m [94mAS[0m 
[37m"UserEntity_name"[0m[37m,[0m 
[37m"UserEntity"[0m[37m.[0m[37m"email"[0m [94mAS[0m 
[37m"UserEntity_email"[0m[37m,[0m 
[37m"UserEntity"[0m[37m.[0m[37m"role"[0m [94mAS[0m 
[37m"UserEntity_role"[0m[37m,[0m 
[37m"UserEntity"[0m[37m.[0m[37m"created_at"[0m [94mAS[0m 
[37m"UserEntity_created_at"[0m[37m,[0m 
[37m"UserEntity"[0m[37m.[0m[37m"updated_at"[0m [94mAS[0m 
[37m"UserEntity_updated_at"[0m [94mFROM[0m [37m"users"[0m 
[37m"UserEntity"[0m [94mWHERE[0m 
[37m([0m[37m([0m[37m"UserEntity"[0m[37m.[0m[37m"id"[0m [37m=[0m 
[37m$[0m[32m1[0m[37m)[0m[37m)[0m [94mLIMIT[0m [32m1[0m [90m-- 
PARAMETERS: ["04ada7e5-8524-4cf6-923d-7e08a7066f68"][0m

      at PlatformTools.logInfo (../src/platform/PlatformTools.ts:262:17)

    console.log
      [90m[4mquery:[24m[39m [37mSTART[0m [37mTRANSACTION[0m

      at PlatformTools.logInfo (../src/platform/PlatformTools.ts:262:17)

    console.log
      [90m[4mquery:[24m[39m [94mINSERT INTO[0m 
[37m"tutors"[0m[37m([0m[37m"id"[0m[37m,[0m [37m"bio"[0m[37m,[0m 
[37m"subjects"[0m[37m,[0m [37m"rating"[0m[37m,[0m 
[37m"experienceYears"[0m[37m,[0m [37m"created_at"[0m[37m,[0m 
[37m"updated_at"[0m[37m,[0m [37m"userId"[0m[37m)[0m [94mVALUES[0m 
[37m([0m[94mDEFAULT[0m[37m,[0m [37m$[0m[32m1[0m[37m,[0m 
[94mDEFAULT[0m[37m,[0m [94mDEFAULT[0m[37m,[0m 
[37m$[0m[32m2[0m[37m,[0m [94mDEFAULT[0m[37m,[0m 
[94mDEFAULT[0m[37m,[0m [37m$[0m[32m3[0m[37m)[0m [94mRETURNING[0m 
[37m"id"[0m[37m,[0m [37m"created_at"[0m[37m,[0m [37m"updated_at"[0m 
[90m-- PARAMETERS: ["Bio 
original",2,"04ada7e5-8524-4cf6-923d-7e08a7066f68"][0m

      at PlatformTools.logInfo (../src/platform/PlatformTools.ts:262:17)

    console.log
      [90m[4mquery:[24m[39m [94mCOMMIT[0m

      at PlatformTools.logInfo (../src/platform/PlatformTools.ts:262:17)

    console.log
      [90m[4mquery:[24m[39m [94mSELECT DISTINCT[0m 
[37m"distinctAlias"[0m[37m.[0m[37m"TutorEntity_id"[0m [94mAS[0m 
[37m"ids_TutorEntity_id"[0m [94mFROM[0m [37m([0m[94mSELECT[0m 
[37m"TutorEntity"[0m[37m.[0m[37m"id"[0m [94mAS[0m 
[37m"TutorEntity_id"[0m[37m,[0m 
[37m"TutorEntity"[0m[37m.[0m[37m"bio"[0m [94mAS[0m 
[37m"TutorEntity_bio"[0m[37m,[0m 
[37m"TutorEntity"[0m[37m.[0m[37m"subjects"[0m [94mAS[0m 
[37m"TutorEntity_subjects"[0m[37m,[0m 
[37m"TutorEntity"[0m[37m.[0m[37m"rating"[0m [94mAS[0m 
[37m"TutorEntity_rating"[0m[37m,[0m 
[37m"TutorEntity"[0m[37m.[0m[37m"experienceYears"[0m [94mAS[0m 
[37m"TutorEntity_experienceYears"[0m[37m,[0m 
[37m"TutorEntity"[0m[37m.[0m[37m"created_at"[0m [94mAS[0m 
[37m"TutorEntity_created_at"[0m[37m,[0m 
[37m"TutorEntity"[0m[37m.[0m[37m"updated_at"[0m [94mAS[0m 
[37m"TutorEntity_updated_at"[0m[37m,[0m 
[37m"TutorEntity"[0m[37m.[0m[37m"userId"[0m [94mAS[0m 
[37m"TutorEntity_userId"[0m[37m,[0m 
[37m"TutorEntity__TutorEntity_user"[0m[37m.[0m[37m"id"[0m [94mAS[0m 
[37m"TutorEntity__TutorEntity_user_id"[0m[37m,[0m 
[37m"TutorEntity__TutorEntity_user"[0m[37m.[0m[37m"name"[0m [94mAS[0m 
[37m"TutorEntity__TutorEntity_user_name"[0m[37m,[0m 
[37m"TutorEntity__TutorEntity_user"[0m[37m.[0m[37m"email"[0m [94mAS[0m 
[37m"TutorEntity__TutorEntity_user_email"[0m[37m,[0m 
[37m"TutorEntity__TutorEntity_user"[0m[37m.[0m[37m"role"[0m [94mAS[0m 
[37m"TutorEntity__TutorEntity_user_role"[0m[37m,[0m 
[37m"TutorEntity__TutorEntity_user"[0m[37m.[0m[37m"created_at"[0m 
[94mAS[0m [37m"TutorEntity__TutorEntity_user_created_at"[0m[37m,[0m 
[37m"TutorEntity__TutorEntity_user"[0m[37m.[0m[37m"updated_at"[0m 
[94mAS[0m [37m"TutorEntity__TutorEntity_user_updated_at"[0m [94mFROM[0m 
[37m"tutors"[0m [37m"TutorEntity"[0m [94mLEFT JOIN[0m [37m"users"[0m 
[37m"TutorEntity__TutorEntity_user"[0m [94mON[0m [37m"TutorEntity__TutorEn
tity_user"[0m[37m.[0m[37m"id"[0m[37m=[0m[37m"TutorEntity"[0m[37m.[0m
[37m"userId"[0m [94mWHERE[0m 
[37m([0m[37m([0m[37m"TutorEntity"[0m[37m.[0m[37m"id"[0m [37m=[0m 
[37m$[0m[32m1[0m[37m)[0m[37m)[0m[37m)[0m [37m"distinctAlias"[0m 
[94mORDER BY[0m [37m"TutorEntity_id"[0m [94mASC[0m [94mLIMIT[0m 
[32m1[0m [90m-- PARAMETERS: ["91b51a65-743c-4254-9900-b31180246946"][0m

      at PlatformTools.logInfo (../src/platform/PlatformTools.ts:262:17)

    console.log
      [90m[4mquery:[24m[39m [94mSELECT[0m 
[37m"TutorEntity"[0m[37m.[0m[37m"id"[0m [94mAS[0m 
[37m"TutorEntity_id"[0m[37m,[0m 
[37m"TutorEntity"[0m[37m.[0m[37m"bio"[0m [94mAS[0m 
[37m"TutorEntity_bio"[0m[37m,[0m 
[37m"TutorEntity"[0m[37m.[0m[37m"subjects"[0m [94mAS[0m 
[37m"TutorEntity_subjects"[0m[37m,[0m 
[37m"TutorEntity"[0m[37m.[0m[37m"rating"[0m [94mAS[0m 
[37m"TutorEntity_rating"[0m[37m,[0m 
[37m"TutorEntity"[0m[37m.[0m[37m"experienceYears"[0m [94mAS[0m 
[37m"TutorEntity_experienceYears"[0m[37m,[0m 
[37m"TutorEntity"[0m[37m.[0m[37m"created_at"[0m [94mAS[0m 
[37m"TutorEntity_created_at"[0m[37m,[0m 
[37m"TutorEntity"[0m[37m.[0m[37m"updated_at"[0m [94mAS[0m 
[37m"TutorEntity_updated_at"[0m[37m,[0m 
[37m"TutorEntity"[0m[37m.[0m[37m"userId"[0m [94mAS[0m 
[37m"TutorEntity_userId"[0m[37m,[0m 
[37m"TutorEntity__TutorEntity_user"[0m[37m.[0m[37m"id"[0m [94mAS[0m 
[37m"TutorEntity__TutorEntity_user_id"[0m[37m,[0m 
[37m"TutorEntity__TutorEntity_user"[0m[37m.[0m[37m"name"[0m [94mAS[0m 
[37m"TutorEntity__TutorEntity_user_name"[0m[37m,[0m 
[37m"TutorEntity__TutorEntity_user"[0m[37m.[0m[37m"email"[0m [94mAS[0m 
[37m"TutorEntity__TutorEntity_user_email"[0m[37m,[0m 
[37m"TutorEntity__TutorEntity_user"[0m[37m.[0m[37m"role"[0m [94mAS[0m 
[37m"TutorEntity__TutorEntity_user_role"[0m[37m,[0m 
[37m"TutorEntity__TutorEntity_user"[0m[37m.[0m[37m"created_at"[0m 
[94mAS[0m [37m"TutorEntity__TutorEntity_user_created_at"[0m[37m,[0m 
[37m"TutorEntity__TutorEntity_user"[0m[37m.[0m[37m"updated_at"[0m 
[94mAS[0m [37m"TutorEntity__TutorEntity_user_updated_at"[0m [94mFROM[0m 
[37m"tutors"[0m [37m"TutorEntity"[0m [94mLEFT JOIN[0m [37m"users"[0m 
[37m"TutorEntity__TutorEntity_user"[0m [94mON[0m [37m"TutorEntity__TutorEn
tity_user"[0m[37m.[0m[37m"id"[0m[37m=[0m[37m"TutorEntity"[0m[37m.[0m
[37m"userId"[0m [94mWHERE[0m [37m([0m 
[37m([0m[37m([0m[37m"TutorEntity"[0m[37m.[0m[37m"id"[0m [37m=[0m 
[37m$[0m[32m1[0m[37m)[0m[37m)[0m [37m)[0m [94mAND[0m [37m([0m 
[37m"TutorEntity"[0m[37m.[0m[37m"id"[0m [94mIN[0m 
[37m([0m[37m$[0m[32m2[0m[37m)[0m [37m)[0m [90m-- PARAMETERS: ["91b51
a65-743c-4254-9900-b31180246946","91b51a65-743c-4254-9900-b31180246946"][0m

      at PlatformTools.logInfo (../src/platform/PlatformTools.ts:262:17)

    console.log
      [90m[4mquery:[24m[39m [94mSELECT[0m 
[37m"TutorEntity"[0m[37m.[0m[37m"id"[0m [94mAS[0m 
[37m"TutorEntity_id"[0m[37m,[0m 
[37m"TutorEntity"[0m[37m.[0m[37m"bio"[0m [94mAS[0m 
[37m"TutorEntity_bio"[0m[37m,[0m 
[37m"TutorEntity"[0m[37m.[0m[37m"subjects"[0m [94mAS[0m 
[37m"TutorEntity_subjects"[0m[37m,[0m 
[37m"TutorEntity"[0m[37m.[0m[37m"rating"[0m [94mAS[0m 
[37m"TutorEntity_rating"[0m[37m,[0m 
[37m"TutorEntity"[0m[37m.[0m[37m"experienceYears"[0m [94mAS[0m 
[37m"TutorEntity_experienceYears"[0m[37m,[0m 
[37m"TutorEntity"[0m[37m.[0m[37m"created_at"[0m [94mAS[0m 
[37m"TutorEntity_created_at"[0m[37m,[0m 
[37m"TutorEntity"[0m[37m.[0m[37m"updated_at"[0m [94mAS[0m 
[37m"TutorEntity_updated_at"[0m[37m,[0m 
[37m"TutorEntity"[0m[37m.[0m[37m"userId"[0m [94mAS[0m 
[37m"TutorEntity_userId"[0m [94mFROM[0m [37m"tutors"[0m 
[37m"TutorEntity"[0m [94mWHERE[0m 
[37m"TutorEntity"[0m[37m.[0m[37m"id"[0m [94mIN[0m 
[37m([0m[37m$[0m[32m1[0m[37m)[0m [90m-- PARAMETERS: 
["91b51a65-743c-4254-9900-b31180246946"][0m

      at PlatformTools.logInfo (../src/platform/PlatformTools.ts:262:17)
          at async Promise.all (index 0)
          at async Promise.all (index 0)

    console.log
      [90m[4mquery:[24m[39m [37mSTART[0m [37mTRANSACTION[0m

      at PlatformTools.logInfo (../src/platform/PlatformTools.ts:262:17)

    console.log
      [90m[4mquery:[24m[39m [94mUPDATE[0m [37m"tutors"[0m [94mSET[0m 
[37m"bio"[0m [37m=[0m [37m$[0m[32m1[0m[37m,[0m 
[37m"experienceYears"[0m [37m=[0m [37m$[0m[32m2[0m[37m,[0m 
[37m"updated_at"[0m [37m=[0m [37mCURRENT_TIMESTAMP[0m [94mWHERE[0m 
[37m"id"[0m [94mIN[0m [37m([0m[37m$[0m[32m3[0m[37m)[0m 
[94mRETURNING[0m [37m"updated_at"[0m [90m-- PARAMETERS: ["Bio 
actualizada",3,"91b51a65-743c-4254-9900-b31180246946"][0m

      at PlatformTools.logInfo (../src/platform/PlatformTools.ts:262:17)
          at async Promise.all (index 0)

    console.log
      [90m[4mquery:[24m[39m [94mCOMMIT[0m

      at PlatformTools.logInfo (../src/platform/PlatformTools.ts:262:17)

    console.log
      [90m[4mquery:[24m[39m [94mSELECT DISTINCT[0m 
[37m"distinctAlias"[0m[37m.[0m[37m"TutorEntity_id"[0m [94mAS[0m 
[37m"ids_TutorEntity_id"[0m [94mFROM[0m [37m([0m[94mSELECT[0m 
[37m"TutorEntity"[0m[37m.[0m[37m"id"[0m [94mAS[0m 
[37m"TutorEntity_id"[0m[37m,[0m 
[37m"TutorEntity"[0m[37m.[0m[37m"bio"[0m [94mAS[0m 
[37m"TutorEntity_bio"[0m[37m,[0m 
[37m"TutorEntity"[0m[37m.[0m[37m"subjects"[0m [94mAS[0m 
[37m"TutorEntity_subjects"[0m[37m,[0m 
[37m"TutorEntity"[0m[37m.[0m[37m"rating"[0m [94mAS[0m 
[37m"TutorEntity_rating"[0m[37m,[0m 
[37m"TutorEntity"[0m[37m.[0m[37m"experienceYears"[0m [94mAS[0m 
[37m"TutorEntity_experienceYears"[0m[37m,[0m 
[37m"TutorEntity"[0m[37m.[0m[37m"created_at"[0m [94mAS[0m 
[37m"TutorEntity_created_at"[0m[37m,[0m 
[37m"TutorEntity"[0m[37m.[0m[37m"updated_at"[0m [94mAS[0m 
[37m"TutorEntity_updated_at"[0m[37m,[0m 
[37m"TutorEntity"[0m[37m.[0m[37m"userId"[0m [94mAS[0m 
[37m"TutorEntity_userId"[0m[37m,[0m 
[37m"TutorEntity__TutorEntity_user"[0m[37m.[0m[37m"id"[0m [94mAS[0m 
[37m"TutorEntity__TutorEntity_user_id"[0m[37m,[0m 
[37m"TutorEntity__TutorEntity_user"[0m[37m.[0m[37m"name"[0m [94mAS[0m 
[37m"TutorEntity__TutorEntity_user_name"[0m[37m,[0m 
[37m"TutorEntity__TutorEntity_user"[0m[37m.[0m[37m"email"[0m [94mAS[0m 
[37m"TutorEntity__TutorEntity_user_email"[0m[37m,[0m 
[37m"TutorEntity__TutorEntity_user"[0m[37m.[0m[37m"role"[0m [94mAS[0m 
[37m"TutorEntity__TutorEntity_user_role"[0m[37m,[0m 
[37m"TutorEntity__TutorEntity_user"[0m[37m.[0m[37m"created_at"[0m 
[94mAS[0m [37m"TutorEntity__TutorEntity_user_created_at"[0m[37m,[0m 
[37m"TutorEntity__TutorEntity_user"[0m[37m.[0m[37m"updated_at"[0m 
[94mAS[0m [37m"TutorEntity__TutorEntity_user_updated_at"[0m [94mFROM[0m 
[37m"tutors"[0m [37m"TutorEntity"[0m [94mLEFT JOIN[0m [37m"users"[0m 
[37m"TutorEntity__TutorEntity_user"[0m [94mON[0m [37m"TutorEntity__TutorEn
tity_user"[0m[37m.[0m[37m"id"[0m[37m=[0m[37m"TutorEntity"[0m[37m.[0m
[37m"userId"[0m [94mWHERE[0m 
[37m([0m[37m([0m[37m"TutorEntity"[0m[37m.[0m[37m"id"[0m [37m=[0m 
[37m$[0m[32m1[0m[37m)[0m[37m)[0m[37m)[0m [37m"distinctAlias"[0m 
[94mORDER BY[0m [37m"TutorEntity_id"[0m [94mASC[0m [94mLIMIT[0m 
[32m1[0m [90m-- PARAMETERS: ["00000000-0000-0000-0000-000000000000"][0m

      at PlatformTools.logInfo (../src/platform/PlatformTools.ts:262:17)

    console.log
      [90m[4mquery:[24m[39m [37mSTART[0m [37mTRANSACTION[0m

      at PlatformTools.logInfo (../src/platform/PlatformTools.ts:262:17)

    console.log
      [90m[4mquery:[24m[39m [94mINSERT INTO[0m 
[37m"users"[0m[37m([0m[37m"id"[0m[37m,[0m [37m"name"[0m[37m,[0m 
[37m"email"[0m[37m,[0m [37m"role"[0m[37m,[0m 
[37m"created_at"[0m[37m,[0m [37m"updated_at"[0m[37m)[0m 
[94mVALUES[0m [37m([0m[94mDEFAULT[0m[37m,[0m 
[37m$[0m[32m1[0m[37m,[0m [37m$[0m[32m2[0m[37m,[0m 
[37m$[0m[32m3[0m[37m,[0m [94mDEFAULT[0m[37m,[0m 
[94mDEFAULT[0m[37m)[0m [94mRETURNING[0m [37m"id"[0m[37m,[0m 
[37m"created_at"[0m[37m,[0m [37m"updated_at"[0m [90m-- PARAMETERS: 
["Delete Tutor Test","deletetutor.test@example.com","tutor"][0m

      at PlatformTools.logInfo (../src/platform/PlatformTools.ts:262:17)

    console.log
      [90m[4mquery:[24m[39m [94mCOMMIT[0m

      at PlatformTools.logInfo (../src/platform/PlatformTools.ts:262:17)

    console.log
      [90m[4mquery:[24m[39m [94mSELECT[0m 
[37m"UserEntity"[0m[37m.[0m[37m"id"[0m [94mAS[0m 
[37m"UserEntity_id"[0m[37m,[0m 
[37m"UserEntity"[0m[37m.[0m[37m"name"[0m [94mAS[0m 
[37m"UserEntity_name"[0m[37m,[0m 
[37m"UserEntity"[0m[37m.[0m[37m"email"[0m [94mAS[0m 
[37m"UserEntity_email"[0m[37m,[0m 
[37m"UserEntity"[0m[37m.[0m[37m"role"[0m [94mAS[0m 
[37m"UserEntity_role"[0m[37m,[0m 
[37m"UserEntity"[0m[37m.[0m[37m"created_at"[0m [94mAS[0m 
[37m"UserEntity_created_at"[0m[37m,[0m 
[37m"UserEntity"[0m[37m.[0m[37m"updated_at"[0m [94mAS[0m 
[37m"UserEntity_updated_at"[0m [94mFROM[0m [37m"users"[0m 
[37m"UserEntity"[0m [94mWHERE[0m 
[37m([0m[37m([0m[37m"UserEntity"[0m[37m.[0m[37m"id"[0m [37m=[0m 
[37m$[0m[32m1[0m[37m)[0m[37m)[0m [94mLIMIT[0m [32m1[0m [90m-- 
PARAMETERS: ["862ffff5-d8d3-4870-89de-89f208428db9"][0m

      at PlatformTools.logInfo (../src/platform/PlatformTools.ts:262:17)

    console.log
      [90m[4mquery:[24m[39m [37mSTART[0m [37mTRANSACTION[0m

      at PlatformTools.logInfo (../src/platform/PlatformTools.ts:262:17)

    console.log
      [90m[4mquery:[24m[39m [94mINSERT INTO[0m 
[37m"tutors"[0m[37m([0m[37m"id"[0m[37m,[0m [37m"bio"[0m[37m,[0m 
[37m"subjects"[0m[37m,[0m [37m"rating"[0m[37m,[0m 
[37m"experienceYears"[0m[37m,[0m [37m"created_at"[0m[37m,[0m 
[37m"updated_at"[0m[37m,[0m [37m"userId"[0m[37m)[0m [94mVALUES[0m 
[37m([0m[94mDEFAULT[0m[37m,[0m [37m$[0m[32m1[0m[37m,[0m 
[94mDEFAULT[0m[37m,[0m [94mDEFAULT[0m[37m,[0m 
[94mDEFAULT[0m[37m,[0m [94mDEFAULT[0m[37m,[0m 
[94mDEFAULT[0m[37m,[0m [37m$[0m[32m2[0m[37m)[0m [94mRETURNING[0m 
[37m"id"[0m[37m,[0m [37m"created_at"[0m[37m,[0m [37m"updated_at"[0m 
[90m-- PARAMETERS: ["Bio test","862ffff5-d8d3-4870-89de-89f208428db9"][0m

      at PlatformTools.logInfo (../src/platform/PlatformTools.ts:262:17)

    console.log
      [90m[4mquery:[24m[39m [94mCOMMIT[0m

      at PlatformTools.logInfo (../src/platform/PlatformTools.ts:262:17)

    console.log
      [90m[4mquery:[24m[39m [94mSELECT DISTINCT[0m 
[37m"distinctAlias"[0m[37m.[0m[37m"TutorEntity_id"[0m [94mAS[0m 
[37m"ids_TutorEntity_id"[0m [94mFROM[0m [37m([0m[94mSELECT[0m 
[37m"TutorEntity"[0m[37m.[0m[37m"id"[0m [94mAS[0m 
[37m"TutorEntity_id"[0m[37m,[0m 
[37m"TutorEntity"[0m[37m.[0m[37m"bio"[0m [94mAS[0m 
[37m"TutorEntity_bio"[0m[37m,[0m 
[37m"TutorEntity"[0m[37m.[0m[37m"subjects"[0m [94mAS[0m 
[37m"TutorEntity_subjects"[0m[37m,[0m 
[37m"TutorEntity"[0m[37m.[0m[37m"rating"[0m [94mAS[0m 
[37m"TutorEntity_rating"[0m[37m,[0m 
[37m"TutorEntity"[0m[37m.[0m[37m"experienceYears"[0m [94mAS[0m 
[37m"TutorEntity_experienceYears"[0m[37m,[0m 
[37m"TutorEntity"[0m[37m.[0m[37m"created_at"[0m [94mAS[0m 
[37m"TutorEntity_created_at"[0m[37m,[0m 
[37m"TutorEntity"[0m[37m.[0m[37m"updated_at"[0m [94mAS[0m 
[37m"TutorEntity_updated_at"[0m[37m,[0m 
[37m"TutorEntity"[0m[37m.[0m[37m"userId"[0m [94mAS[0m 
[37m"TutorEntity_userId"[0m[37m,[0m 
[37m"TutorEntity__TutorEntity_user"[0m[37m.[0m[37m"id"[0m [94mAS[0m 
[37m"TutorEntity__TutorEntity_user_id"[0m[37m,[0m 
[37m"TutorEntity__TutorEntity_user"[0m[37m.[0m[37m"name"[0m [94mAS[0m 
[37m"TutorEntity__TutorEntity_user_name"[0m[37m,[0m 
[37m"TutorEntity__TutorEntity_user"[0m[37m.[0m[37m"email"[0m [94mAS[0m 
[37m"TutorEntity__TutorEntity_user_email"[0m[37m,[0m 
[37m"TutorEntity__TutorEntity_user"[0m[37m.[0m[37m"role"[0m [94mAS[0m 
[37m"TutorEntity__TutorEntity_user_role"[0m[37m,[0m 
[37m"TutorEntity__TutorEntity_user"[0m[37m.[0m[37m"created_at"[0m 
[94mAS[0m [37m"TutorEntity__TutorEntity_user_created_at"[0m[37m,[0m 
[37m"TutorEntity__TutorEntity_user"[0m[37m.[0m[37m"updated_at"[0m 
[94mAS[0m [37m"TutorEntity__TutorEntity_user_updated_at"[0m [94mFROM[0m 
[37m"tutors"[0m [37m"TutorEntity"[0m [94mLEFT JOIN[0m [37m"users"[0m 
[37m"TutorEntity__TutorEntity_user"[0m [94mON[0m [37m"TutorEntity__TutorEn
tity_user"[0m[37m.[0m[37m"id"[0m[37m=[0m[37m"TutorEntity"[0m[37m.[0m
[37m"userId"[0m [94mWHERE[0m 
[37m([0m[37m([0m[37m"TutorEntity"[0m[37m.[0m[37m"id"[0m [37m=[0m 
[37m$[0m[32m1[0m[37m)[0m[37m)[0m[37m)[0m [37m"distinctAlias"[0m 
[94mORDER BY[0m [37m"TutorEntity_id"[0m [94mASC[0m [94mLIMIT[0m 
[32m1[0m [90m-- PARAMETERS: ["04762bf1-2e0f-4dbe-a17f-c99ad50e93e4"][0m

      at PlatformTools.logInfo (../src/platform/PlatformTools.ts:262:17)

    console.log
      [90m[4mquery:[24m[39m [94mSELECT[0m 
[37m"TutorEntity"[0m[37m.[0m[37m"id"[0m [94mAS[0m 
[37m"TutorEntity_id"[0m[37m,[0m 
[37m"TutorEntity"[0m[37m.[0m[37m"bio"[0m [94mAS[0m 
[37m"TutorEntity_bio"[0m[37m,[0m 
[37m"TutorEntity"[0m[37m.[0m[37m"subjects"[0m [94mAS[0m 
[37m"TutorEntity_subjects"[0m[37m,[0m 
[37m"TutorEntity"[0m[37m.[0m[37m"rating"[0m [94mAS[0m 
[37m"TutorEntity_rating"[0m[37m,[0m 
[37m"TutorEntity"[0m[37m.[0m[37m"experienceYears"[0m [94mAS[0m 
[37m"TutorEntity_experienceYears"[0m[37m,[0m 
[37m"TutorEntity"[0m[37m.[0m[37m"created_at"[0m [94mAS[0m 
[37m"TutorEntity_created_at"[0m[37m,[0m 
[37m"TutorEntity"[0m[37m.[0m[37m"updated_at"[0m [94mAS[0m 
[37m"TutorEntity_updated_at"[0m[37m,[0m 
[37m"TutorEntity"[0m[37m.[0m[37m"userId"[0m [94mAS[0m 
[37m"TutorEntity_userId"[0m[37m,[0m 
[37m"TutorEntity__TutorEntity_user"[0m[37m.[0m[37m"id"[0m [94mAS[0m 
[37m"TutorEntity__TutorEntity_user_id"[0m[37m,[0m 
[37m"TutorEntity__TutorEntity_user"[0m[37m.[0m[37m"name"[0m [94mAS[0m 
[37m"TutorEntity__TutorEntity_user_name"[0m[37m,[0m 
[37m"TutorEntity__TutorEntity_user"[0m[37m.[0m[37m"email"[0m [94mAS[0m 
[37m"TutorEntity__TutorEntity_user_email"[0m[37m,[0m 
[37m"TutorEntity__TutorEntity_user"[0m[37m.[0m[37m"role"[0m [94mAS[0m 
[37m"TutorEntity__TutorEntity_user_role"[0m[37m,[0m 
[37m"TutorEntity__TutorEntity_user"[0m[37m.[0m[37m"created_at"[0m 
[94mAS[0m [37m"TutorEntity__TutorEntity_user_created_at"[0m[37m,[0m 
[37m"TutorEntity__TutorEntity_user"[0m[37m.[0m[37m"updated_at"[0m 
[94mAS[0m [37m"TutorEntity__TutorEntity_user_updated_at"[0m [94mFROM[0m 
[37m"tutors"[0m [37m"TutorEntity"[0m [94mLEFT JOIN[0m [37m"users"[0m 
[37m"TutorEntity__TutorEntity_user"[0m [94mON[0m [37m"TutorEntity__TutorEn
tity_user"[0m[37m.[0m[37m"id"[0m[37m=[0m[37m"TutorEntity"[0m[37m.[0m
[37m"userId"[0m [94mWHERE[0m [37m([0m 
[37m([0m[37m([0m[37m"TutorEntity"[0m[37m.[0m[37m"id"[0m [37m=[0m 
[37m$[0m[32m1[0m[37m)[0m[37m)[0m [37m)[0m [94mAND[0m [37m([0m 
[37m"TutorEntity"[0m[37m.[0m[37m"id"[0m [94mIN[0m 
[37m([0m[37m$[0m[32m2[0m[37m)[0m [37m)[0m [90m-- PARAMETERS: ["04762
bf1-2e0f-4dbe-a17f-c99ad50e93e4","04762bf1-2e0f-4dbe-a17f-c99ad50e93e4"][0m

      at PlatformTools.logInfo (../src/platform/PlatformTools.ts:262:17)

    console.log
      [90m[4mquery:[24m[39m [94mSELECT[0m 
[37m"TutorEntity"[0m[37m.[0m[37m"id"[0m [94mAS[0m 
[37m"TutorEntity_id"[0m[37m,[0m 
[37m"TutorEntity"[0m[37m.[0m[37m"bio"[0m [94mAS[0m 
[37m"TutorEntity_bio"[0m[37m,[0m 
[37m"TutorEntity"[0m[37m.[0m[37m"subjects"[0m [94mAS[0m 
[37m"TutorEntity_subjects"[0m[37m,[0m 
[37m"TutorEntity"[0m[37m.[0m[37m"rating"[0m [94mAS[0m 
[37m"TutorEntity_rating"[0m[37m,[0m 
[37m"TutorEntity"[0m[37m.[0m[37m"experienceYears"[0m [94mAS[0m 
[37m"TutorEntity_experienceYears"[0m[37m,[0m 
[37m"TutorEntity"[0m[37m.[0m[37m"created_at"[0m [94mAS[0m 
[37m"TutorEntity_created_at"[0m[37m,[0m 
[37m"TutorEntity"[0m[37m.[0m[37m"updated_at"[0m [94mAS[0m 
[37m"TutorEntity_updated_at"[0m[37m,[0m 
[37m"TutorEntity"[0m[37m.[0m[37m"userId"[0m [94mAS[0m 
[37m"TutorEntity_userId"[0m [94mFROM[0m [37m"tutors"[0m 
[37m"TutorEntity"[0m [94mWHERE[0m 
[37m"TutorEntity"[0m[37m.[0m[37m"id"[0m [94mIN[0m 
[37m([0m[37m$[0m[32m1[0m[37m)[0m [90m-- PARAMETERS: 
["04762bf1-2e0f-4dbe-a17f-c99ad50e93e4"][0m

      at PlatformTools.logInfo (../src/platform/PlatformTools.ts:262:17)
          at async Promise.all (index 0)
          at async Promise.all (index 0)

    console.log
      [90m[4mquery:[24m[39m [37mSTART[0m [37mTRANSACTION[0m

      at PlatformTools.logInfo (../src/platform/PlatformTools.ts:262:17)

    console.log
      [90m[4mquery:[24m[39m [94mDELETE[0m [94mFROM[0m 
[37m"tutors"[0m [94mWHERE[0m [37m"id"[0m [37m=[0m [37m$[0m[32m1[0m 
[90m-- PARAMETERS: ["04762bf1-2e0f-4dbe-a17f-c99ad50e93e4"][0m

      at PlatformTools.logInfo (../src/platform/PlatformTools.ts:262:17)

    console.log
      [90m[4mquery:[24m[39m [94mCOMMIT[0m

      at PlatformTools.logInfo (../src/platform/PlatformTools.ts:262:17)

    console.log
      [90m[4mquery:[24m[39m [94mSELECT DISTINCT[0m 
[37m"distinctAlias"[0m[37m.[0m[37m"TutorEntity_id"[0m [94mAS[0m 
[37m"ids_TutorEntity_id"[0m [94mFROM[0m [37m([0m[94mSELECT[0m 
[37m"TutorEntity"[0m[37m.[0m[37m"id"[0m [94mAS[0m 
[37m"TutorEntity_id"[0m[37m,[0m 
[37m"TutorEntity"[0m[37m.[0m[37m"bio"[0m [94mAS[0m 
[37m"TutorEntity_bio"[0m[37m,[0m 
[37m"TutorEntity"[0m[37m.[0m[37m"subjects"[0m [94mAS[0m 
[37m"TutorEntity_subjects"[0m[37m,[0m 
[37m"TutorEntity"[0m[37m.[0m[37m"rating"[0m [94mAS[0m 
[37m"TutorEntity_rating"[0m[37m,[0m 
[37m"TutorEntity"[0m[37m.[0m[37m"experienceYears"[0m [94mAS[0m 
[37m"TutorEntity_experienceYears"[0m[37m,[0m 
[37m"TutorEntity"[0m[37m.[0m[37m"created_at"[0m [94mAS[0m 
[37m"TutorEntity_created_at"[0m[37m,[0m 
[37m"TutorEntity"[0m[37m.[0m[37m"updated_at"[0m [94mAS[0m 
[37m"TutorEntity_updated_at"[0m[37m,[0m 
[37m"TutorEntity"[0m[37m.[0m[37m"userId"[0m [94mAS[0m 
[37m"TutorEntity_userId"[0m[37m,[0m 
[37m"TutorEntity__TutorEntity_user"[0m[37m.[0m[37m"id"[0m [94mAS[0m 
[37m"TutorEntity__TutorEntity_user_id"[0m[37m,[0m 
[37m"TutorEntity__TutorEntity_user"[0m[37m.[0m[37m"name"[0m [94mAS[0m 
[37m"TutorEntity__TutorEntity_user_name"[0m[37m,[0m 
[37m"TutorEntity__TutorEntity_user"[0m[37m.[0m[37m"email"[0m [94mAS[0m 
[37m"TutorEntity__TutorEntity_user_email"[0m[37m,[0m 
[37m"TutorEntity__TutorEntity_user"[0m[37m.[0m[37m"role"[0m [94mAS[0m 
[37m"TutorEntity__TutorEntity_user_role"[0m[37m,[0m 
[37m"TutorEntity__TutorEntity_user"[0m[37m.[0m[37m"created_at"[0m 
[94mAS[0m [37m"TutorEntity__TutorEntity_user_created_at"[0m[37m,[0m 
[37m"TutorEntity__TutorEntity_user"[0m[37m.[0m[37m"updated_at"[0m 
[94mAS[0m [37m"TutorEntity__TutorEntity_user_updated_at"[0m [94mFROM[0m 
[37m"tutors"[0m [37m"TutorEntity"[0m [94mLEFT JOIN[0m [37m"users"[0m 
[37m"TutorEntity__TutorEntity_user"[0m [94mON[0m [37m"TutorEntity__TutorEn
tity_user"[0m[37m.[0m[37m"id"[0m[37m=[0m[37m"TutorEntity"[0m[37m.[0m
[37m"userId"[0m [94mWHERE[0m 
[37m([0m[37m([0m[37m"TutorEntity"[0m[37m.[0m[37m"id"[0m [37m=[0m 
[37m$[0m[32m1[0m[37m)[0m[37m)[0m[37m)[0m [37m"distinctAlias"[0m 
[94mORDER BY[0m [37m"TutorEntity_id"[0m [94mASC[0m [94mLIMIT[0m 
[32m1[0m [90m-- PARAMETERS: ["04762bf1-2e0f-4dbe-a17f-c99ad50e93e4"][0m

      at PlatformTools.logInfo (../src/platform/PlatformTools.ts:262:17)

    console.log
      [90m[4mquery:[24m[39m [94mSELECT DISTINCT[0m 
[37m"distinctAlias"[0m[37m.[0m[37m"TutorEntity_id"[0m [94mAS[0m 
[37m"ids_TutorEntity_id"[0m [94mFROM[0m [37m([0m[94mSELECT[0m 
[37m"TutorEntity"[0m[37m.[0m[37m"id"[0m [94mAS[0m 
[37m"TutorEntity_id"[0m[37m,[0m 
[37m"TutorEntity"[0m[37m.[0m[37m"bio"[0m [94mAS[0m 
[37m"TutorEntity_bio"[0m[37m,[0m 
[37m"TutorEntity"[0m[37m.[0m[37m"subjects"[0m [94mAS[0m 
[37m"TutorEntity_subjects"[0m[37m,[0m 
[37m"TutorEntity"[0m[37m.[0m[37m"rating"[0m [94mAS[0m 
[37m"TutorEntity_rating"[0m[37m,[0m 
[37m"TutorEntity"[0m[37m.[0m[37m"experienceYears"[0m [94mAS[0m 
[37m"TutorEntity_experienceYears"[0m[37m,[0m 
[37m"TutorEntity"[0m[37m.[0m[37m"created_at"[0m [94mAS[0m 
[37m"TutorEntity_created_at"[0m[37m,[0m 
[37m"TutorEntity"[0m[37m.[0m[37m"updated_at"[0m [94mAS[0m 
[37m"TutorEntity_updated_at"[0m[37m,[0m 
[37m"TutorEntity"[0m[37m.[0m[37m"userId"[0m [94mAS[0m 
[37m"TutorEntity_userId"[0m[37m,[0m 
[37m"TutorEntity__TutorEntity_user"[0m[37m.[0m[37m"id"[0m [94mAS[0m 
[37m"TutorEntity__TutorEntity_user_id"[0m[37m,[0m 
[37m"TutorEntity__TutorEntity_user"[0m[37m.[0m[37m"name"[0m [94mAS[0m 
[37m"TutorEntity__TutorEntity_user_name"[0m[37m,[0m 
[37m"TutorEntity__TutorEntity_user"[0m[37m.[0m[37m"email"[0m [94mAS[0m 
[37m"TutorEntity__TutorEntity_user_email"[0m[37m,[0m 
[37m"TutorEntity__TutorEntity_user"[0m[37m.[0m[37m"role"[0m [94mAS[0m 
[37m"TutorEntity__TutorEntity_user_role"[0m[37m,[0m 
[37m"TutorEntity__TutorEntity_user"[0m[37m.[0m[37m"created_at"[0m 
[94mAS[0m [37m"TutorEntity__TutorEntity_user_created_at"[0m[37m,[0m 
[37m"TutorEntity__TutorEntity_user"[0m[37m.[0m[37m"updated_at"[0m 
[94mAS[0m [37m"TutorEntity__TutorEntity_user_updated_at"[0m [94mFROM[0m 
[37m"tutors"[0m [37m"TutorEntity"[0m [94mLEFT JOIN[0m [37m"users"[0m 
[37m"TutorEntity__TutorEntity_user"[0m [94mON[0m [37m"TutorEntity__TutorEn
tity_user"[0m[37m.[0m[37m"id"[0m[37m=[0m[37m"TutorEntity"[0m[37m.[0m
[37m"userId"[0m [94mWHERE[0m 
[37m([0m[37m([0m[37m"TutorEntity"[0m[37m.[0m[37m"id"[0m [37m=[0m 
[37m$[0m[32m1[0m[37m)[0m[37m)[0m[37m)[0m [37m"distinctAlias"[0m 
[94mORDER BY[0m [37m"TutorEntity_id"[0m [94mASC[0m [94mLIMIT[0m 
[32m1[0m [90m-- PARAMETERS: ["00000000-0000-0000-0000-000000000000"][0m

      at PlatformTools.logInfo (../src/platform/PlatformTools.ts:262:17)


Test Suites: 1 failed, 2 passed, 3 total
Tests:       1 failed, 30 passed, 31 total
Snapshots:   0 total
Time:        5.807 s
Ran all test suites.
